Archive member included to satisfy reference by file (symbol)

C:/ST/STM32CubeIDE_1.10.1/STM32CubeIDE/plugins/com.st.stm32cube.ide.mcu.externaltools.gnu-tools-for-stm32.12.3.rel1.win32_1.0.100.202403111256/tools/bin/../lib/gcc/arm-none-eabi/12.3.1/../../../../arm-none-eabi/lib/thumb/v7-m/nofp\libc_nano.a(libc_a-exit.o)
                              C:/ST/STM32CubeIDE_1.10.1/STM32CubeIDE/plugins/com.st.stm32cube.ide.mcu.externaltools.gnu-tools-for-stm32.12.3.rel1.win32_1.0.100.202403111256/tools/bin/../lib/gcc/arm-none-eabi/12.3.1/../../../../arm-none-eabi/lib/thumb/v7-m/nofp/crt0.o (exit)
C:/ST/STM32CubeIDE_1.10.1/STM32CubeIDE/plugins/com.st.stm32cube.ide.mcu.externaltools.gnu-tools-for-stm32.12.3.rel1.win32_1.0.100.202403111256/tools/bin/../lib/gcc/arm-none-eabi/12.3.1/../../../../arm-none-eabi/lib/thumb/v7-m/nofp\libc_nano.a(libc_a-findfp.o)
                              C:/ST/STM32CubeIDE_1.10.1/STM32CubeIDE/plugins/com.st.stm32cube.ide.mcu.externaltools.gnu-tools-for-stm32.12.3.rel1.win32_1.0.100.202403111256/tools/bin/../lib/gcc/arm-none-eabi/12.3.1/../../../../arm-none-eabi/lib/thumb/v7-m/nofp\libc_nano.a(libc_a-exit.o) (__stdio_exit_handler)
C:/ST/STM32CubeIDE_1.10.1/STM32CubeIDE/plugins/com.st.stm32cube.ide.mcu.externaltools.gnu-tools-for-stm32.12.3.rel1.win32_1.0.100.202403111256/tools/bin/../lib/gcc/arm-none-eabi/12.3.1/../../../../arm-none-eabi/lib/thumb/v7-m/nofp\libc_nano.a(libc_a-fwalk.o)
                              C:/ST/STM32CubeIDE_1.10.1/STM32CubeIDE/plugins/com.st.stm32cube.ide.mcu.externaltools.gnu-tools-for-stm32.12.3.rel1.win32_1.0.100.202403111256/tools/bin/../lib/gcc/arm-none-eabi/12.3.1/../../../../arm-none-eabi/lib/thumb/v7-m/nofp\libc_nano.a(libc_a-findfp.o) (_fwalk_sglue)
C:/ST/STM32CubeIDE_1.10.1/STM32CubeIDE/plugins/com.st.stm32cube.ide.mcu.externaltools.gnu-tools-for-stm32.12.3.rel1.win32_1.0.100.202403111256/tools/bin/../lib/gcc/arm-none-eabi/12.3.1/../../../../arm-none-eabi/lib/thumb/v7-m/nofp\libc_nano.a(libc_a-stdio.o)
                              C:/ST/STM32CubeIDE_1.10.1/STM32CubeIDE/plugins/com.st.stm32cube.ide.mcu.externaltools.gnu-tools-for-stm32.12.3.rel1.win32_1.0.100.202403111256/tools/bin/../lib/gcc/arm-none-eabi/12.3.1/../../../../arm-none-eabi/lib/thumb/v7-m/nofp\libc_nano.a(libc_a-findfp.o) (__sread)
C:/ST/STM32CubeIDE_1.10.1/STM32CubeIDE/plugins/com.st.stm32cube.ide.mcu.externaltools.gnu-tools-for-stm32.12.3.rel1.win32_1.0.100.202403111256/tools/bin/../lib/gcc/arm-none-eabi/12.3.1/../../../../arm-none-eabi/lib/thumb/v7-m/nofp\libc_nano.a(libc_a-vsprintf.o)
                              ./Core/Src/main.o (vsprintf)
C:/ST/STM32CubeIDE_1.10.1/STM32CubeIDE/plugins/com.st.stm32cube.ide.mcu.externaltools.gnu-tools-for-stm32.12.3.rel1.win32_1.0.100.202403111256/tools/bin/../lib/gcc/arm-none-eabi/12.3.1/../../../../arm-none-eabi/lib/thumb/v7-m/nofp\libc_nano.a(libc_a-memset.o)
                              C:/ST/STM32CubeIDE_1.10.1/STM32CubeIDE/plugins/com.st.stm32cube.ide.mcu.externaltools.gnu-tools-for-stm32.12.3.rel1.win32_1.0.100.202403111256/tools/bin/../lib/gcc/arm-none-eabi/12.3.1/../../../../arm-none-eabi/lib/thumb/v7-m/nofp/crt0.o (memset)
C:/ST/STM32CubeIDE_1.10.1/STM32CubeIDE/plugins/com.st.stm32cube.ide.mcu.externaltools.gnu-tools-for-stm32.12.3.rel1.win32_1.0.100.202403111256/tools/bin/../lib/gcc/arm-none-eabi/12.3.1/../../../../arm-none-eabi/lib/thumb/v7-m/nofp\libc_nano.a(libc_a-closer.o)
                              C:/ST/STM32CubeIDE_1.10.1/STM32CubeIDE/plugins/com.st.stm32cube.ide.mcu.externaltools.gnu-tools-for-stm32.12.3.rel1.win32_1.0.100.202403111256/tools/bin/../lib/gcc/arm-none-eabi/12.3.1/../../../../arm-none-eabi/lib/thumb/v7-m/nofp\libc_nano.a(libc_a-stdio.o) (_close_r)
C:/ST/STM32CubeIDE_1.10.1/STM32CubeIDE/plugins/com.st.stm32cube.ide.mcu.externaltools.gnu-tools-for-stm32.12.3.rel1.win32_1.0.100.202403111256/tools/bin/../lib/gcc/arm-none-eabi/12.3.1/../../../../arm-none-eabi/lib/thumb/v7-m/nofp\libc_nano.a(libc_a-reent.o)
                              C:/ST/STM32CubeIDE_1.10.1/STM32CubeIDE/plugins/com.st.stm32cube.ide.mcu.externaltools.gnu-tools-for-stm32.12.3.rel1.win32_1.0.100.202403111256/tools/bin/../lib/gcc/arm-none-eabi/12.3.1/../../../../arm-none-eabi/lib/thumb/v7-m/nofp\libc_nano.a(libc_a-closer.o) (errno)
C:/ST/STM32CubeIDE_1.10.1/STM32CubeIDE/plugins/com.st.stm32cube.ide.mcu.externaltools.gnu-tools-for-stm32.12.3.rel1.win32_1.0.100.202403111256/tools/bin/../lib/gcc/arm-none-eabi/12.3.1/../../../../arm-none-eabi/lib/thumb/v7-m/nofp\libc_nano.a(libc_a-impure.o)
                              C:/ST/STM32CubeIDE_1.10.1/STM32CubeIDE/plugins/com.st.stm32cube.ide.mcu.externaltools.gnu-tools-for-stm32.12.3.rel1.win32_1.0.100.202403111256/tools/bin/../lib/gcc/arm-none-eabi/12.3.1/../../../../arm-none-eabi/lib/thumb/v7-m/nofp\libc_nano.a(libc_a-vsprintf.o) (_impure_ptr)
[...]
Memory Configuration

Name             Origin             Length             Attributes
RAM              0x20000000         0x00005000         xrw
FLASH            0x08000000         0x00010000         xr
*default*        0x00000000         0xffffffff

Linker script and memory map

LOAD C:/ST/STM32CubeIDE_1.10.1/STM32CubeIDE/plugins/com.st.stm32cube.ide.mcu.externaltools.gnu-tools-for-stm32.12.3.rel1.win32_1.0.100.202403111256/tools/bin/../lib/gcc/arm-none-eabi/12.3.1/thumb/v7-m/nofp/crti.o
LOAD C:/ST/STM32CubeIDE_1.10.1/STM32CubeIDE/plugins/com.st.stm32cube.ide.mcu.externaltools.gnu-tools-for-stm32.12.3.rel1.win32_1.0.100.202403111256/tools/bin/../lib/gcc/arm-none-eabi/12.3.1/thumb/v7-m/nofp/crtbegin.o
LOAD C:/ST/STM32CubeIDE_1.10.1/STM32CubeIDE/plugins/com.st.stm32cube.ide.mcu.externaltools.gnu-tools-for-stm32.12.3.rel1.win32_1.0.100.202403111256/tools/bin/../lib/gcc/arm-none-eabi/12.3.1/../../../../arm-none-eabi/lib/thumb/v7-m/nofp/crt0.o
LOAD ./Core/Src/DIO.o
LOAD ./Core/Src/main.o
LOAD ./Core/Src/stm32f1xx_hal_msp.o
LOAD ./Core/Src/stm32f1xx_it.o
LOAD ./Core/Src/swo_debug.o
LOAD ./Core/Src/syscalls.o
LOAD ./Core/Src/sysmem.o
LOAD ./Core/Src/system_stm32f1xx.o
LOAD ./Core/Startup/startup_stm32f103c8tx.o
LOAD ./Drivers/STM32F1xx_HAL_Driver/Src/stm32f1xx_hal.o
LOAD ./Drivers/STM32F1xx_HAL_Driver/Src/stm32f1xx_hal_cortex.o
LOAD ./Drivers/STM32F1xx_HAL_Driver/Src/stm32f1xx_hal_dma.o
LOAD ./Drivers/STM32F1xx_HAL_Driver/Src/stm32f1xx_hal_exti.o
LOAD ./Drivers/STM32F1xx_HAL_Driver/Src/stm32f1xx_hal_flash.o
LOAD ./Drivers/STM32F1xx_HAL_Driver/Src/stm32f1xx_hal_flash_ex.o
LOAD ./Drivers/STM32F1xx_HAL_Driver/Src/stm32f1xx_hal_gpio.o
LOAD ./Drivers/STM32F1xx_HAL_Driver/Src/stm32f1xx_hal_gpio_ex.o
LOAD ./Drivers/STM32F1xx_HAL_Driver/Src/stm32f1xx_hal_pcd.o
LOAD ./Drivers/STM32F1xx_HAL_Driver/Src/stm32f1xx_hal_pcd_ex.o
LOAD ./Drivers/STM32F1xx_HAL_Driver/Src/stm32f1xx_hal_pwr.o
LOAD ./Drivers/STM32F1xx_HAL_Driver/Src/stm32f1xx_hal_rcc.o
LOAD ./Drivers/STM32F1xx_HAL_Driver/Src/stm32f1xx_hal_rcc_ex.o
LOAD ./Drivers/STM32F1xx_HAL_Driver/Src/stm32f1xx_hal_tim.o
LOAD ./Drivers/STM32F1xx_HAL_Driver/Src/stm32f1xx_hal_tim_ex.o
LOAD ./Drivers/STM32F1xx_HAL_Driver/Src/stm32f1xx_ll_usb.o
LOAD ./Micrium/Software/uC-CPU/ARM-Cortex-M/ARMv7-M/GNU/cpu_a.o
LOAD ./Micrium/Software/uC-CPU/ARM-Cortex-M/ARMv7-M/cpu_c.o
LOAD ./Micrium/Software/uC-CPU/cpu_core.o
LOAD ./Micrium/Software/uC-LIB/lib_ascii.o
LOAD ./Micrium/Software/uC-LIB/lib_math.o
LOAD ./Micrium/Software/uC-LIB/lib_mem.o
LOAD ./Micrium/Software/uC-LIB/lib_str.o
LOAD ./Micrium/Software/uCOS-II/Ports/ARM-Cortex-M/ARMv7-M/GNU/os_cpu_a.o
LOAD ./Micrium/Software/uCOS-II/Ports/ARM-Cortex-M/ARMv7-M/GNU/os_dbg.o
LOAD ./Micrium/Software/uCOS-II/Ports/ARM-Cortex-M/ARMv7-M/os_cpu_c.o
LOAD ./Micrium/Software/uCOS-II/Source/os_core.o
LOAD ./Micrium/Software/uCOS-II/Source/os_flag.o
LOAD ./Micrium/Software/uCOS-II/Source/os_mbox.o
LOAD ./Micrium/Software/uCOS-II/Source/os_mem.o
LOAD ./Micrium/Software/uCOS-II/Source/os_mutex.o
LOAD ./Micrium/Software/uCOS-II/Source/os_q.o
LOAD ./Micrium/Software/uCOS-II/Source/os_sem.o
LOAD ./Micrium/Software/uCOS-II/Source/os_task.o
LOAD ./Micrium/Software/uCOS-II/Source/os_time.o
LOAD ./Micrium/Software/uCOS-II/Source/os_tmr.o
LOAD ./Micrium/Template/OS2/app_hooks.o
LOAD ./Middlewares/ST/STM32_USB_Device_Library/Class/CDC/Src/usbd_cdc.o
LOAD ./Middlewares/ST/STM32_USB_Device_Library/Core/Src/usbd_core.o
LOAD ./Middlewares/ST/STM32_USB_Device_Library/Core/Src/usbd_ctlreq.o
LOAD ./Middlewares/ST/STM32_USB_Device_Library/Core/Src/usbd_ioreq.o
LOAD ./USB_DEVICE/App/usb_device.o
LOAD ./USB_DEVICE/App/usbd_cdc_if.o
LOAD ./USB_DEVICE/App/usbd_desc.o
LOAD ./USB_DEVICE/Target/usbd_conf.o
START GROUP
LOAD C:/ST/STM32CubeIDE_1.10.1/STM32CubeIDE/plugins/com.st.stm32cube.ide.mcu.externaltools.gnu-tools-for-stm32.12.3.rel1.win32_1.0.100.202403111256/tools/bin/../lib/gcc/arm-none-eabi/12.3.1/../../../../arm-none-eabi/lib/thumb/v7-m/nofp\libc_nano.a
LOAD C:/ST/STM32CubeIDE_1.10.1/STM32CubeIDE/plugins/com.st.stm32cube.ide.mcu.externaltools.gnu-tools-for-stm32.12.3.rel1.win32_1.0.100.202403111256/tools/bin/../lib/gcc/arm-none-eabi/12.3.1/../../../../arm-none-eabi/lib/thumb/v7-m/nofp\libm.a
END GROUP
START GROUP
LOAD C:/ST/STM32CubeIDE_1.10.1/STM32CubeIDE/plugins/com.st.stm32cube.ide.mcu.externaltools.gnu-tools-for-stm32.12.3.rel1.win32_1.0.100.202403111256/tools/bin/../lib/gcc/arm-none-eabi/12.3.1/thumb/v7-m/nofp\libgcc.a
LOAD C:/ST/STM32CubeIDE_1.10.1/STM32CubeIDE/plugins/com.st.stm32cube.ide.mcu.externaltools.gnu-tools-for-stm32.12.3.rel1.win32_1.0.100.202403111256/tools/bin/../lib/gcc/arm-none-eabi/12.3.1/../../../../arm-none-eabi/lib/thumb/v7-m/nofp\libc_nano.a
END GROUP
START GROUP
LOAD C:/ST/STM32CubeIDE_1.10.1/STM32CubeIDE/plugins/com.st.stm32cube.ide.mcu.externaltools.gnu-tools-for-stm32.12.3.rel1.win32_1.0.100.202403111256/tools/bin/../lib/gcc/arm-none-eabi/12.3.1/thumb/v7-m/nofp\libgcc.a
LOAD C:/ST/STM32CubeIDE_1.10.1/STM32CubeIDE/plugins/com.st.stm32cube.ide.mcu.externaltools.gnu-tools-for-stm32.12.3.rel1.win32_1.0.100.202403111256/tools/bin/../lib/gcc/arm-none-eabi/12.3.1/../../../../arm-none-eabi/lib/thumb/v7-m/nofp\libc_nano.a
LOAD C:/ST/STM32CubeIDE_1.10.1/STM32CubeIDE/plugins/com.st.stm32cube.ide.mcu.externaltools.gnu-tools-for-stm32.12.3.rel1.win32_1.0.100.202403111256/tools/bin/../lib/gcc/arm-none-eabi/12.3.1/../../../../arm-none-eabi/lib/thumb/v7-m/nofp\libnosys.a
END GROUP
START GROUP
LOAD C:/ST/STM32CubeIDE_1.10.1/STM32CubeIDE/plugins/com.st.stm32cube.ide.mcu.externaltools.gnu-tools-for-stm32.12.3.rel1.win32_1.0.100.202403111256/tools/bin/../lib/gcc/arm-none-eabi/12.3.1/thumb/v7-m/nofp\libgcc.a
LOAD C:/ST/STM32CubeIDE_1.10.1/STM32CubeIDE/plugins/com.st.stm32cube.ide.mcu.externaltools.gnu-tools-for-stm32.12.3.rel1.win32_1.0.100.202403111256/tools/bin/../lib/gcc/arm-none-eabi/12.3.1/../../../../arm-none-eabi/lib/thumb/v7-m/nofp\libc_nano.a
LOAD C:/ST/STM32CubeIDE_1.10.1/STM32CubeIDE/plugins/com.st.stm32cube.ide.mcu.externaltools.gnu-tools-for-stm32.12.3.rel1.win32_1.0.100.202403111256/tools/bin/../lib/gcc/arm-none-eabi/12.3.1/../../../../arm-none-eabi/lib/thumb/v7-m/nofp\libnosys.a
END GROUP
LOAD C:/ST/STM32CubeIDE_1.10.1/STM32CubeIDE/plugins/com.st.stm32cube.ide.mcu.externaltools.gnu-tools-for-stm32.12.3.rel1.win32_1.0.100.202403111256/tools/bin/../lib/gcc/arm-none-eabi/12.3.1/thumb/v7-m/nofp/crtend.o
LOAD C:/ST/STM32CubeIDE_1.10.1/STM32CubeIDE/plugins/com.st.stm32cube.ide.mcu.externaltools.gnu-tools-for-stm32.12.3.rel1.win32_1.0.100.202403111256/tools/bin/../lib/gcc/arm-none-eabi/12.3.1/thumb/v7-m/nofp/crtn.o
                0x20005000                        _estack = (ORIGIN (RAM) + LENGTH (RAM))
                0x00000200                        _Min_Heap_Size = 0x200
                0x00000400                        _Min_Stack_Size = 0x400

.isr_vector     0x08000000      0x10c
                0x08000000                        . = ALIGN (0x4)
 *(.isr_vector)
 .isr_vector    0x08000000      0x10c ./Core/Startup/startup_stm32f103c8tx.o
                0x08000000                g_pfnVectors
                0x0800010c                        . = ALIGN (0x4)

.text           0x0800010c     0xb1ac
                0x0800010c                        . = ALIGN (0x4)
 *(.text)
 .text          0x0800010c       0x40 C:/ST/STM32CubeIDE_1.10.1/STM32CubeIDE/plugins/com.st.stm32cube.ide.mcu.externaltools.gnu-tools-for-stm32.12.3.rel1.win32_1.0.100.202403111256/tools/bin/../lib/gcc/arm-none-eabi/12.3.1/thumb/v7-m/nofp/crtbegin.o
 .text          0x0800014c       0x54 ./Micrium/Software/uC-CPU/ARM-Cortex-M/ARMv7-M/GNU/cpu_a.o
                0x0800014c                CPU_IntDis
                0x08000150                CPU_IntEn
                0x08000154                CPU_SR_Save
                0x08000170                CPU_SR_Restore
                0x08000182                CPU_WaitForInt
                0x08000186                CPU_WaitForExcept
                0x0800018a                CPU_CntLeadZeros
                0x08000190                CPU_CntTrailZeros
                0x0800019a                CPU_RevBits
 .text          0x080001a0      0x12c ./Micrium/Software/uCOS-II/Ports/ARM-Cortex-M/ARMv7-M/GNU/os_cpu_a.o
                0x080001a0                OS_CPU_SR_Save
                0x080001bc                OS_CPU_SR_Restore
                0x080001ce                OSStartHighRdy
                0x0800024e                OSIntCtxSw
                0x0800024e                OSCtxSw
                0x08000258                OS_CPU_PendSVHandler
 .text          0x080002cc       0x10 C:/ST/STM32CubeIDE_1.10.1/STM32CubeIDE/plugins/com.st.stm32cube.ide.mcu.externaltools.gnu-tools-for-stm32.12.3.rel1.win32_1.0.100.202403111256/tools/bin/../lib/gcc/arm-none-eabi/12.3.1/../../../../arm-none-eabi/lib/thumb/v7-m/nofp\libc_nano.a(libc_a-strlen.o)
                0x080002cc                strlen
 *(.text*)
 .text.DIGet    0x080002dc       0x38 ./Core/Src/DIO.o
                0x080002dc                DIGet
 .text.DIUpdate
                0x08000314      0x108 ./Core/Src/DIO.o
 .text.DIOInit  0x0800041c       0x90 ./Core/Src/DIO.o
                0x0800041c                DIOInit
 .text.DIOTask  0x080004ac       0x22 ./Core/Src/DIO.o
 *fill*         0x080004ce        0x2 
 .text.DOSet    0x080004d0       0x40 ./Core/Src/DIO.o
                0x080004d0                DOSet
 .text.DOUpdate
                0x08000510       0x8c ./Core/Src/DIO.o
 .text.DIOInitIO
                0x0800059c        0xc ./Core/Src/DIO.o
                0x0800059c                DIOInitIO
 .text.DIRd     0x080005a8       0x58 ./Core/Src/DIO.o
                0x080005a8                DIRd
 .text.inp      0x08000600       0x70 ./Core/Src/DIO.o
 .text.DOWr     0x08000670       0x5c ./Core/Src/DIO.o
                0x08000670                DOWr
 .text.outp     0x080006cc       0x1c ./Core/Src/DIO.o
 .text.main     0x080006e8      0x1b4 ./Core/Src/main.o
                0x080006e8                main
 .text.SystemClock_Config
                0x0800089c       0xb4 ./Core/Src/main.o
                0x0800089c                SystemClock_Config
 .text.MX_GPIO_Init
                0x08000950      0x10c ./Core/Src/main.o
 .text.HAL_InitTick
                0x08000a5c       0x14 ./Core/Src/main.o
                0x08000a5c                HAL_InitTick
 .text.HAL_GetTick
                0x08000a70       0x16 ./Core/Src/main.o
                0x08000a70                HAL_GetTick
 *fill*         0x08000a86        0x2 
 .text.StartupTask
                0x08000a88      0x100 ./Core/Src/main.o
 .text.MensajeUSB
                0x08000b88       0x26 ./Core/Src/main.o
 *fill*         0x08000bae        0x2 
 .text.SenoGenerador
                0x08000bb0      0x134 ./Core/Src/main.o
 .text.Secuencia1
                0x08000ce4      0x10c ./Core/Src/main.o
 .text.Secuencia2
                0x08000df0      0x158 ./Core/Src/main.o
 .text.Secuencia3
                0x08000f48      0x154 ./Core/Src/main.o
 .text.UsbPrintf
                0x0800109c       0x46 ./Core/Src/main.o
                0x0800109c                UsbPrintf
 .text.Error_Handler
                0x080010e2        0xc ./Core/Src/main.o
                0x080010e2                Error_Handler
 *fill*         0x080010ee        0x2 
 .text.HAL_MspInit
                0x080010f0       0x64 ./Core/Src/stm32f1xx_hal_msp.o
                0x080010f0                HAL_MspInit
 .text.NMI_Handler
                0x08001154        0xc ./Core/Src/stm32f1xx_it.o
                0x08001154                NMI_Handler
 .text.HardFault_Handler
                0x08001160        0x8 ./Core/Src/stm32f1xx_it.o
                0x08001160                HardFault_Handler
 .text.MemManage_Handler
                0x08001168        0x8 ./Core/Src/stm32f1xx_it.o
                0x08001168                MemManage_Handler
 .text.BusFault_Handler
                0x08001170        0x8 ./Core/Src/stm32f1xx_it.o
                0x08001170                BusFault_Handler
 .text.UsageFault_Handler
                0x08001178        0x8 ./Core/Src/stm32f1xx_it.o
                0x08001178                UsageFault_Handler
 .text.SVC_Handler
                0x08001180        0xc ./Core/Src/stm32f1xx_it.o
                0x08001180                SVC_Handler
 .text.DebugMon_Handler
                0x0800118c        0xc ./Core/Src/stm32f1xx_it.o
                0x0800118c                DebugMon_Handler
 .text.USB_LP_CAN1_RX0_IRQHandler
                0x08001198       0x14 ./Core/Src/stm32f1xx_it.o
                0x08001198                USB_LP_CAN1_RX0_IRQHandler
 .text._sbrk    0x080011ac       0x58 ./Core/Src/sysmem.o
                0x080011ac                _sbrk
 .text.SystemInit
                0x08001204       0x68 ./Core/Src/system_stm32f1xx.o
                0x08001204                SystemInit
 .text.Reset_Handler
                0x0800126c       0x48 ./Core/Startup/startup_stm32f103c8tx.o
                0x0800126c                Reset_Handler
 .text.Default_Handler
                0x080012b4        0x2 ./Core/Startup/startup_stm32f103c8tx.o
                0x080012b4                RTC_Alarm_IRQHandler
                0x080012b4                EXTI2_IRQHandler
                0x080012b4                TIM1_CC_IRQHandler
                0x080012b4                PVD_IRQHandler
                0x080012b4                EXTI3_IRQHandler
                0x080012b4                EXTI0_IRQHandler
                0x080012b4                I2C2_EV_IRQHandler
                0x080012b4                ADC1_2_IRQHandler
                0x080012b4                SPI1_IRQHandler
                0x080012b4                TAMPER_IRQHandler
                0x080012b4                DMA1_Channel4_IRQHandler
                0x080012b4                USART3_IRQHandler
                0x080012b4                RTC_IRQHandler
                0x080012b4                DMA1_Channel7_IRQHandler
                0x080012b4                CAN1_RX1_IRQHandler
                0x080012b4                TIM4_IRQHandler
                0x080012b4                I2C1_EV_IRQHandler
                0x080012b4                DMA1_Channel6_IRQHandler
                0x080012b4                TIM3_IRQHandler
                0x080012b4                RCC_IRQHandler
                0x080012b4                TIM1_TRG_COM_IRQHandler
                0x080012b4                DMA1_Channel1_IRQHandler
                0x080012b4                Default_Handler
                0x080012b4                EXTI15_10_IRQHandler
                0x080012b4                EXTI9_5_IRQHandler
                0x080012b4                SPI2_IRQHandler
                0x080012b4                DMA1_Channel5_IRQHandler
                0x080012b4                EXTI4_IRQHandler
                0x080012b4                USB_HP_CAN1_TX_IRQHandler
                0x080012b4                DMA1_Channel3_IRQHandler
                0x080012b4                TIM1_UP_IRQHandler
                0x080012b4                WWDG_IRQHandler
                0x080012b4                TIM2_IRQHandler
                0x080012b4                TIM1_BRK_IRQHandler
                0x080012b4                EXTI1_IRQHandler
                0x080012b4                USART2_IRQHandler
                0x080012b4                I2C2_ER_IRQHandler
                0x080012b4                DMA1_Channel2_IRQHandler
                0x080012b4                CAN1_SCE_IRQHandler
                0x080012b4                FLASH_IRQHandler
                0x080012b4                USART1_IRQHandler
                0x080012b4                I2C1_ER_IRQHandler
                0x080012b4                USBWakeUp_IRQHandler
 *fill*         0x080012b6        0x2 
 .text.HAL_Init
                0x080012b8       0x2c ./Drivers/STM32F1xx_HAL_Driver/Src/stm32f1xx_hal.o
                0x080012b8                HAL_Init
 .text.__NVIC_SetPriorityGrouping
                0x080012e4       0x48 ./Drivers/STM32F1xx_HAL_Driver/Src/stm32f1xx_hal_cortex.o
 .text.__NVIC_GetPriorityGrouping
                0x0800132c       0x1c ./Drivers/STM32F1xx_HAL_Driver/Src/stm32f1xx_hal_cortex.o
 .text.__NVIC_EnableIRQ
                0x08001348       0x38 ./Drivers/STM32F1xx_HAL_Driver/Src/stm32f1xx_hal_cortex.o
 .text.__NVIC_SetPriority
                0x08001380       0x54 ./Drivers/STM32F1xx_HAL_Driver/Src/stm32f1xx_hal_cortex.o
 .text.NVIC_EncodePriority
                0x080013d4       0x64 ./Drivers/STM32F1xx_HAL_Driver/Src/stm32f1xx_hal_cortex.o
 .text.HAL_NVIC_SetPriorityGrouping
                0x08001438       0x16 ./Drivers/STM32F1xx_HAL_Driver/Src/stm32f1xx_hal_cortex.o
                0x08001438                HAL_NVIC_SetPriorityGrouping
 .text.HAL_NVIC_SetPriority
                0x0800144e       0x38 ./Drivers/STM32F1xx_HAL_Driver/Src/stm32f1xx_hal_cortex.o
                0x0800144e                HAL_NVIC_SetPriority
 .text.HAL_NVIC_EnableIRQ
                0x08001486       0x1c ./Drivers/STM32F1xx_HAL_Driver/Src/stm32f1xx_hal_cortex.o
                0x08001486                HAL_NVIC_EnableIRQ
 *fill*         0x080014a2        0x2 
 .text.HAL_GPIO_Init
                0x080014a4      0x308 ./Drivers/STM32F1xx_HAL_Driver/Src/stm32f1xx_hal_gpio.o
                0x080014a4                HAL_GPIO_Init
 .text.HAL_GPIO_ReadPin
                0x080017ac       0x2e ./Drivers/STM32F1xx_HAL_Driver/Src/stm32f1xx_hal_gpio.o
                0x080017ac                HAL_GPIO_ReadPin
 .text.HAL_GPIO_WritePin
                0x080017da       0x30 ./Drivers/STM32F1xx_HAL_Driver/Src/stm32f1xx_hal_gpio.o
                0x080017da                HAL_GPIO_WritePin
 .text.HAL_GPIO_TogglePin
                0x0800180a       0x32 ./Drivers/STM32F1xx_HAL_Driver/Src/stm32f1xx_hal_gpio.o
                0x0800180a                HAL_GPIO_TogglePin
 .text.HAL_PCD_Init
                0x0800183c      0x1fe ./Drivers/STM32F1xx_HAL_Driver/Src/stm32f1xx_hal_pcd.o
                0x0800183c                HAL_PCD_Init
 .text.HAL_PCD_Start
                0x08001a3a       0x4c ./Drivers/STM32F1xx_HAL_Driver/Src/stm32f1xx_hal_pcd.o
                0x08001a3a                HAL_PCD_Start
 .text.HAL_PCD_IRQHandler
                0x08001a86      0x260 ./Drivers/STM32F1xx_HAL_Driver/Src/stm32f1xx_hal_pcd.o
                0x08001a86                HAL_PCD_IRQHandler
 .text.HAL_PCD_SetAddress
                0x08001ce6       0x4a ./Drivers/STM32F1xx_HAL_Driver/Src/stm32f1xx_hal_pcd.o
                0x08001ce6                HAL_PCD_SetAddress
 .text.HAL_PCD_EP_Open
                0x08001d30       0xba ./Drivers/STM32F1xx_HAL_Driver/Src/stm32f1xx_hal_pcd.o
                0x08001d30                HAL_PCD_EP_Open
 .text.HAL_PCD_EP_Close
                0x08001dea       0x90 ./Drivers/STM32F1xx_HAL_Driver/Src/stm32f1xx_hal_pcd.o
                0x08001dea                HAL_PCD_EP_Close
 .text.HAL_PCD_EP_Receive
                0x08001e7a       0x62 ./Drivers/STM32F1xx_HAL_Driver/Src/stm32f1xx_hal_pcd.o
                0x08001e7a                HAL_PCD_EP_Receive
 .text.HAL_PCD_EP_GetRxCount
                0x08001edc       0x2e ./Drivers/STM32F1xx_HAL_Driver/Src/stm32f1xx_hal_pcd.o
                0x08001edc                HAL_PCD_EP_GetRxCount
 .text.HAL_PCD_EP_Transmit
                0x08001f0a       0x6e ./Drivers/STM32F1xx_HAL_Driver/Src/stm32f1xx_hal_pcd.o
                0x08001f0a                HAL_PCD_EP_Transmit
 .text.HAL_PCD_EP_SetStall
                0x08001f78       0xc0 ./Drivers/STM32F1xx_HAL_Driver/Src/stm32f1xx_hal_pcd.o
                0x08001f78                HAL_PCD_EP_SetStall
 .text.HAL_PCD_EP_ClrStall
                0x08002038       0xa8 ./Drivers/STM32F1xx_HAL_Driver/Src/stm32f1xx_hal_pcd.o
                0x08002038                HAL_PCD_EP_ClrStall
 .text.PCD_EP_ISR_Handler
                0x080020e0      0x7a4 ./Drivers/STM32F1xx_HAL_Driver/Src/stm32f1xx_hal_pcd.o
 .text.HAL_PCD_EP_DB_Receive
                0x08002884      0x21a ./Drivers/STM32F1xx_HAL_Driver/Src/stm32f1xx_hal_pcd.o
 .text.HAL_PCD_EP_DB_Transmit
                0x08002a9e      0x7f4 ./Drivers/STM32F1xx_HAL_Driver/Src/stm32f1xx_hal_pcd.o
 .text.HAL_PCDEx_PMAConfig
                0x08003292       0x84 ./Drivers/STM32F1xx_HAL_Driver/Src/stm32f1xx_hal_pcd_ex.o
                0x08003292                HAL_PCDEx_PMAConfig
 *fill*         0x08003316        0x2 
 .text.HAL_RCC_OscConfig
                0x08003318      0x504 ./Drivers/STM32F1xx_HAL_Driver/Src/stm32f1xx_hal_rcc.o
                0x08003318                HAL_RCC_OscConfig
 .text.HAL_RCC_ClockConfig
                0x0800381c      0x1d4 ./Drivers/STM32F1xx_HAL_Driver/Src/stm32f1xx_hal_rcc.o
                0x0800381c                HAL_RCC_ClockConfig
 .text.HAL_RCC_GetSysClockFreq
                0x080039f0       0xa8 ./Drivers/STM32F1xx_HAL_Driver/Src/stm32f1xx_hal_rcc.o
                0x080039f0                HAL_RCC_GetSysClockFreq
 .text.HAL_RCC_GetHCLKFreq
                0x08003a98       0x14 ./Drivers/STM32F1xx_HAL_Driver/Src/stm32f1xx_hal_rcc.o
                0x08003a98                HAL_RCC_GetHCLKFreq
 .text.RCC_Delay
                0x08003aac       0x3c ./Drivers/STM32F1xx_HAL_Driver/Src/stm32f1xx_hal_rcc.o
 .text.HAL_RCCEx_PeriphCLKConfig
                0x08003ae8      0x16c ./Drivers/STM32F1xx_HAL_Driver/Src/stm32f1xx_hal_rcc_ex.o
                0x08003ae8                HAL_RCCEx_PeriphCLKConfig
 .text.USB_CoreInit
                0x08003c54       0x20 ./Drivers/STM32F1xx_HAL_Driver/Src/stm32f1xx_ll_usb.o
                0x08003c54                USB_CoreInit
 .text.USB_EnableGlobalInt
                0x08003c74       0x2c ./Drivers/STM32F1xx_HAL_Driver/Src/stm32f1xx_ll_usb.o
                0x08003c74                USB_EnableGlobalInt
 .text.USB_DisableGlobalInt
                0x08003ca0       0x34 ./Drivers/STM32F1xx_HAL_Driver/Src/stm32f1xx_ll_usb.o
                0x08003ca0                USB_DisableGlobalInt
 .text.USB_SetCurrentMode
                0x08003cd4       0x18 ./Drivers/STM32F1xx_HAL_Driver/Src/stm32f1xx_ll_usb.o
                0x08003cd4                USB_SetCurrentMode
 .text.USB_DevInit
                0x08003cec       0x40 ./Drivers/STM32F1xx_HAL_Driver/Src/stm32f1xx_ll_usb.o
                0x08003cec                USB_DevInit
 .text.USB_ActivateEndpoint
                0x08003d2c      0x780 ./Drivers/STM32F1xx_HAL_Driver/Src/stm32f1xx_ll_usb.o
                0x08003d2c                USB_ActivateEndpoint
 .text.USB_DeactivateEndpoint
                0x080044ac      0x3d8 ./Drivers/STM32F1xx_HAL_Driver/Src/stm32f1xx_ll_usb.o
                0x080044ac                USB_DeactivateEndpoint
 .text.USB_EPStartXfer
                0x08004884     0x1762 ./Drivers/STM32F1xx_HAL_Driver/Src/stm32f1xx_ll_usb.o
                0x08004884                USB_EPStartXfer
 .text.USB_EPSetStall
                0x08005fe6       0xa0 ./Drivers/STM32F1xx_HAL_Driver/Src/stm32f1xx_ll_usb.o
                0x08005fe6                USB_EPSetStall
 .text.USB_EPClearStall
                0x08006086      0x15a ./Drivers/STM32F1xx_HAL_Driver/Src/stm32f1xx_ll_usb.o
                0x08006086                USB_EPClearStall
 .text.USB_SetDevAddress
                0x080061e0       0x26 ./Drivers/STM32F1xx_HAL_Driver/Src/stm32f1xx_ll_usb.o
                0x080061e0                USB_SetDevAddress
 .text.USB_DevConnect
                0x08006206       0x14 ./Drivers/STM32F1xx_HAL_Driver/Src/stm32f1xx_ll_usb.o
                0x08006206                USB_DevConnect
 .text.USB_DevDisconnect
                0x0800621a       0x14 ./Drivers/STM32F1xx_HAL_Driver/Src/stm32f1xx_ll_usb.o
                0x0800621a                USB_DevDisconnect
 .text.USB_ReadInterrupts
                0x0800622e       0x1e ./Drivers/STM32F1xx_HAL_Driver/Src/stm32f1xx_ll_usb.o
                0x0800622e                USB_ReadInterrupts
 .text.USB_EP0_OutStart
                0x0800624c       0x16 ./Drivers/STM32F1xx_HAL_Driver/Src/stm32f1xx_ll_usb.o
                0x0800624c                USB_EP0_OutStart
 .text.USB_WritePMA
                0x08006262       0x8a ./Drivers/STM32F1xx_HAL_Driver/Src/stm32f1xx_ll_usb.o
                0x08006262                USB_WritePMA
 .text.USB_ReadPMA
                0x080062ec       0x9e ./Drivers/STM32F1xx_HAL_Driver/Src/stm32f1xx_ll_usb.o
                0x080062ec                USB_ReadPMA
 *fill*         0x0800638a        0x2 
 .text.CPU_IntSrcPrioSet
                0x0800638c      0x278 ./Micrium/Software/uC-CPU/ARM-Cortex-M/ARMv7-M/cpu_c.o
                0x0800638c                CPU_IntSrcPrioSet
 .text.CPU_SW_Exception
                0x08006604        0x8 ./Micrium/Software/uC-CPU/cpu_core.o
                0x08006604                CPU_SW_Exception
 .text.OSDebugInit
                0x0800660c      0x1d8 ./Micrium/Software/uCOS-II/Ports/ARM-Cortex-M/ARMv7-M/GNU/os_dbg.o
                0x0800660c                OSDebugInit
 .text.OSInitHookBegin
                0x080067e4       0x68 ./Micrium/Software/uCOS-II/Ports/ARM-Cortex-M/ARMv7-M/os_cpu_c.o
                0x080067e4                OSInitHookBegin
 .text.OSInitHookEnd
                0x0800684c        0xc ./Micrium/Software/uCOS-II/Ports/ARM-Cortex-M/ARMv7-M/os_cpu_c.o
                0x0800684c                OSInitHookEnd
 .text.OSTaskCreateHook
                0x08006858       0x16 ./Micrium/Software/uCOS-II/Ports/ARM-Cortex-M/ARMv7-M/os_cpu_c.o
                0x08006858                OSTaskCreateHook
 .text.OSTaskDelHook
                0x0800686e       0x16 ./Micrium/Software/uCOS-II/Ports/ARM-Cortex-M/ARMv7-M/os_cpu_c.o
                0x0800686e                OSTaskDelHook
 .text.OSTaskIdleHook
                0x08006884        0xc ./Micrium/Software/uCOS-II/Ports/ARM-Cortex-M/ARMv7-M/os_cpu_c.o
                0x08006884                OSTaskIdleHook
 .text.OSTaskReturnHook
                0x08006890       0x16 ./Micrium/Software/uCOS-II/Ports/ARM-Cortex-M/ARMv7-M/os_cpu_c.o
                0x08006890                OSTaskReturnHook
 .text.OSTaskStatHook
                0x080068a6        0xc ./Micrium/Software/uCOS-II/Ports/ARM-Cortex-M/ARMv7-M/os_cpu_c.o
                0x080068a6                OSTaskStatHook
 *fill*         0x080068b2        0x2 
 .text.OSTaskStkInit
                0x080068b4      0x114 ./Micrium/Software/uCOS-II/Ports/ARM-Cortex-M/ARMv7-M/os_cpu_c.o
                0x080068b4                OSTaskStkInit
 .text.OSTaskSwHook
                0x080069c8        0xc ./Micrium/Software/uCOS-II/Ports/ARM-Cortex-M/ARMv7-M/os_cpu_c.o
                0x080069c8                OSTaskSwHook
 .text.OSTCBInitHook
                0x080069d4       0x16 ./Micrium/Software/uCOS-II/Ports/ARM-Cortex-M/ARMv7-M/os_cpu_c.o
                0x080069d4                OSTCBInitHook
 *fill*         0x080069ea        0x2 
 .text.OSTimeTickHook
                0x080069ec       0x30 ./Micrium/Software/uCOS-II/Ports/ARM-Cortex-M/ARMv7-M/os_cpu_c.o
                0x080069ec                OSTimeTickHook
 .text.OS_CPU_SysTickHandler
                0x08006a1c       0x1c ./Micrium/Software/uCOS-II/Ports/ARM-Cortex-M/ARMv7-M/os_cpu_c.o
                0x08006a1c                OS_CPU_SysTickHandler
 .text.OS_CPU_SysTickInitFreq
                0x08006a38       0x28 ./Micrium/Software/uCOS-II/Ports/ARM-Cortex-M/ARMv7-M/os_cpu_c.o
                0x08006a38                OS_CPU_SysTickInitFreq
 .text.OS_CPU_SysTickInit
                0x08006a60       0x60 ./Micrium/Software/uCOS-II/Ports/ARM-Cortex-M/ARMv7-M/os_cpu_c.o
                0x08006a60                OS_CPU_SysTickInit
 .text.OSEventNameSet
                0x08006ac0       0x70 ./Micrium/Software/uCOS-II/Source/os_core.o
                0x08006ac0                OSEventNameSet
 .text.OSInit   0x08006b30       0x3c ./Micrium/Software/uCOS-II/Source/os_core.o
                0x08006b30                OSInit
 .text.OSIntEnter
                0x08006b6c       0x30 ./Micrium/Software/uCOS-II/Source/os_core.o
                0x08006b6c                OSIntEnter
 .text.OSIntExit
                0x08006b9c       0xa0 ./Micrium/Software/uCOS-II/Source/os_core.o
                0x08006b9c                OSIntExit
 .text.OSSchedLock
                0x08006c3c       0x4c ./Micrium/Software/uCOS-II/Source/os_core.o
                0x08006c3c                OSSchedLock
 .text.OSSchedUnlock
                0x08006c88       0x68 ./Micrium/Software/uCOS-II/Source/os_core.o
                0x08006c88                OSSchedUnlock
 .text.OSStart  0x08006cf0       0x50 ./Micrium/Software/uCOS-II/Source/os_core.o
                0x08006cf0                OSStart
 .text.OSStatInit
                0x08006d40       0x50 ./Micrium/Software/uCOS-II/Source/os_core.o
                0x08006d40                OSStatInit
 .text.OSTimeTick
                0x08006d90      0x138 ./Micrium/Software/uCOS-II/Source/os_core.o
                0x08006d90                OSTimeTick
 .text.OS_Dummy
                0x08006ec8        0xc ./Micrium/Software/uCOS-II/Source/os_core.o
                0x08006ec8                OS_Dummy
 .text.OS_EventTaskRdy
                0x08006ed4       0xe4 ./Micrium/Software/uCOS-II/Source/os_core.o
                0x08006ed4                OS_EventTaskRdy
 .text.OS_EventTaskWait
                0x08006fb8       0xac ./Micrium/Software/uCOS-II/Source/os_core.o
                0x08006fb8                OS_EventTaskWait
 .text.OS_EventTaskRemove
                0x08007064       0x64 ./Micrium/Software/uCOS-II/Source/os_core.o
                0x08007064                OS_EventTaskRemove
 .text.OS_EventTaskRemoveMulti
                0x080070c8       0x86 ./Micrium/Software/uCOS-II/Source/os_core.o
                0x080070c8                OS_EventTaskRemoveMulti
 .text.OS_EventWaitListInit
                0x0800714e       0x36 ./Micrium/Software/uCOS-II/Source/os_core.o
                0x0800714e                OS_EventWaitListInit
 .text.OS_InitEventList
                0x08007184       0x94 ./Micrium/Software/uCOS-II/Source/os_core.o
 .text.OS_InitMisc
                0x08007218       0x7c ./Micrium/Software/uCOS-II/Source/os_core.o
 .text.OS_InitRdyList
                0x08007294       0x60 ./Micrium/Software/uCOS-II/Source/os_core.o
 .text.OS_InitTaskIdle
                0x080072f4       0x4c ./Micrium/Software/uCOS-II/Source/os_core.o
 .text.OS_InitTaskStat
                0x08007340       0x4c ./Micrium/Software/uCOS-II/Source/os_core.o
 .text.OS_InitTCBList
                0x0800738c       0x9c ./Micrium/Software/uCOS-II/Source/os_core.o
 .text.OS_MemClr
                0x08007428       0x30 ./Micrium/Software/uCOS-II/Source/os_core.o
                0x08007428                OS_MemClr
 .text.OS_Sched
                0x08007458       0x80 ./Micrium/Software/uCOS-II/Source/os_core.o
                0x08007458                OS_Sched
 .text.OS_SchedNew
                0x080074d8       0x48 ./Micrium/Software/uCOS-II/Source/os_core.o
 .text.OS_TaskIdle
                0x08007520       0x2c ./Micrium/Software/uCOS-II/Source/os_core.o
                0x08007520                OS_TaskIdle
 .text.OS_TaskStat
                0x0800754c       0xe4 ./Micrium/Software/uCOS-II/Source/os_core.o
                0x0800754c                OS_TaskStat
 .text.OS_TaskStatStkChk
                0x08007630       0x68 ./Micrium/Software/uCOS-II/Source/os_core.o
                0x08007630                OS_TaskStatStkChk
 .text.OS_TCBInit
                0x08007698      0x1d4 ./Micrium/Software/uCOS-II/Source/os_core.o
                0x08007698                OS_TCBInit
 .text.OS_FlagInit
                0x0800786c       0x84 ./Micrium/Software/uCOS-II/Source/os_flag.o
                0x0800786c                OS_FlagInit
 .text.OS_FlagUnlink
                0x080078f0       0x5c ./Micrium/Software/uCOS-II/Source/os_flag.o
                0x080078f0                OS_FlagUnlink
 .text.OS_MemInit
                0x0800794c       0x80 ./Micrium/Software/uCOS-II/Source/os_mem.o
                0x0800794c                OS_MemInit
 .text.OS_QInit
                0x080079cc       0x78 ./Micrium/Software/uCOS-II/Source/os_q.o
                0x080079cc                OS_QInit
 .text.OSSemCreate
                0x08007a44       0x74 ./Micrium/Software/uCOS-II/Source/os_sem.o
                0x08007a44                OSSemCreate
 .text.OSSemPend
                0x08007ab8      0x11c ./Micrium/Software/uCOS-II/Source/os_sem.o
                0x08007ab8                OSSemPend
 .text.OSSemPost
                0x08007bd4       0x74 ./Micrium/Software/uCOS-II/Source/os_sem.o
                0x08007bd4                OSSemPost
 .text.OSTaskCreate
                0x08007c48       0xb8 ./Micrium/Software/uCOS-II/Source/os_task.o
                0x08007c48                OSTaskCreate
 .text.OSTaskCreateExt
                0x08007d00       0xc8 ./Micrium/Software/uCOS-II/Source/os_task.o
                0x08007d00                OSTaskCreateExt
 .text.OSTaskDel
                0x08007dc8      0x1e0 ./Micrium/Software/uCOS-II/Source/os_task.o
                0x08007dc8                OSTaskDel
 .text.OSTaskNameSet
                0x08007fa8       0xa8 ./Micrium/Software/uCOS-II/Source/os_task.o
                0x08007fa8                OSTaskNameSet
 .text.OSTaskResume
                0x08008050       0xe8 ./Micrium/Software/uCOS-II/Source/os_task.o
                0x08008050                OSTaskResume
 .text.OSTaskStkChk
                0x08008138       0xd0 ./Micrium/Software/uCOS-II/Source/os_task.o
                0x08008138                OSTaskStkChk
 .text.OSTaskSuspend
                0x08008208       0xfc ./Micrium/Software/uCOS-II/Source/os_task.o
                0x08008208                OSTaskSuspend
 .text.OS_TaskReturn
                0x08008304       0x1c ./Micrium/Software/uCOS-II/Source/os_task.o
                0x08008304                OS_TaskReturn
 .text.OS_TaskStkClr
                0x08008320       0x44 ./Micrium/Software/uCOS-II/Source/os_task.o
                0x08008320                OS_TaskStkClr
 .text.OSTimeDly
                0x08008364       0xa0 ./Micrium/Software/uCOS-II/Source/os_time.o
                0x08008364                OSTimeDly
 .text.OSTimeDlyHMSM
                0x08008404       0xc8 ./Micrium/Software/uCOS-II/Source/os_time.o
                0x08008404                OSTimeDlyHMSM
 .text.OSTimeGet
                0x080084cc       0x28 ./Micrium/Software/uCOS-II/Source/os_time.o
                0x080084cc                OSTimeGet
 .text.OSTmrSignal
                0x080084f4       0x24 ./Micrium/Software/uCOS-II/Source/os_tmr.o
                0x080084f4                OSTmrSignal
 .text.OSTmr_Init
                0x08008518      0x118 ./Micrium/Software/uCOS-II/Source/os_tmr.o
                0x08008518                OSTmr_Init
 .text.OSTmr_InitTask
                0x08008630       0x4c ./Micrium/Software/uCOS-II/Source/os_tmr.o
 .text.OSTmr_Link
                0x0800867c       0xd4 ./Micrium/Software/uCOS-II/Source/os_tmr.o
 .text.OSTmr_Unlink
                0x08008750       0xa4 ./Micrium/Software/uCOS-II/Source/os_tmr.o
 .text.OSTmr_Task
                0x080087f4       0xc4 ./Micrium/Software/uCOS-II/Source/os_tmr.o
 .text.App_TaskCreateHook
                0x080088b8       0x12 ./Micrium/Template/OS2/app_hooks.o
                0x080088b8                App_TaskCreateHook
 .text.App_TaskDelHook
                0x080088ca       0x12 ./Micrium/Template/OS2/app_hooks.o
                0x080088ca                App_TaskDelHook
 .text.App_TaskIdleHook
                0x080088dc        0xc ./Micrium/Template/OS2/app_hooks.o
                0x080088dc                App_TaskIdleHook
 .text.App_TaskStatHook
                0x080088e8        0xc ./Micrium/Template/OS2/app_hooks.o
                0x080088e8                App_TaskStatHook
 .text.App_TaskReturnHook
                0x080088f4       0x12 ./Micrium/Template/OS2/app_hooks.o
                0x080088f4                App_TaskReturnHook
 .text.App_TaskSwHook
                0x08008906        0xc ./Micrium/Template/OS2/app_hooks.o
                0x08008906                App_TaskSwHook
 .text.App_TCBInitHook
                0x08008912       0x12 ./Micrium/Template/OS2/app_hooks.o
                0x08008912                App_TCBInitHook
 .text.App_TimeTickHook
                0x08008924        0xc ./Micrium/Template/OS2/app_hooks.o
                0x08008924                App_TimeTickHook
 .text.USBD_CDC_Init
                0x08008930       0xf4 ./Middlewares/ST/STM32_USB_Device_Library/Class/CDC/Src/usbd_cdc.o
 .text.USBD_CDC_DeInit
                0x08008a24       0x6e ./Middlewares/ST/STM32_USB_Device_Library/Class/CDC/Src/usbd_cdc.o
 .text.USBD_CDC_Setup
                0x08008a92      0x146 ./Middlewares/ST/STM32_USB_Device_Library/Class/CDC/Src/usbd_cdc.o
 .text.USBD_CDC_DataIn
                0x08008bd8       0xa6 ./Middlewares/ST/STM32_USB_Device_Library/Class/CDC/Src/usbd_cdc.o
 .text.USBD_CDC_DataOut
                0x08008c7e       0x56 ./Middlewares/ST/STM32_USB_Device_Library/Class/CDC/Src/usbd_cdc.o
 .text.USBD_CDC_EP0_RxReady
                0x08008cd4       0x4e ./Middlewares/ST/STM32_USB_Device_Library/Class/CDC/Src/usbd_cdc.o
 *fill*         0x08008d22        0x2 
 .text.USBD_CDC_GetFSCfgDesc
                0x08008d24       0x20 ./Middlewares/ST/STM32_USB_Device_Library/Class/CDC/Src/usbd_cdc.o
 .text.USBD_CDC_GetHSCfgDesc
                0x08008d44       0x20 ./Middlewares/ST/STM32_USB_Device_Library/Class/CDC/Src/usbd_cdc.o
 .text.USBD_CDC_GetOtherSpeedCfgDesc
                0x08008d64       0x20 ./Middlewares/ST/STM32_USB_Device_Library/Class/CDC/Src/usbd_cdc.o
 .text.USBD_CDC_GetDeviceQualifierDescriptor
                0x08008d84       0x20 ./Middlewares/ST/STM32_USB_Device_Library/Class/CDC/Src/usbd_cdc.o
                0x08008d84                USBD_CDC_GetDeviceQualifierDescriptor
 .text.USBD_CDC_RegisterInterface
                0x08008da4       0x2c ./Middlewares/ST/STM32_USB_Device_Library/Class/CDC/Src/usbd_cdc.o
                0x08008da4                USBD_CDC_RegisterInterface
 .text.USBD_CDC_SetTxBuffer
                0x08008dd0       0x32 ./Middlewares/ST/STM32_USB_Device_Library/Class/CDC/Src/usbd_cdc.o
                0x08008dd0                USBD_CDC_SetTxBuffer
 .text.USBD_CDC_SetRxBuffer
                0x08008e02       0x26 ./Middlewares/ST/STM32_USB_Device_Library/Class/CDC/Src/usbd_cdc.o
                0x08008e02                USBD_CDC_SetRxBuffer
 .text.USBD_CDC_TransmitPacket
                0x08008e28       0x5e ./Middlewares/ST/STM32_USB_Device_Library/Class/CDC/Src/usbd_cdc.o
                0x08008e28                USBD_CDC_TransmitPacket
 .text.USBD_CDC_ReceivePacket
                0x08008e86       0x54 ./Middlewares/ST/STM32_USB_Device_Library/Class/CDC/Src/usbd_cdc.o
                0x08008e86                USBD_CDC_ReceivePacket
 .text.USBD_Init
                0x08008eda       0x56 ./Middlewares/ST/STM32_USB_Device_Library/Core/Src/usbd_core.o
                0x08008eda                USBD_Init
 .text.USBD_RegisterClass
                0x08008f30       0x32 ./Middlewares/ST/STM32_USB_Device_Library/Core/Src/usbd_core.o
                0x08008f30                USBD_RegisterClass
 .text.USBD_Start
                0x08008f62       0x18 ./Middlewares/ST/STM32_USB_Device_Library/Core/Src/usbd_core.o
                0x08008f62                USBD_Start
 .text.USBD_RunTestMode
                0x08008f7a       0x14 ./Middlewares/ST/STM32_USB_Device_Library/Core/Src/usbd_core.o
                0x08008f7a                USBD_RunTestMode
 .text.USBD_SetClassConfig
                0x08008f8e       0x3e ./Middlewares/ST/STM32_USB_Device_Library/Core/Src/usbd_core.o
                0x08008f8e                USBD_SetClassConfig
 .text.USBD_ClrClassConfig
                0x08008fcc       0x26 ./Middlewares/ST/STM32_USB_Device_Library/Core/Src/usbd_core.o
                0x08008fcc                USBD_ClrClassConfig
 .text.USBD_LL_SetupStage
                0x08008ff2       0x9a ./Middlewares/ST/STM32_USB_Device_Library/Core/Src/usbd_core.o
                0x08008ff2                USBD_LL_SetupStage
 .text.USBD_LL_DataOutStage
                0x0800908c       0xe2 ./Middlewares/ST/STM32_USB_Device_Library/Core/Src/usbd_core.o
                0x0800908c                USBD_LL_DataOutStage
 .text.USBD_LL_DataInStage
                0x0800916e      0x14a ./Middlewares/ST/STM32_USB_Device_Library/Core/Src/usbd_core.o
                0x0800916e                USBD_LL_DataInStage
 .text.USBD_LL_Reset
                0x080092b8       0x82 ./Middlewares/ST/STM32_USB_Device_Library/Core/Src/usbd_core.o
                0x080092b8                USBD_LL_Reset
 .text.USBD_LL_SetSpeed
                0x0800933a       0x1e ./Middlewares/ST/STM32_USB_Device_Library/Core/Src/usbd_core.o
                0x0800933a                USBD_LL_SetSpeed
 .text.USBD_LL_Suspend
                0x08009358       0x28 ./Middlewares/ST/STM32_USB_Device_Library/Core/Src/usbd_core.o
                0x08009358                USBD_LL_Suspend
 .text.USBD_LL_Resume
                0x08009380       0x2a ./Middlewares/ST/STM32_USB_Device_Library/Core/Src/usbd_core.o
                0x08009380                USBD_LL_Resume
 .text.USBD_LL_SOF
                0x080093aa       0x34 ./Middlewares/ST/STM32_USB_Device_Library/Core/Src/usbd_core.o
                0x080093aa                USBD_LL_SOF
 *fill*         0x080093de        0x2 
 .text.USBD_StdDevReq
                0x080093e0       0xd4 ./Middlewares/ST/STM32_USB_Device_Library/Core/Src/usbd_ctlreq.o
                0x080093e0                USBD_StdDevReq
 .text.USBD_StdItfReq
                0x080094b4       0x90 ./Middlewares/ST/STM32_USB_Device_Library/Core/Src/usbd_ctlreq.o
                0x080094b4                USBD_StdItfReq
 .text.USBD_StdEPReq
                0x08009544      0x2c6 ./Middlewares/ST/STM32_USB_Device_Library/Core/Src/usbd_ctlreq.o
                0x08009544                USBD_StdEPReq
 *fill*         0x0800980a        0x2 
 .text.USBD_GetDescriptor
                0x0800980c      0x2d0 ./Middlewares/ST/STM32_USB_Device_Library/Core/Src/usbd_ctlreq.o
 .text.USBD_SetAddress
                0x08009adc       0x86 ./Middlewares/ST/STM32_USB_Device_Library/Core/Src/usbd_ctlreq.o
 *fill*         0x08009b62        0x2 
 .text.USBD_SetConfig
                0x08009b64      0x11c ./Middlewares/ST/STM32_USB_Device_Library/Core/Src/usbd_ctlreq.o
 .text.USBD_GetConfig
                0x08009c80       0x6a ./Middlewares/ST/STM32_USB_Device_Library/Core/Src/usbd_ctlreq.o
 .text.USBD_GetStatus
                0x08009cea       0x66 ./Middlewares/ST/STM32_USB_Device_Library/Core/Src/usbd_ctlreq.o
 .text.USBD_SetFeature
                0x08009d50       0x28 ./Middlewares/ST/STM32_USB_Device_Library/Core/Src/usbd_ctlreq.o
 .text.USBD_ClrFeature
                0x08009d78       0x42 ./Middlewares/ST/STM32_USB_Device_Library/Core/Src/usbd_ctlreq.o
 .text.USBD_ParseSetupRequest
                0x08009dba       0x72 ./Middlewares/ST/STM32_USB_Device_Library/Core/Src/usbd_ctlreq.o
                0x08009dba                USBD_ParseSetupRequest
 .text.USBD_CtlError
                0x08009e2c       0x22 ./Middlewares/ST/STM32_USB_Device_Library/Core/Src/usbd_ctlreq.o
                0x08009e2c                USBD_CtlError
 .text.USBD_GetString
                0x08009e4e       0x84 ./Middlewares/ST/STM32_USB_Device_Library/Core/Src/usbd_ctlreq.o
                0x08009e4e                USBD_GetString
 .text.USBD_GetLen
                0x08009ed2       0x2e ./Middlewares/ST/STM32_USB_Device_Library/Core/Src/usbd_ctlreq.o
 .text.USBD_CtlSendData
                0x08009f00       0x38 ./Middlewares/ST/STM32_USB_Device_Library/Core/Src/usbd_ioreq.o
                0x08009f00                USBD_CtlSendData
 .text.USBD_CtlContinueSendData
                0x08009f38       0x24 ./Middlewares/ST/STM32_USB_Device_Library/Core/Src/usbd_ioreq.o
                0x08009f38                USBD_CtlContinueSendData
 .text.USBD_CtlPrepareRx
                0x08009f5c       0x3c ./Middlewares/ST/STM32_USB_Device_Library/Core/Src/usbd_ioreq.o
                0x08009f5c                USBD_CtlPrepareRx
 .text.USBD_CtlContinueRx
                0x08009f98       0x24 ./Middlewares/ST/STM32_USB_Device_Library/Core/Src/usbd_ioreq.o
                0x08009f98                USBD_CtlContinueRx
 .text.USBD_CtlSendStatus
                0x08009fbc       0x26 ./Middlewares/ST/STM32_USB_Device_Library/Core/Src/usbd_ioreq.o
                0x08009fbc                USBD_CtlSendStatus
 .text.USBD_CtlReceiveStatus
                0x08009fe2       0x26 ./Middlewares/ST/STM32_USB_Device_Library/Core/Src/usbd_ioreq.o
                0x08009fe2                USBD_CtlReceiveStatus
 .text.MX_USB_DEVICE_Init
                0x0800a008       0x60 ./USB_DEVICE/App/usb_device.o
                0x0800a008                MX_USB_DEVICE_Init
 .text.CDC_Init_FS
                0x0800a068       0x28 ./USB_DEVICE/App/usbd_cdc_if.o
 .text.CDC_DeInit_FS
                0x0800a090        0xe ./USB_DEVICE/App/usbd_cdc_if.o
 *fill*         0x0800a09e        0x2 
 .text.CDC_Control_FS
                0x0800a0a0       0xbc ./USB_DEVICE/App/usbd_cdc_if.o
 .text.CDC_Receive_FS
                0x0800a15c       0x28 ./USB_DEVICE/App/usbd_cdc_if.o
 .text.CDC_Transmit_FS
                0x0800a184       0x4c ./USB_DEVICE/App/usbd_cdc_if.o
                0x0800a184                CDC_Transmit_FS
 .text.USBD_FS_DeviceDescriptor
                0x0800a1d0       0x24 ./USB_DEVICE/App/usbd_desc.o
                0x0800a1d0                USBD_FS_DeviceDescriptor
 .text.USBD_FS_LangIDStrDescriptor
                0x0800a1f4       0x24 ./USB_DEVICE/App/usbd_desc.o
                0x0800a1f4                USBD_FS_LangIDStrDescriptor
 .text.USBD_FS_ProductStrDescriptor
                0x0800a218       0x3c ./USB_DEVICE/App/usbd_desc.o
                0x0800a218                USBD_FS_ProductStrDescriptor
 .text.USBD_FS_ManufacturerStrDescriptor
                0x0800a254       0x28 ./USB_DEVICE/App/usbd_desc.o
                0x0800a254                USBD_FS_ManufacturerStrDescriptor
 .text.USBD_FS_SerialStrDescriptor
                0x0800a27c       0x24 ./USB_DEVICE/App/usbd_desc.o
                0x0800a27c                USBD_FS_SerialStrDescriptor
 .text.USBD_FS_ConfigStrDescriptor
                0x0800a2a0       0x3c ./USB_DEVICE/App/usbd_desc.o
                0x0800a2a0                USBD_FS_ConfigStrDescriptor
 .text.USBD_FS_InterfaceStrDescriptor
                0x0800a2dc       0x3c ./USB_DEVICE/App/usbd_desc.o
                0x0800a2dc                USBD_FS_InterfaceStrDescriptor
 .text.Get_SerialNum
                0x0800a318       0x58 ./USB_DEVICE/App/usbd_desc.o
 .text.IntToUnicode
                0x0800a370       0x7c ./USB_DEVICE/App/usbd_desc.o
 .text.HAL_PCD_MspInit
                0x0800a3ec       0x4c ./USB_DEVICE/Target/usbd_conf.o
                0x0800a3ec                HAL_PCD_MspInit
 .text.HAL_PCD_SetupStageCallback
                0x0800a438       0x24 ./USB_DEVICE/Target/usbd_conf.o
                0x0800a438                HAL_PCD_SetupStageCallback
 .text.HAL_PCD_DataOutStageCallback
                0x0800a45c       0x36 ./USB_DEVICE/Target/usbd_conf.o
                0x0800a45c                HAL_PCD_DataOutStageCallback
 .text.HAL_PCD_DataInStageCallback
                0x0800a492       0x34 ./USB_DEVICE/Target/usbd_conf.o
                0x0800a492                HAL_PCD_DataInStageCallback
 .text.HAL_PCD_SOFCallback
                0x0800a4c6       0x1c ./USB_DEVICE/Target/usbd_conf.o
                0x0800a4c6                HAL_PCD_SOFCallback
 .text.HAL_PCD_ResetCallback
                0x0800a4e2       0x3c ./USB_DEVICE/Target/usbd_conf.o
                0x0800a4e2                HAL_PCD_ResetCallback
 *fill*         0x0800a51e        0x2 
 .text.HAL_PCD_SuspendCallback
                0x0800a520       0x34 ./USB_DEVICE/Target/usbd_conf.o
                0x0800a520                HAL_PCD_SuspendCallback
 .text.HAL_PCD_ResumeCallback
                0x0800a554       0x1c ./USB_DEVICE/Target/usbd_conf.o
                0x0800a554                HAL_PCD_ResumeCallback
 .text.USBD_LL_Init
                0x0800a570       0xb4 ./USB_DEVICE/Target/usbd_conf.o
                0x0800a570                USBD_LL_Init
 .text.USBD_LL_Start
                0x0800a624       0x36 ./USB_DEVICE/Target/usbd_conf.o
                0x0800a624                USBD_LL_Start
 .text.USBD_LL_OpenEP
                0x0800a65a       0x4c ./USB_DEVICE/Target/usbd_conf.o
                0x0800a65a                USBD_LL_OpenEP
 .text.USBD_LL_CloseEP
                0x0800a6a6       0x3e ./USB_DEVICE/Target/usbd_conf.o
                0x0800a6a6                USBD_LL_CloseEP
 .text.USBD_LL_StallEP
                0x0800a6e4       0x3e ./USB_DEVICE/Target/usbd_conf.o
                0x0800a6e4                USBD_LL_StallEP
 .text.USBD_LL_ClearStallEP
                0x0800a722       0x3e ./USB_DEVICE/Target/usbd_conf.o
                0x0800a722                USBD_LL_ClearStallEP
 .text.USBD_LL_IsStallEP
                0x0800a760       0x58 ./USB_DEVICE/Target/usbd_conf.o
                0x0800a760                USBD_LL_IsStallEP
 .text.USBD_LL_SetUSBAddress
                0x0800a7b8       0x3e ./USB_DEVICE/Target/usbd_conf.o
                0x0800a7b8                USBD_LL_SetUSBAddress
 .text.USBD_LL_Transmit
                0x0800a7f6       0x46 ./USB_DEVICE/Target/usbd_conf.o
                0x0800a7f6                USBD_LL_Transmit
 .text.USBD_LL_PrepareReceive
                0x0800a83c       0x46 ./USB_DEVICE/Target/usbd_conf.o
                0x0800a83c                USBD_LL_PrepareReceive
 .text.USBD_LL_GetRxDataSize
                0x0800a882       0x26 ./USB_DEVICE/Target/usbd_conf.o
                0x0800a882                USBD_LL_GetRxDataSize
 .text.USBD_static_malloc
                0x0800a8a8       0x18 ./USB_DEVICE/Target/usbd_conf.o
                0x0800a8a8                USBD_static_malloc
 .text.USBD_static_free
                0x0800a8c0       0x12 ./USB_DEVICE/Target/usbd_conf.o
                0x0800a8c0                USBD_static_free
 .text.HAL_PCDEx_SetConnectionState
                0x0800a8d2       0x16 ./USB_DEVICE/Target/usbd_conf.o
                0x0800a8d2                HAL_PCDEx_SetConnectionState
 .text.USBD_Get_USB_Status
                0x0800a8e8       0x58 ./USB_DEVICE/Target/usbd_conf.o
 .text._vsprintf_r
                0x0800a940       0x2c C:/ST/STM32CubeIDE_1.10.1/STM32CubeIDE/plugins/com.st.stm32cube.ide.mcu.externaltools.gnu-tools-for-stm32.12.3.rel1.win32_1.0.100.202403111256/tools/bin/../lib/gcc/arm-none-eabi/12.3.1/../../../../arm-none-eabi/lib/thumb/v7-m/nofp\libc_nano.a(libc_a-vsprintf.o)
                0x0800a940                _vsprintf_r
                0x0800a940                _vsiprintf_r
 .text.vsprintf
                0x0800a96c       0x14 C:/ST/STM32CubeIDE_1.10.1/STM32CubeIDE/plugins/com.st.stm32cube.ide.mcu.externaltools.gnu-tools-for-stm32.12.3.rel1.win32_1.0.100.202403111256/tools/bin/../lib/gcc/arm-none-eabi/12.3.1/../../../../arm-none-eabi/lib/thumb/v7-m/nofp\libc_nano.a(libc_a-vsprintf.o)
                0x0800a96c                vsiprintf
                0x0800a96c                vsprintf
 .text.memset   0x0800a980       0x10 C:/ST/STM32CubeIDE_1.10.1/STM32CubeIDE/plugins/com.st.stm32cube.ide.mcu.externaltools.gnu-tools-for-stm32.12.3.rel1.win32_1.0.100.202403111256/tools/bin/../lib/gcc/arm-none-eabi/12.3.1/../../../../arm-none-eabi/lib/thumb/v7-m/nofp\libc_nano.a(libc_a-memset.o)
                0x0800a980                memset
 .text.__errno  0x0800a990        0xc C:/ST/STM32CubeIDE_1.10.1/STM32CubeIDE/plugins/com.st.stm32cube.ide.mcu.externaltools.gnu-tools-for-stm32.12.3.rel1.win32_1.0.100.202403111256/tools/bin/../lib/gcc/arm-none-eabi/12.3.1/../../../../arm-none-eabi/lib/thumb/v7-m/nofp\libc_nano.a(libc_a-errno.o)
                0x0800a990                __errno
 .text.__libc_init_array
                0x0800a99c       0x48 C:/ST/STM32CubeIDE_1.10.1/STM32CubeIDE/plugins/com.st.stm32cube.ide.mcu.externaltools.gnu-tools-for-stm32.12.3.rel1.win32_1.0.100.202403111256/tools/bin/../lib/gcc/arm-none-eabi/12.3.1/../../../../arm-none-eabi/lib/thumb/v7-m/nofp\libc_nano.a(libc_a-init.o)
                0x0800a99c                __libc_init_array
 .text.__retarget_lock_acquire_recursive
                0x0800a9e4        0x2 C:/ST/STM32CubeIDE_1.10.1/STM32CubeIDE/plugins/com.st.stm32cube.ide.mcu.externaltools.gnu-tools-for-stm32.12.3.rel1.win32_1.0.100.202403111256/tools/bin/../lib/gcc/arm-none-eabi/12.3.1/../../../../arm-none-eabi/lib/thumb/v7-m/nofp\libc_nano.a(libc_a-lock.o)
                0x0800a9e4                __retarget_lock_acquire_recursive
 .text.__retarget_lock_release_recursive
                0x0800a9e6        0x2 C:/ST/STM32CubeIDE_1.10.1/STM32CubeIDE/plugins/com.st.stm32cube.ide.mcu.externaltools.gnu-tools-for-stm32.12.3.rel1.win32_1.0.100.202403111256/tools/bin/../lib/gcc/arm-none-eabi/12.3.1/../../../../arm-none-eabi/lib/thumb/v7-m/nofp\libc_nano.a(libc_a-lock.o)
                0x0800a9e6                __retarget_lock_release_recursive
 .text._free_r  0x0800a9e8       0x90 C:/ST/STM32CubeIDE_1.10.1/STM32CubeIDE/plugins/com.st.stm32cube.ide.mcu.externaltools.gnu-tools-for-stm32.12.3.rel1.win32_1.0.100.202403111256/tools/bin/../lib/gcc/arm-none-eabi/12.3.1/../../../../arm-none-eabi/lib/thumb/v7-m/nofp\libc_nano.a(libc_a-freer.o)
                0x0800a9e8                _free_r
 .text.sbrk_aligned
                0x0800aa78       0x44 C:/ST/STM32CubeIDE_1.10.1/STM32CubeIDE/plugins/com.st.stm32cube.ide.mcu.externaltools.gnu-tools-for-stm32.12.3.rel1.win32_1.0.100.202403111256/tools/bin/../lib/gcc/arm-none-eabi/12.3.1/../../../../arm-none-eabi/lib/thumb/v7-m/nofp\libc_nano.a(libc_a-mallocr.o)
 .text._malloc_r
                0x0800aabc      0x100 C:/ST/STM32CubeIDE_1.10.1/STM32CubeIDE/plugins/com.st.stm32cube.ide.mcu.externaltools.gnu-tools-for-stm32.12.3.rel1.win32_1.0.100.202403111256/tools/bin/../lib/gcc/arm-none-eabi/12.3.1/../../../../arm-none-eabi/lib/thumb/v7-m/nofp\libc_nano.a(libc_a-mallocr.o)
                0x0800aabc                _malloc_r
 .text.__malloc_lock
                0x0800abbc        0xc C:/ST/STM32CubeIDE_1.10.1/STM32CubeIDE/plugins/com.st.stm32cube.ide.mcu.externaltools.gnu-tools-for-stm32.12.3.rel1.win32_1.0.100.202403111256/tools/bin/../lib/gcc/arm-none-eabi/12.3.1/../../../../arm-none-eabi/lib/thumb/v7-m/nofp\libc_nano.a(libc_a-mlock.o)
                0x0800abbc                __malloc_lock
 .text.__malloc_unlock
                0x0800abc8        0xc C:/ST/STM32CubeIDE_1.10.1/STM32CubeIDE/plugins/com.st.stm32cube.ide.mcu.externaltools.gnu-tools-for-stm32.12.3.rel1.win32_1.0.100.202403111256/tools/bin/../lib/gcc/arm-none-eabi/12.3.1/../../../../arm-none-eabi/lib/thumb/v7-m/nofp\libc_nano.a(libc_a-mlock.o)
                0x0800abc8                __malloc_unlock
 .text.__ssputs_r
                0x0800abd4       0xb6 C:/ST/STM32CubeIDE_1.10.1/STM32CubeIDE/plugins/com.st.stm32cube.ide.mcu.externaltools.gnu-tools-for-stm32.12.3.rel1.win32_1.0.100.202403111256/tools/bin/../lib/gcc/arm-none-eabi/12.3.1/../../../../arm-none-eabi/lib/thumb/v7-m/nofp\libc_nano.a(libc_a-nano-svfprintf.o)
                0x0800abd4                __ssputs_r
 *fill*         0x0800ac8a        0x2 
 .text._svfprintf_r
                0x0800ac8c      0x1f8 C:/ST/STM32CubeIDE_1.10.1/STM32CubeIDE/plugins/com.st.stm32cube.ide.mcu.externaltools.gnu-tools-for-stm32.12.3.rel1.win32_1.0.100.202403111256/tools/bin/../lib/gcc/arm-none-eabi/12.3.1/../../../../arm-none-eabi/lib/thumb/v7-m/nofp\libc_nano.a(libc_a-nano-svfprintf.o)
                0x0800ac8c                _svfiprintf_r
                0x0800ac8c                _svfprintf_r
 .text._printf_common
                0x0800ae84       0xe4 C:/ST/STM32CubeIDE_1.10.1/STM32CubeIDE/plugins/com.st.stm32cube.ide.mcu.externaltools.gnu-tools-for-stm32.12.3.rel1.win32_1.0.100.202403111256/tools/bin/../lib/gcc/arm-none-eabi/12.3.1/../../../../arm-none-eabi/lib/thumb/v7-m/nofp\libc_nano.a(libc_a-nano-vfprintf_i.o)
                0x0800ae84                _printf_common
 .text._printf_i
                0x0800af68      0x240 C:/ST/STM32CubeIDE_1.10.1/STM32CubeIDE/plugins/com.st.stm32cube.ide.mcu.externaltools.gnu-tools-for-stm32.12.3.rel1.win32_1.0.100.202403111256/tools/bin/../lib/gcc/arm-none-eabi/12.3.1/../../../../arm-none-eabi/lib/thumb/v7-m/nofp\libc_nano.a(libc_a-nano-vfprintf_i.o)
                0x0800af68                _printf_i
 .text.memmove  0x0800b1a8       0x34 C:/ST/STM32CubeIDE_1.10.1/STM32CubeIDE/plugins/com.st.stm32cube.ide.mcu.externaltools.gnu-tools-for-stm32.12.3.rel1.win32_1.0.100.202403111256/tools/bin/../lib/gcc/arm-none-eabi/12.3.1/../../../../arm-none-eabi/lib/thumb/v7-m/nofp\libc_nano.a(libc_a-memmove.o)
                0x0800b1a8                memmove
 .text._sbrk_r  0x0800b1dc       0x20 C:/ST/STM32CubeIDE_1.10.1/STM32CubeIDE/plugins/com.st.stm32cube.ide.mcu.externaltools.gnu-tools-for-stm32.12.3.rel1.win32_1.0.100.202403111256/tools/bin/../lib/gcc/arm-none-eabi/12.3.1/../../../../arm-none-eabi/lib/thumb/v7-m/nofp\libc_nano.a(libc_a-sbrkr.o)
                0x0800b1dc                _sbrk_r
 .text.memchr   0x0800b1fc       0x1c C:/ST/STM32CubeIDE_1.10.1/STM32CubeIDE/plugins/com.st.stm32cube.ide.mcu.externaltools.gnu-tools-for-stm32.12.3.rel1.win32_1.0.100.202403111256/tools/bin/../lib/gcc/arm-none-eabi/12.3.1/../../../../arm-none-eabi/lib/thumb/v7-m/nofp\libc_nano.a(libc_a-memchr-stub.o)
                0x0800b1fc                memchr
 .text.memcpy   0x0800b218       0x1c C:/ST/STM32CubeIDE_1.10.1/STM32CubeIDE/plugins/com.st.stm32cube.ide.mcu.externaltools.gnu-tools-for-stm32.12.3.rel1.win32_1.0.100.202403111256/tools/bin/../lib/gcc/arm-none-eabi/12.3.1/../../../../arm-none-eabi/lib/thumb/v7-m/nofp\libc_nano.a(libc_a-memcpy-stub.o)
                0x0800b218                memcpy
 .text._realloc_r
                0x0800b234       0x5c C:/ST/STM32CubeIDE_1.10.1/STM32CubeIDE/plugins/com.st.stm32cube.ide.mcu.externaltools.gnu-tools-for-stm32.12.3.rel1.win32_1.0.100.202403111256/tools/bin/../lib/gcc/arm-none-eabi/12.3.1/../../../../arm-none-eabi/lib/thumb/v7-m/nofp\libc_nano.a(libc_a-reallocr.o)
                0x0800b234                _realloc_r
 .text._malloc_usable_size_r
                0x0800b290       0x10 C:/ST/STM32CubeIDE_1.10.1/STM32CubeIDE/plugins/com.st.stm32cube.ide.mcu.externaltools.gnu-tools-for-stm32.12.3.rel1.win32_1.0.100.202403111256/tools/bin/../lib/gcc/arm-none-eabi/12.3.1/../../../../arm-none-eabi/lib/thumb/v7-m/nofp\libc_nano.a(libc_a-msizer.o)
                0x0800b290                _malloc_usable_size_r
 *(.glue_7)
 .glue_7        0x0800b2a0        0x0 linker stubs
 *(.glue_7t)
 .glue_7t       0x0800b2a0        0x0 linker stubs
 *(.eh_frame)
 .eh_frame      0x0800b2a0        0x0 C:/ST/STM32CubeIDE_1.10.1/STM32CubeIDE/plugins/com.st.stm32cube.ide.mcu.externaltools.gnu-tools-for-stm32.12.3.rel1.win32_1.0.100.202403111256/tools/bin/../lib/gcc/arm-none-eabi/12.3.1/thumb/v7-m/nofp/crtbegin.o
 *(.init)
 .init          0x0800b2a0        0x4 C:/ST/STM32CubeIDE_1.10.1/STM32CubeIDE/plugins/com.st.stm32cube.ide.mcu.externaltools.gnu-tools-for-stm32.12.3.rel1.win32_1.0.100.202403111256/tools/bin/../lib/gcc/arm-none-eabi/12.3.1/thumb/v7-m/nofp/crti.o
                0x0800b2a0                _init
 .init          0x0800b2a4        0x8 C:/ST/STM32CubeIDE_1.10.1/STM32CubeIDE/plugins/com.st.stm32cube.ide.mcu.externaltools.gnu-tools-for-stm32.12.3.rel1.win32_1.0.100.202403111256/tools/bin/../lib/gcc/arm-none-eabi/12.3.1/thumb/v7-m/nofp/crtn.o
 *(.fini)
 .fini          0x0800b2ac        0x4 C:/ST/STM32CubeIDE_1.10.1/STM32CubeIDE/plugins/com.st.stm32cube.ide.mcu.externaltools.gnu-tools-for-stm32.12.3.rel1.win32_1.0.100.202403111256/tools/bin/../lib/gcc/arm-none-eabi/12.3.1/thumb/v7-m/nofp/crti.o
                0x0800b2ac                _fini
 .fini          0x0800b2b0        0x8 C:/ST/STM32CubeIDE_1.10.1/STM32CubeIDE/plugins/com.st.stm32cube.ide.mcu.externaltools.gnu-tools-for-stm32.12.3.rel1.win32_1.0.100.202403111256/tools/bin/../lib/gcc/arm-none-eabi/12.3.1/thumb/v7-m/nofp/crtn.o
                0x0800b2b8                        . = ALIGN (0x4)
                0x0800b2b8                        _etext = .

.vfp11_veneer   0x0800b2b8        0x0
 .vfp11_veneer  0x0800b2b8        0x0 linker stubs

.v4_bx          0x0800b2b8        0x0
 .v4_bx         0x0800b2b8        0x0 linker stubs

.iplt           0x0800b2b8        0x0
 .iplt          0x0800b2b8        0x0 C:/ST/STM32CubeIDE_1.10.1/STM32CubeIDE/plugins/com.st.stm32cube.ide.mcu.externaltools.gnu-tools-for-stm32.12.3.rel1.win32_1.0.100.202403111256/tools/bin/../lib/gcc/arm-none-eabi/12.3.1/thumb/v7-m/nofp/crtbegin.o

.rodata         0x0800b2b8      0x2ec
                0x0800b2b8                        . = ALIGN (0x4)
 *(.rodata)
 .rodata        0x0800b2b8       0x69 ./Core/Src/main.o
 *fill*         0x0800b321        0x3 
 .rodata        0x0800b324       0x22 ./Micrium/Software/uCOS-II/Source/os_core.o
 *fill*         0x0800b346        0x2 
 .rodata        0x0800b348        0x2 ./Micrium/Software/uCOS-II/Source/os_flag.o
 *fill*         0x0800b34a        0x2 
 .rodata        0x0800b34c        0x2 ./Micrium/Software/uCOS-II/Source/os_mem.o
 *fill*         0x0800b34e        0x2 
 .rodata        0x0800b350        0x2 ./Micrium/Software/uCOS-II/Source/os_sem.o
 *fill*         0x0800b352        0x2 
 .rodata        0x0800b354        0x2 ./Micrium/Software/uCOS-II/Source/os_task.o
 *fill*         0x0800b356        0x2 
 .rodata        0x0800b358       0x39 ./Micrium/Software/uCOS-II/Source/os_tmr.o
 *fill*         0x0800b391        0x3 
 .rodata        0x0800b394       0x46 ./USB_DEVICE/App/usbd_desc.o
 *(.rodata*)
 *fill*         0x0800b3da        0x2 
 .rodata.AHBPrescTable
                0x0800b3dc       0x10 ./Core/Src/system_stm32f1xx.o
                0x0800b3dc                AHBPrescTable
 .rodata.aPLLMULFactorTable.1
                0x0800b3ec       0x10 ./Drivers/STM32F1xx_HAL_Driver/Src/stm32f1xx_hal_rcc.o
 .rodata.aPredivFactorTable.0
                0x0800b3fc        0x2 ./Drivers/STM32F1xx_HAL_Driver/Src/stm32f1xx_hal_rcc.o
 .rodata.OSDebugEn
                0x0800b3fe        0x2 ./Micrium/Software/uCOS-II/Ports/ARM-Cortex-M/ARMv7-M/GNU/os_dbg.o
                0x0800b3fe                OSDebugEn
 .rodata.OSEndiannessTest
                0x0800b400        0x4 ./Micrium/Software/uCOS-II/Ports/ARM-Cortex-M/ARMv7-M/GNU/os_dbg.o
                0x0800b400                OSEndiannessTest
 .rodata.OSEventEn
                0x0800b404        0x2 ./Micrium/Software/uCOS-II/Ports/ARM-Cortex-M/ARMv7-M/GNU/os_dbg.o
                0x0800b404                OSEventEn
 .rodata.OSEventMax
                0x0800b406        0x2 ./Micrium/Software/uCOS-II/Ports/ARM-Cortex-M/ARMv7-M/GNU/os_dbg.o
                0x0800b406                OSEventMax
 .rodata.OSEventNameEn
                0x0800b408        0x2 ./Micrium/Software/uCOS-II/Ports/ARM-Cortex-M/ARMv7-M/GNU/os_dbg.o
                0x0800b408                OSEventNameEn
 .rodata.OSEventSize
                0x0800b40a        0x2 ./Micrium/Software/uCOS-II/Ports/ARM-Cortex-M/ARMv7-M/GNU/os_dbg.o
                0x0800b40a                OSEventSize
 .rodata.OSEventTblSize
                0x0800b40c        0x2 ./Micrium/Software/uCOS-II/Ports/ARM-Cortex-M/ARMv7-M/GNU/os_dbg.o
                0x0800b40c                OSEventTblSize
 .rodata.OSEventMultiEn
                0x0800b40e        0x2 ./Micrium/Software/uCOS-II/Ports/ARM-Cortex-M/ARMv7-M/GNU/os_dbg.o
                0x0800b40e                OSEventMultiEn
 .rodata.OSFlagEn
                0x0800b410        0x2 ./Micrium/Software/uCOS-II/Ports/ARM-Cortex-M/ARMv7-M/GNU/os_dbg.o
                0x0800b410                OSFlagEn
 .rodata.OSFlagGrpSize
                0x0800b412        0x2 ./Micrium/Software/uCOS-II/Ports/ARM-Cortex-M/ARMv7-M/GNU/os_dbg.o
                0x0800b412                OSFlagGrpSize
 .rodata.OSFlagNodeSize
                0x0800b414        0x2 ./Micrium/Software/uCOS-II/Ports/ARM-Cortex-M/ARMv7-M/GNU/os_dbg.o
                0x0800b414                OSFlagNodeSize
 .rodata.OSFlagWidth
                0x0800b416        0x2 ./Micrium/Software/uCOS-II/Ports/ARM-Cortex-M/ARMv7-M/GNU/os_dbg.o
                0x0800b416                OSFlagWidth
 .rodata.OSFlagMax
                0x0800b418        0x2 ./Micrium/Software/uCOS-II/Ports/ARM-Cortex-M/ARMv7-M/GNU/os_dbg.o
                0x0800b418                OSFlagMax
 .rodata.OSFlagNameEn
                0x0800b41a        0x2 ./Micrium/Software/uCOS-II/Ports/ARM-Cortex-M/ARMv7-M/GNU/os_dbg.o
                0x0800b41a                OSFlagNameEn
 .rodata.OSLowestPrio
                0x0800b41c        0x2 ./Micrium/Software/uCOS-II/Ports/ARM-Cortex-M/ARMv7-M/GNU/os_dbg.o
                0x0800b41c                OSLowestPrio
 .rodata.OSMboxEn
                0x0800b41e        0x2 ./Micrium/Software/uCOS-II/Ports/ARM-Cortex-M/ARMv7-M/GNU/os_dbg.o
                0x0800b41e                OSMboxEn
 .rodata.OSMemEn
                0x0800b420        0x2 ./Micrium/Software/uCOS-II/Ports/ARM-Cortex-M/ARMv7-M/GNU/os_dbg.o
                0x0800b420                OSMemEn
 .rodata.OSMemMax
                0x0800b422        0x2 ./Micrium/Software/uCOS-II/Ports/ARM-Cortex-M/ARMv7-M/GNU/os_dbg.o
                0x0800b422                OSMemMax
 .rodata.OSMemNameEn
                0x0800b424        0x2 ./Micrium/Software/uCOS-II/Ports/ARM-Cortex-M/ARMv7-M/GNU/os_dbg.o
                0x0800b424                OSMemNameEn
 .rodata.OSMemSize
                0x0800b426        0x2 ./Micrium/Software/uCOS-II/Ports/ARM-Cortex-M/ARMv7-M/GNU/os_dbg.o
                0x0800b426                OSMemSize
 .rodata.OSMemTblSize
                0x0800b428        0x2 ./Micrium/Software/uCOS-II/Ports/ARM-Cortex-M/ARMv7-M/GNU/os_dbg.o
                0x0800b428                OSMemTblSize
 .rodata.OSMutexEn
                0x0800b42a        0x2 ./Micrium/Software/uCOS-II/Ports/ARM-Cortex-M/ARMv7-M/GNU/os_dbg.o
                0x0800b42a                OSMutexEn
 .rodata.OSPtrSize
                0x0800b42c        0x2 ./Micrium/Software/uCOS-II/Ports/ARM-Cortex-M/ARMv7-M/GNU/os_dbg.o
                0x0800b42c                OSPtrSize
 .rodata.OSQEn  0x0800b42e        0x2 ./Micrium/Software/uCOS-II/Ports/ARM-Cortex-M/ARMv7-M/GNU/os_dbg.o
                0x0800b42e                OSQEn
 .rodata.OSQMax
                0x0800b430        0x2 ./Micrium/Software/uCOS-II/Ports/ARM-Cortex-M/ARMv7-M/GNU/os_dbg.o
                0x0800b430                OSQMax
 .rodata.OSQSize
                0x0800b432        0x2 ./Micrium/Software/uCOS-II/Ports/ARM-Cortex-M/ARMv7-M/GNU/os_dbg.o
                0x0800b432                OSQSize
 .rodata.OSRdyTblSize
                0x0800b434        0x2 ./Micrium/Software/uCOS-II/Ports/ARM-Cortex-M/ARMv7-M/GNU/os_dbg.o
                0x0800b434                OSRdyTblSize
 .rodata.OSSemEn
                0x0800b436        0x2 ./Micrium/Software/uCOS-II/Ports/ARM-Cortex-M/ARMv7-M/GNU/os_dbg.o
                0x0800b436                OSSemEn
 .rodata.OSStkWidth
                0x0800b438        0x2 ./Micrium/Software/uCOS-II/Ports/ARM-Cortex-M/ARMv7-M/GNU/os_dbg.o
                0x0800b438                OSStkWidth
 .rodata.OSTaskCreateEn
                0x0800b43a        0x2 ./Micrium/Software/uCOS-II/Ports/ARM-Cortex-M/ARMv7-M/GNU/os_dbg.o
                0x0800b43a                OSTaskCreateEn
 .rodata.OSTaskCreateExtEn
                0x0800b43c        0x2 ./Micrium/Software/uCOS-II/Ports/ARM-Cortex-M/ARMv7-M/GNU/os_dbg.o
                0x0800b43c                OSTaskCreateExtEn
 .rodata.OSTaskDelEn
                0x0800b43e        0x2 ./Micrium/Software/uCOS-II/Ports/ARM-Cortex-M/ARMv7-M/GNU/os_dbg.o
                0x0800b43e                OSTaskDelEn
 .rodata.OSTaskIdleStkSize
                0x0800b440        0x2 ./Micrium/Software/uCOS-II/Ports/ARM-Cortex-M/ARMv7-M/GNU/os_dbg.o
                0x0800b440                OSTaskIdleStkSize
 .rodata.OSTaskProfileEn
                0x0800b442        0x2 ./Micrium/Software/uCOS-II/Ports/ARM-Cortex-M/ARMv7-M/GNU/os_dbg.o
                0x0800b442                OSTaskProfileEn
 .rodata.OSTaskMax
                0x0800b444        0x2 ./Micrium/Software/uCOS-II/Ports/ARM-Cortex-M/ARMv7-M/GNU/os_dbg.o
                0x0800b444                OSTaskMax
 .rodata.OSTaskNameEn
                0x0800b446        0x2 ./Micrium/Software/uCOS-II/Ports/ARM-Cortex-M/ARMv7-M/GNU/os_dbg.o
                0x0800b446                OSTaskNameEn
 .rodata.OSTaskStatEn
                0x0800b448        0x2 ./Micrium/Software/uCOS-II/Ports/ARM-Cortex-M/ARMv7-M/GNU/os_dbg.o
                0x0800b448                OSTaskStatEn
 .rodata.OSTaskStatStkSize
                0x0800b44a        0x2 ./Micrium/Software/uCOS-II/Ports/ARM-Cortex-M/ARMv7-M/GNU/os_dbg.o
                0x0800b44a                OSTaskStatStkSize
 .rodata.OSTaskStatStkChkEn
                0x0800b44c        0x2 ./Micrium/Software/uCOS-II/Ports/ARM-Cortex-M/ARMv7-M/GNU/os_dbg.o
                0x0800b44c                OSTaskStatStkChkEn
 .rodata.OSTaskSwHookEn
                0x0800b44e        0x2 ./Micrium/Software/uCOS-II/Ports/ARM-Cortex-M/ARMv7-M/GNU/os_dbg.o
                0x0800b44e                OSTaskSwHookEn
 .rodata.OSTCBPrioTblMax
                0x0800b450        0x2 ./Micrium/Software/uCOS-II/Ports/ARM-Cortex-M/ARMv7-M/GNU/os_dbg.o
                0x0800b450                OSTCBPrioTblMax
 .rodata.OSTCBSize
                0x0800b452        0x2 ./Micrium/Software/uCOS-II/Ports/ARM-Cortex-M/ARMv7-M/GNU/os_dbg.o
                0x0800b452                OSTCBSize
 .rodata.OSTicksPerSec
                0x0800b454        0x2 ./Micrium/Software/uCOS-II/Ports/ARM-Cortex-M/ARMv7-M/GNU/os_dbg.o
                0x0800b454                OSTicksPerSec
 .rodata.OSTimeTickHookEn
                0x0800b456        0x2 ./Micrium/Software/uCOS-II/Ports/ARM-Cortex-M/ARMv7-M/GNU/os_dbg.o
                0x0800b456                OSTimeTickHookEn
 .rodata.OSVersionNbr
                0x0800b458        0x2 ./Micrium/Software/uCOS-II/Ports/ARM-Cortex-M/ARMv7-M/GNU/os_dbg.o
                0x0800b458                OSVersionNbr
 .rodata.OSTmrEn
                0x0800b45a        0x2 ./Micrium/Software/uCOS-II/Ports/ARM-Cortex-M/ARMv7-M/GNU/os_dbg.o
                0x0800b45a                OSTmrEn
 .rodata.OSTmrCfgMax
                0x0800b45c        0x2 ./Micrium/Software/uCOS-II/Ports/ARM-Cortex-M/ARMv7-M/GNU/os_dbg.o
                0x0800b45c                OSTmrCfgMax
 .rodata.OSTmrCfgNameEn
                0x0800b45e        0x2 ./Micrium/Software/uCOS-II/Ports/ARM-Cortex-M/ARMv7-M/GNU/os_dbg.o
                0x0800b45e                OSTmrCfgNameEn
 .rodata.OSTmrCfgWheelSize
                0x0800b460        0x2 ./Micrium/Software/uCOS-II/Ports/ARM-Cortex-M/ARMv7-M/GNU/os_dbg.o
                0x0800b460                OSTmrCfgWheelSize
 .rodata.OSTmrCfgTicksPerSec
                0x0800b462        0x2 ./Micrium/Software/uCOS-II/Ports/ARM-Cortex-M/ARMv7-M/GNU/os_dbg.o
                0x0800b462                OSTmrCfgTicksPerSec
 .rodata.OSTmrSize
                0x0800b464        0x2 ./Micrium/Software/uCOS-II/Ports/ARM-Cortex-M/ARMv7-M/GNU/os_dbg.o
                0x0800b464                OSTmrSize
 .rodata.OSTmrTblSize
                0x0800b466        0x2 ./Micrium/Software/uCOS-II/Ports/ARM-Cortex-M/ARMv7-M/GNU/os_dbg.o
                0x0800b466                OSTmrTblSize
 .rodata.OSTmrWheelSize
                0x0800b468        0x2 ./Micrium/Software/uCOS-II/Ports/ARM-Cortex-M/ARMv7-M/GNU/os_dbg.o
                0x0800b468                OSTmrWheelSize
 .rodata.OSTmrWheelTblSize
                0x0800b46a        0x2 ./Micrium/Software/uCOS-II/Ports/ARM-Cortex-M/ARMv7-M/GNU/os_dbg.o
                0x0800b46a                OSTmrWheelTblSize
 .rodata.OSDataSize
                0x0800b46c        0x2 ./Micrium/Software/uCOS-II/Ports/ARM-Cortex-M/ARMv7-M/GNU/os_dbg.o
                0x0800b46c                OSDataSize
 *fill*         0x0800b46e        0x2 
 .rodata.OSUnMapTbl
                0x0800b470      0x100 ./Micrium/Software/uCOS-II/Source/os_core.o
                0x0800b470                OSUnMapTbl
 .rodata._svfprintf_r.str1.1
                0x0800b570       0x11 C:/ST/STM32CubeIDE_1.10.1/STM32CubeIDE/plugins/com.st.stm32cube.ide.mcu.externaltools.gnu-tools-for-stm32.12.3.rel1.win32_1.0.100.202403111256/tools/bin/../lib/gcc/arm-none-eabi/12.3.1/../../../../arm-none-eabi/lib/thumb/v7-m/nofp\libc_nano.a(libc_a-nano-svfprintf.o)
 .rodata._printf_i.str1.1
                0x0800b581       0x22 C:/ST/STM32CubeIDE_1.10.1/STM32CubeIDE/plugins/com.st.stm32cube.ide.mcu.externaltools.gnu-tools-for-stm32.12.3.rel1.win32_1.0.100.202403111256/tools/bin/../lib/gcc/arm-none-eabi/12.3.1/../../../../arm-none-eabi/lib/thumb/v7-m/nofp\libc_nano.a(libc_a-nano-vfprintf_i.o)
                0x0800b5a4                        . = ALIGN (0x4)
 *fill*         0x0800b5a3        0x1 

.ARM.extab      0x0800b5a4        0x0
                0x0800b5a4                        . = ALIGN (0x4)
 *(.ARM.extab* .gnu.linkonce.armextab.*)
                0x0800b5a4                        . = ALIGN (0x4)

.ARM            0x0800b5a4        0x8
                0x0800b5a4                        . = ALIGN (0x4)
                0x0800b5a4                        __exidx_start = .
 *(.ARM.exidx*)
 .ARM.exidx     0x0800b5a4        0x8 C:/ST/STM32CubeIDE_1.10.1/STM32CubeIDE/plugins/com.st.stm32cube.ide.mcu.externaltools.gnu-tools-for-stm32.12.3.rel1.win32_1.0.100.202403111256/tools/bin/../lib/gcc/arm-none-eabi/12.3.1/../../../../arm-none-eabi/lib/thumb/v7-m/nofp\libc_nano.a(libc_a-strlen.o)
                0x0800b5ac                        __exidx_end = .
                0x0800b5ac                        . = ALIGN (0x4)

.rel.dyn        0x0800b5ac        0x0
 .rel.iplt      0x0800b5ac        0x0 C:/ST/STM32CubeIDE_1.10.1/STM32CubeIDE/plugins/com.st.stm32cube.ide.mcu.externaltools.gnu-tools-for-stm32.12.3.rel1.win32_1.0.100.202403111256/tools/bin/../lib/gcc/arm-none-eabi/12.3.1/thumb/v7-m/nofp/crtbegin.o

.preinit_array  0x0800b5ac        0x0
                0x0800b5ac                        . = ALIGN (0x4)
                0x0800b5ac                        PROVIDE (__preinit_array_start = .)
 *(.preinit_array*)
                0x0800b5ac                        PROVIDE (__preinit_array_end = .)
                0x0800b5ac                        . = ALIGN (0x4)

.init_array     0x0800b5ac        0x4
                0x0800b5ac                        . = ALIGN (0x4)
                0x0800b5ac                        PROVIDE (__init_array_start = .)
 *(SORT_BY_NAME(.init_array.*))
 *(.init_array*)
 .init_array    0x0800b5ac        0x4 C:/ST/STM32CubeIDE_1.10.1/STM32CubeIDE/plugins/com.st.stm32cube.ide.mcu.externaltools.gnu-tools-for-stm32.12.3.rel1.win32_1.0.100.202403111256/tools/bin/../lib/gcc/arm-none-eabi/12.3.1/thumb/v7-m/nofp/crtbegin.o
                0x0800b5b0                        PROVIDE (__init_array_end = .)
                0x0800b5b0                        . = ALIGN (0x4)

.fini_array     0x0800b5b0        0x4
                0x0800b5b0                        . = ALIGN (0x4)
                [!provide]                        PROVIDE (__fini_array_start = .)
 *(SORT_BY_NAME(.fini_array.*))
 *(.fini_array*)
 .fini_array    0x0800b5b0        0x4 C:/ST/STM32CubeIDE_1.10.1/STM32CubeIDE/plugins/com.st.stm32cube.ide.mcu.externaltools.gnu-tools-for-stm32.12.3.rel1.win32_1.0.100.202403111256/tools/bin/../lib/gcc/arm-none-eabi/12.3.1/thumb/v7-m/nofp/crtbegin.o
                [!provide]                        PROVIDE (__fini_array_end = .)
                0x0800b5b4                        . = ALIGN (0x4)
                0x0800b5b4                        _sidata = LOADADDR (.data)

.data           0x20000000      0x2a8 load address 0x0800b5b4
                0x20000000                        . = ALIGN (0x4)
                0x20000000                        _sdata = .
 *(.data)
 *(.data*)
 .data.valorFrecuencia
                0x20000000       0x14 ./Core/Src/main.o
                0x20000000                valorFrecuencia
 .data.valorFrecuenciaHz
                0x20000014       0x14 ./Core/Src/main.o
                0x20000014                valorFrecuenciaHz
 .data.senoArreglo45
                0x20000028       0xb8 ./Core/Src/main.o
                0x20000028                senoArreglo45
 .data.SystemCoreClock
                0x200000e0        0x4 ./Core/Src/system_stm32f1xx.o
                0x200000e0                SystemCoreClock
 .data.uwTickPrio
                0x200000e4        0x4 ./Drivers/STM32F1xx_HAL_Driver/Src/stm32f1xx_hal.o
                0x200000e4                uwTickPrio
 .data.USBD_CDC_DeviceQualifierDesc
                0x200000e8        0xa ./Middlewares/ST/STM32_USB_Device_Library/Class/CDC/Src/usbd_cdc.o
 *fill*         0x200000f2        0x2 
 .data.USBD_CDC
                0x200000f4       0x38 ./Middlewares/ST/STM32_USB_Device_Library/Class/CDC/Src/usbd_cdc.o
                0x200000f4                USBD_CDC
 .data.USBD_CDC_CfgHSDesc
                0x2000012c       0x43 ./Middlewares/ST/STM32_USB_Device_Library/Class/CDC/Src/usbd_cdc.o
                0x2000012c                USBD_CDC_CfgHSDesc
 *fill*         0x2000016f        0x1 
 .data.USBD_CDC_CfgFSDesc
                0x20000170       0x43 ./Middlewares/ST/STM32_USB_Device_Library/Class/CDC/Src/usbd_cdc.o
                0x20000170                USBD_CDC_CfgFSDesc
 *fill*         0x200001b3        0x1 
 .data.USBD_CDC_OtherSpeedCfgDesc
                0x200001b4       0x43 ./Middlewares/ST/STM32_USB_Device_Library/Class/CDC/Src/usbd_cdc.o
                0x200001b4                USBD_CDC_OtherSpeedCfgDesc
 *fill*         0x200001f7        0x1 
 .data.USBD_Interface_fops_FS
                0x200001f8       0x10 ./USB_DEVICE/App/usbd_cdc_if.o
                0x200001f8                USBD_Interface_fops_FS
 .data.FS_Desc  0x20000208       0x1c ./USB_DEVICE/App/usbd_desc.o
                0x20000208                FS_Desc
 .data.USBD_FS_DeviceDesc
                0x20000224       0x12 ./USB_DEVICE/App/usbd_desc.o
                0x20000224                USBD_FS_DeviceDesc
 *fill*         0x20000236        0x2 
 .data.USBD_LangIDDesc
                0x20000238        0x4 ./USB_DEVICE/App/usbd_desc.o
                0x20000238                USBD_LangIDDesc
 .data.USBD_StringSerial
                0x2000023c       0x1a ./USB_DEVICE/App/usbd_desc.o
                0x2000023c                USBD_StringSerial
 *fill*         0x20000256        0x2 
 .data._impure_ptr
                0x20000258        0x4 C:/ST/STM32CubeIDE_1.10.1/STM32CubeIDE/plugins/com.st.stm32cube.ide.mcu.externaltools.gnu-tools-for-stm32.12.3.rel1.win32_1.0.100.202403111256/tools/bin/../lib/gcc/arm-none-eabi/12.3.1/../../../../arm-none-eabi/lib/thumb/v7-m/nofp\libc_nano.a(libc_a-impure.o)
                0x20000258                _impure_ptr
 .data._impure_data
                0x2000025c       0x4c C:/ST/STM32CubeIDE_1.10.1/STM32CubeIDE/plugins/com.st.stm32cube.ide.mcu.externaltools.gnu-tools-for-stm32.12.3.rel1.win32_1.0.100.202403111256/tools/bin/../lib/gcc/arm-none-eabi/12.3.1/../../../../arm-none-eabi/lib/thumb/v7-m/nofp\libc_nano.a(libc_a-impure.o)
                0x2000025c                _impure_data
                0x200002a8                        . = ALIGN (0x4)
                0x200002a8                        _edata = .

.igot.plt       0x200002a8        0x0 load address 0x0800b85c
 .igot.plt      0x200002a8        0x0 C:/ST/STM32CubeIDE_1.10.1/STM32CubeIDE/plugins/com.st.stm32cube.ide.mcu.externaltools.gnu-tools-for-stm32.12.3.rel1.win32_1.0.100.202403111256/tools/bin/../lib/gcc/arm-none-eabi/12.3.1/thumb/v7-m/nofp/crtbegin.o
                0x200002a8                        . = ALIGN (0x4)

.bss            0x200002a8     0x4038 load address 0x0800b85c
                0x200002a8                        _sbss = .
                0x200002a8                        __bss_start__ = _sbss
 *(.bss)
 .bss           0x200002a8       0x1c C:/ST/STM32CubeIDE_1.10.1/STM32CubeIDE/plugins/com.st.stm32cube.ide.mcu.externaltools.gnu-tools-for-stm32.12.3.rel1.win32_1.0.100.202403111256/tools/bin/../lib/gcc/arm-none-eabi/12.3.1/thumb/v7-m/nofp/crtbegin.o
 *(.bss*)
 .bss.DITbl     0x200002c4       0x80 ./Core/Src/DIO.o
                0x200002c4                DITbl
 .bss.DOTbl     0x20000344       0xa0 ./Core/Src/DIO.o
                0x20000344                DOTbl
 .bss.DIOTaskStk
                0x200003e4      0x800 ./Core/Src/DIO.o
 .bss.StartupTaskStk
                0x20000be4      0x200 ./Core/Src/main.o
 .bss.MensajeUSBStk
                0x20000de4      0x200 ./Core/Src/main.o
 .bss.SenoGeneradorStk
                0x20000fe4      0x200 ./Core/Src/main.o
 .bss.Secuencia1Stk
                0x200011e4      0x200 ./Core/Src/main.o
 .bss.Secuencia2Stk
                0x200013e4      0x200 ./Core/Src/main.o
 .bss.Secuencia3Stk
                0x200015e4      0x200 ./Core/Src/main.o
 .bss.salida    0x200017e4       0x20 ./Core/Src/main.o
                0x200017e4                salida
 .bss.c         0x20001804        0x4 ./Core/Src/main.o
                0x20001804                c
 .bss.e         0x20001808        0x4 ./Core/Src/main.o
                0x20001808                e
 .bss.f         0x2000180c        0x4 ./Core/Src/main.o
                0x2000180c                f
 .bss.frecuencia
                0x20001810        0x4 ./Core/Src/main.o
                0x20001810                frecuencia
 .bss.heap_end.0
                0x20001814        0x4 ./Core/Src/sysmem.o
 .bss.OS_CPU_ExceptStk
                0x20001818      0x400 ./Micrium/Software/uCOS-II/Ports/ARM-Cortex-M/ARMv7-M/os_cpu_c.o
                0x20001818                OS_CPU_ExceptStk
 .bss.OS_CPU_ExceptStkBase
                0x20001c18        0x4 ./Micrium/Software/uCOS-II/Ports/ARM-Cortex-M/ARMv7-M/os_cpu_c.o
                0x20001c18                OS_CPU_ExceptStkBase
 .bss.OSTmrCtr  0x20001c1c        0x2 ./Micrium/Software/uCOS-II/Ports/ARM-Cortex-M/ARMv7-M/os_cpu_c.o
 *fill*         0x20001c1e        0x2 
 .bss.OS_KA_BASEPRI_Boundary
                0x20001c20        0x4 ./Micrium/Software/uCOS-II/Ports/ARM-Cortex-M/ARMv7-M/os_cpu_c.o
                0x20001c20                OS_KA_BASEPRI_Boundary
 .bss.OSCtxSwCtr
                0x20001c24        0x4 ./Micrium/Software/uCOS-II/Source/os_core.o
                0x20001c24                OSCtxSwCtr
 .bss.OSEventFreeList
                0x20001c28        0x4 ./Micrium/Software/uCOS-II/Source/os_core.o
                0x20001c28                OSEventFreeList
 .bss.OSEventTbl
                0x20001c2c       0xf0 ./Micrium/Software/uCOS-II/Source/os_core.o
                0x20001c2c                OSEventTbl
 .bss.OSFlagTbl
                0x20001d1c       0x50 ./Micrium/Software/uCOS-II/Source/os_core.o
                0x20001d1c                OSFlagTbl
 .bss.OSFlagFreeList
                0x20001d6c        0x4 ./Micrium/Software/uCOS-II/Source/os_core.o
                0x20001d6c                OSFlagFreeList
 .bss.OSCPUUsage
                0x20001d70        0x1 ./Micrium/Software/uCOS-II/Source/os_core.o
                0x20001d70                OSCPUUsage
 *fill*         0x20001d71        0x3 
 .bss.OSIdleCtrMax
                0x20001d74        0x4 ./Micrium/Software/uCOS-II/Source/os_core.o
                0x20001d74                OSIdleCtrMax
 .bss.OSIdleCtrRun
                0x20001d78        0x4 ./Micrium/Software/uCOS-II/Source/os_core.o
                0x20001d78                OSIdleCtrRun
 .bss.OSStatRdy
                0x20001d7c        0x1 ./Micrium/Software/uCOS-II/Source/os_core.o
                0x20001d7c                OSStatRdy
 *fill*         0x20001d7d        0x3 
 .bss.OSTaskStatStk
                0x20001d80      0x200 ./Micrium/Software/uCOS-II/Source/os_core.o
                0x20001d80                OSTaskStatStk
 .bss.OSIntNesting
                0x20001f80        0x1 ./Micrium/Software/uCOS-II/Source/os_core.o
                0x20001f80                OSIntNesting
 .bss.OSLockNesting
                0x20001f81        0x1 ./Micrium/Software/uCOS-II/Source/os_core.o
                0x20001f81                OSLockNesting
 .bss.OSPrioCur
                0x20001f82        0x1 ./Micrium/Software/uCOS-II/Source/os_core.o
                0x20001f82                OSPrioCur
 .bss.OSPrioHighRdy
                0x20001f83        0x1 ./Micrium/Software/uCOS-II/Source/os_core.o
                0x20001f83                OSPrioHighRdy
 .bss.OSRdyGrp  0x20001f84        0x1 ./Micrium/Software/uCOS-II/Source/os_core.o
                0x20001f84                OSRdyGrp
 *fill*         0x20001f85        0x3 
 .bss.OSRdyTbl  0x20001f88        0x8 ./Micrium/Software/uCOS-II/Source/os_core.o
                0x20001f88                OSRdyTbl
 .bss.OSRunning
                0x20001f90        0x1 ./Micrium/Software/uCOS-II/Source/os_core.o
                0x20001f90                OSRunning
 .bss.OSTaskCtr
                0x20001f91        0x1 ./Micrium/Software/uCOS-II/Source/os_core.o
                0x20001f91                OSTaskCtr
 *fill*         0x20001f92        0x2 
 .bss.OSIdleCtr
                0x20001f94        0x4 ./Micrium/Software/uCOS-II/Source/os_core.o
                0x20001f94                OSIdleCtr
 .bss.OSTaskIdleStk
                0x20001f98      0x200 ./Micrium/Software/uCOS-II/Source/os_core.o
                0x20001f98                OSTaskIdleStk
 .bss.OSTCBCur  0x20002198        0x4 ./Micrium/Software/uCOS-II/Source/os_core.o
                0x20002198                OSTCBCur
 .bss.OSTCBFreeList
                0x2000219c        0x4 ./Micrium/Software/uCOS-II/Source/os_core.o
                0x2000219c                OSTCBFreeList
 .bss.OSTCBHighRdy
                0x200021a0        0x4 ./Micrium/Software/uCOS-II/Source/os_core.o
                0x200021a0                OSTCBHighRdy
 .bss.OSTCBList
                0x200021a4        0x4 ./Micrium/Software/uCOS-II/Source/os_core.o
                0x200021a4                OSTCBList
 .bss.OSTCBPrioTbl
                0x200021a8      0x100 ./Micrium/Software/uCOS-II/Source/os_core.o
                0x200021a8                OSTCBPrioTbl
 .bss.OSTCBTbl  0x200022a8      0x790 ./Micrium/Software/uCOS-II/Source/os_core.o
                0x200022a8                OSTCBTbl
 .bss.OSTickStepState
                0x20002a38        0x1 ./Micrium/Software/uCOS-II/Source/os_core.o
                0x20002a38                OSTickStepState
 *fill*         0x20002a39        0x3 
 .bss.OSMemFreeList
                0x20002a3c        0x4 ./Micrium/Software/uCOS-II/Source/os_core.o
                0x20002a3c                OSMemFreeList
 .bss.OSMemTbl  0x20002a40       0x78 ./Micrium/Software/uCOS-II/Source/os_core.o
                0x20002a40                OSMemTbl
 .bss.OSQFreeList
                0x20002ab8        0x4 ./Micrium/Software/uCOS-II/Source/os_core.o
                0x20002ab8                OSQFreeList
 .bss.OSQTbl    0x20002abc       0x60 ./Micrium/Software/uCOS-II/Source/os_core.o
                0x20002abc                OSQTbl
 .bss.OSTaskRegNextAvailID
                0x20002b1c        0x1 ./Micrium/Software/uCOS-II/Source/os_core.o
                0x20002b1c                OSTaskRegNextAvailID
 *fill*         0x20002b1d        0x3 
 .bss.OSTime    0x20002b20        0x4 ./Micrium/Software/uCOS-II/Source/os_core.o
                0x20002b20                OSTime
 .bss.OSTmrFree
                0x20002b24        0x2 ./Micrium/Software/uCOS-II/Source/os_core.o
                0x20002b24                OSTmrFree
 .bss.OSTmrUsed
                0x20002b26        0x2 ./Micrium/Software/uCOS-II/Source/os_core.o
                0x20002b26                OSTmrUsed
 .bss.OSTmrTime
                0x20002b28        0x4 ./Micrium/Software/uCOS-II/Source/os_core.o
                0x20002b28                OSTmrTime
 .bss.OSTmrSem  0x20002b2c        0x4 ./Micrium/Software/uCOS-II/Source/os_core.o
                0x20002b2c                OSTmrSem
 .bss.OSTmrSemSignal
                0x20002b30        0x4 ./Micrium/Software/uCOS-II/Source/os_core.o
                0x20002b30                OSTmrSemSignal
 .bss.OSTmrTbl  0x20002b34      0x280 ./Micrium/Software/uCOS-II/Source/os_core.o
                0x20002b34                OSTmrTbl
 .bss.OSTmrFreeList
                0x20002db4        0x4 ./Micrium/Software/uCOS-II/Source/os_core.o
                0x20002db4                OSTmrFreeList
 .bss.OSTmrTaskStk
                0x20002db8      0x200 ./Micrium/Software/uCOS-II/Source/os_core.o
                0x20002db8                OSTmrTaskStk
 .bss.OSTmrWheelTbl
                0x20002fb8       0x38 ./Micrium/Software/uCOS-II/Source/os_core.o
                0x20002fb8                OSTmrWheelTbl
 .bss.cfgidx.0  0x20002ff0        0x1 ./Middlewares/ST/STM32_USB_Device_Library/Core/Src/usbd_ctlreq.o
 *fill*         0x20002ff1        0x3 
 .bss.hUsbDeviceFS
                0x20002ff4      0x2c4 ./USB_DEVICE/App/usb_device.o
                0x20002ff4                hUsbDeviceFS
 .bss.UserRxBufferFS
                0x200032b8      0x3e8 ./USB_DEVICE/App/usbd_cdc_if.o
                0x200032b8                UserRxBufferFS
 .bss.UserTxBufferFS
                0x200036a0      0x3e8 ./USB_DEVICE/App/usbd_cdc_if.o
                0x200036a0                UserTxBufferFS
 .bss.USBD_StrDesc
                0x20003a88      0x200 ./USB_DEVICE/App/usbd_desc.o
                0x20003a88                USBD_StrDesc
 .bss.hpcd_USB_FS
                0x20003c88      0x2f0 ./USB_DEVICE/Target/usbd_conf.o
                0x20003c88                hpcd_USB_FS
 .bss.mem.0     0x20003f78      0x220 ./USB_DEVICE/Target/usbd_conf.o
 .bss.__sf      0x20004198      0x138 C:/ST/STM32CubeIDE_1.10.1/STM32CubeIDE/plugins/com.st.stm32cube.ide.mcu.externaltools.gnu-tools-for-stm32.12.3.rel1.win32_1.0.100.202403111256/tools/bin/../lib/gcc/arm-none-eabi/12.3.1/../../../../arm-none-eabi/lib/thumb/v7-m/nofp\libc_nano.a(libc_a-findfp.o)
                0x20004198                __sf
 .bss.errno     0x200042d0        0x4 C:/ST/STM32CubeIDE_1.10.1/STM32CubeIDE/plugins/com.st.stm32cube.ide.mcu.externaltools.gnu-tools-for-stm32.12.3.rel1.win32_1.0.100.202403111256/tools/bin/../lib/gcc/arm-none-eabi/12.3.1/../../../../arm-none-eabi/lib/thumb/v7-m/nofp\libc_nano.a(libc_a-reent.o)
                0x200042d0                errno
 .bss.__lock___malloc_recursive_mutex
                0x200042d4        0x1 C:/ST/STM32CubeIDE_1.10.1/STM32CubeIDE/plugins/com.st.stm32cube.ide.mcu.externaltools.gnu-tools-for-stm32.12.3.rel1.win32_1.0.100.202403111256/tools/bin/../lib/gcc/arm-none-eabi/12.3.1/../../../../arm-none-eabi/lib/thumb/v7-m/nofp\libc_nano.a(libc_a-lock.o)
                0x200042d4                __lock___malloc_recursive_mutex
 *fill*         0x200042d5        0x3 
 .bss.__malloc_sbrk_start
                0x200042d8        0x4 C:/ST/STM32CubeIDE_1.10.1/STM32CubeIDE/plugins/com.st.stm32cube.ide.mcu.externaltools.gnu-tools-for-stm32.12.3.rel1.win32_1.0.100.202403111256/tools/bin/../lib/gcc/arm-none-eabi/12.3.1/../../../../arm-none-eabi/lib/thumb/v7-m/nofp\libc_nano.a(libc_a-mallocr.o)
                0x200042d8                __malloc_sbrk_start
 .bss.__malloc_free_list
                0x200042dc        0x4 C:/ST/STM32CubeIDE_1.10.1/STM32CubeIDE/plugins/com.st.stm32cube.ide.mcu.externaltools.gnu-tools-for-stm32.12.3.rel1.win32_1.0.100.202403111256/tools/bin/../lib/gcc/arm-none-eabi/12.3.1/../../../../arm-none-eabi/lib/thumb/v7-m/nofp\libc_nano.a(libc_a-mallocr.o)
                0x200042dc                __malloc_free_list
 *(COMMON)
                0x200042e0                        . = ALIGN (0x4)
                0x200042e0                        _ebss = .
                0x200042e0                        __bss_end__ = _ebss

._user_heap_stack
                0x200042e0      0x600 load address 0x0800b85c
                0x200042e0                        . = ALIGN (0x8)
                0x200042e0                        PROVIDE (end = .)
                [!provide]                        PROVIDE (_end = .)
                0x200044e0                        . = (. + _Min_Heap_Size)
 *fill*         0x200042e0      0x200 
                0x200048e0                        . = (. + _Min_Stack_Size)
 *fill*         0x200044e0      0x400 
                0x200048e0                        . = ALIGN (0x8)

/DISCARD/
 libc.a(*)
 libm.a(*)
 libgcc.a(*)

.ARM.attributes
                0x00000000       0x29
 *(.ARM.attributes)
 .ARM.attributes
                0x00000000       0x1d C:/ST/STM32CubeIDE_1.10.1/STM32CubeIDE/plugins/com.st.stm32cube.ide.mcu.externaltools.gnu-tools-for-stm32.12.3.rel1.win32_1.0.100.202403111256/tools/bin/../lib/gcc/arm-none-eabi/12.3.1/thumb/v7-m/nofp/crti.o
 .ARM.attributes