Archive member included to satisfy reference by file (symbol)

C:/ST/STM32CubeIDE_1.10.1/STM32CubeIDE/plugins/com.st.stm32cube.ide.mcu.externaltools.gnu-tools-for-stm32.11.3.rel1.win32_1.1.1.202309131626/tools/bin/../lib/gcc/arm-none-eabi/11.3.1/../../../../arm-none-eabi/lib/thumb/v7-m/nofp\libc_nano.a(libc_a-exit.o)
                              C:/ST/STM32CubeIDE_1.10.1/STM32CubeIDE/plugins/com.st.stm32cube.ide.mcu.externaltools.gnu-tools-for-stm32.11.3.rel1.win32_1.1.1.202309131626/tools/bin/../lib/gcc/arm-none-eabi/11.3.1/../../../../arm-none-eabi/lib/thumb/v7-m/nofp/crt0.o (exit)
C:/ST/STM32CubeIDE_1.10.1/STM32CubeIDE/plugins/com.st.stm32cube.ide.mcu.externaltools.gnu-tools-for-stm32.11.3.rel1.win32_1.1.1.202309131626/tools/bin/../lib/gcc/arm-none-eabi/11.3.1/../../../../arm-none-eabi/lib/thumb/v7-m/nofp\libc_nano.a(libc_a-findfp.o)
                              C:/ST/STM32CubeIDE_1.10.1/STM32CubeIDE/plugins/com.st.stm32cube.ide.mcu.externaltools.gnu-tools-for-stm32.11.3.rel1.win32_1.1.1.202309131626/tools/bin/../lib/gcc/arm-none-eabi/11.3.1/../../../../arm-none-eabi/lib/thumb/v7-m/nofp\libc_nano.a(libc_a-exit.o) (__stdio_exit_handler)
C:/ST/STM32CubeIDE_1.10.1/STM32CubeIDE/plugins/com.st.stm32cube.ide.mcu.externaltools.gnu-tools-for-stm32.11.3.rel1.win32_1.1.1.202309131626/tools/bin/../lib/gcc/arm-none-eabi/11.3.1/../../../../arm-none-eabi/lib/thumb/v7-m/nofp\libc_nano.a(libc_a-fwalk.o)
                              C:/ST/STM32CubeIDE_1.10.1/STM32CubeIDE/plugins/com.st.stm32cube.ide.mcu.externaltools.gnu-tools-for-stm32.11.3.rel1.win32_1.1.1.202309131626/tools/bin/../lib/gcc/arm-none-eabi/11.3.1/../../../../arm-none-eabi/lib/thumb/v7-m/nofp\libc_nano.a(libc_a-findfp.o) (_fwalk_sglue)
C:/ST/STM32CubeIDE_1.10.1/STM32CubeIDE/plugins/com.st.stm32cube.ide.mcu.externaltools.gnu-tools-for-stm32.11.3.rel1.win32_1.1.1.202309131626/tools/bin/../lib/gcc/arm-none-eabi/11.3.1/../../../../arm-none-eabi/lib/thumb/v7-m/nofp\libc_nano.a(libc_a-stdio.o)
                              C:/ST/STM32CubeIDE_1.10.1/STM32CubeIDE/plugins/com.st.stm32cube.ide.mcu.externaltools.gnu-tools-for-stm32.11.3.rel1.win32_1.1.1.202309131626/tools/bin/../lib/gcc/arm-none-eabi/11.3.1/../../../../arm-none-eabi/lib/thumb/v7-m/nofp\libc_nano.a(libc_a-findfp.o) (__sread)
C:/ST/STM32CubeIDE_1.10.1/STM32CubeIDE/plugins/com.st.stm32cube.ide.mcu.externaltools.gnu-tools-for-stm32.11.3.rel1.win32_1.1.1.202309131626/tools/bin/../lib/gcc/arm-none-eabi/11.3.1/../../../../arm-none-eabi/lib/thumb/v7-m/nofp\libc_nano.a(libc_a-vsprintf.o)
                              ./Core/Src/main.o (vsprintf)
C:/ST/STM32CubeIDE_1.10.1/STM32CubeIDE/plugins/com.st.stm32cube.ide.mcu.externaltools.gnu-tools-for-stm32.11.3.rel1.win32_1.1.1.202309131626/tools/bin/../lib/gcc/arm-none-eabi/11.3.1/../../../../arm-none-eabi/lib/thumb/v7-m/nofp\libc_nano.a(libc_a-memset.o)
                              C:/ST/STM32CubeIDE_1.10.1/STM32CubeIDE/plugins/com.st.stm32cube.ide.mcu.externaltools.gnu-tools-for-stm32.11.3.rel1.win32_1.1.1.202309131626/tools/bin/../lib/gcc/arm-none-eabi/11.3.1/../../../../arm-none-eabi/lib/thumb/v7-m/nofp/crt0.o (memset)
C:/ST/STM32CubeIDE_1.10.1/STM32CubeIDE/plugins/com.st.stm32cube.ide.mcu.externaltools.gnu-tools-for-stm32.11.3.rel1.win32_1.1.1.202309131626/tools/bin/../lib/gcc/arm-none-eabi/11.3.1/../../../../arm-none-eabi/lib/thumb/v7-m/nofp\libc_nano.a(libc_a-closer.o)
                              C:/ST/STM32CubeIDE_1.10.1/STM32CubeIDE/plugins/com.st.stm32cube.ide.mcu.externaltools.gnu-tools-for-stm32.11.3.rel1.win32_1.1.1.202309131626/tools/bin/../lib/gcc/arm-none-eabi/11.3.1/../../../../arm-none-eabi/lib/thumb/v7-m/nofp\libc_nano.a(libc_a-stdio.o) (_close_r)
C:/ST/STM32CubeIDE_1.10.1/STM32CubeIDE/plugins/com.st.stm32cube.ide.mcu.externaltools.gnu-tools-for-stm32.11.3.rel1.win32_1.1.1.202309131626/tools/bin/../lib/gcc/arm-none-eabi/11.3.1/../../../../arm-none-eabi/lib/thumb/v7-m/nofp\libc_nano.a(libc_a-reent.o)
                              C:/ST/STM32CubeIDE_1.10.1/STM32CubeIDE/plugins/com.st.stm32cube.ide.mcu.externaltools.gnu-tools-for-stm32.11.3.rel1.win32_1.1.1.202309131626/tools/bin/../lib/gcc/arm-none-eabi/11.3.1/../../../../arm-none-eabi/lib/thumb/v7-m/nofp\libc_nano.a(libc_a-closer.o) (errno)
C:/ST/STM32CubeIDE_1.10.1/STM32CubeIDE/plugins/com.st.stm32cube.ide.mcu.externaltools.gnu-tools-for-stm32.11.3.rel1.win32_1.1.1.202309131626/tools/bin/../lib/gcc/arm-none-eabi/11.3.1/../../../../arm-none-eabi/lib/thumb/v7-m/nofp\libc_nano.a(libc_a-impure.o)
                              C:/ST/STM32CubeIDE_1.10.1/STM32CubeIDE/plugins/com.st.stm32cube.ide.mcu.externaltools.gnu-tools-for-stm32.11.3.rel1.win32_1.1.1.202309131626/tools/bin/../lib/gcc/arm-none-eabi/11.3.1/../../../../arm-none-eabi/lib/thumb/v7-m/nofp\libc_nano.a(libc_a-vsprintf.o) (_impure_ptr)
[...]
Memory Configuration

Name             Origin             Length             Attributes
RAM              0x0000000020000000 0x0000000000005000 xrw
FLASH            0x0000000008000000 0x0000000000010000 xr
*default*        0x0000000000000000 0xffffffffffffffff

Linker script and memory map

LOAD C:/ST/STM32CubeIDE_1.10.1/STM32CubeIDE/plugins/com.st.stm32cube.ide.mcu.externaltools.gnu-tools-for-stm32.11.3.rel1.win32_1.1.1.202309131626/tools/bin/../lib/gcc/arm-none-eabi/11.3.1/thumb/v7-m/nofp/crti.o
LOAD C:/ST/STM32CubeIDE_1.10.1/STM32CubeIDE/plugins/com.st.stm32cube.ide.mcu.externaltools.gnu-tools-for-stm32.11.3.rel1.win32_1.1.1.202309131626/tools/bin/../lib/gcc/arm-none-eabi/11.3.1/thumb/v7-m/nofp/crtbegin.o
LOAD C:/ST/STM32CubeIDE_1.10.1/STM32CubeIDE/plugins/com.st.stm32cube.ide.mcu.externaltools.gnu-tools-for-stm32.11.3.rel1.win32_1.1.1.202309131626/tools/bin/../lib/gcc/arm-none-eabi/11.3.1/../../../../arm-none-eabi/lib/thumb/v7-m/nofp/crt0.o
LOAD ./Core/Src/DIO.o
LOAD ./Core/Src/main.o
LOAD ./Core/Src/stm32f1xx_hal_msp.o
LOAD ./Core/Src/stm32f1xx_it.o
LOAD ./Core/Src/swo_debug.o
LOAD ./Core/Src/syscalls.o
LOAD ./Core/Src/sysmem.o
LOAD ./Core/Src/system_stm32f1xx.o
LOAD ./Core/Startup/startup_stm32f103c8tx.o
LOAD ./Drivers/STM32F1xx_HAL_Driver/Src/stm32f1xx_hal.o
LOAD ./Drivers/STM32F1xx_HAL_Driver/Src/stm32f1xx_hal_cortex.o
LOAD ./Drivers/STM32F1xx_HAL_Driver/Src/stm32f1xx_hal_dma.o
LOAD ./Drivers/STM32F1xx_HAL_Driver/Src/stm32f1xx_hal_exti.o
LOAD ./Drivers/STM32F1xx_HAL_Driver/Src/stm32f1xx_hal_flash.o
LOAD ./Drivers/STM32F1xx_HAL_Driver/Src/stm32f1xx_hal_flash_ex.o
LOAD ./Drivers/STM32F1xx_HAL_Driver/Src/stm32f1xx_hal_gpio.o
LOAD ./Drivers/STM32F1xx_HAL_Driver/Src/stm32f1xx_hal_gpio_ex.o
LOAD ./Drivers/STM32F1xx_HAL_Driver/Src/stm32f1xx_hal_pcd.o
LOAD ./Drivers/STM32F1xx_HAL_Driver/Src/stm32f1xx_hal_pcd_ex.o
LOAD ./Drivers/STM32F1xx_HAL_Driver/Src/stm32f1xx_hal_pwr.o
LOAD ./Drivers/STM32F1xx_HAL_Driver/Src/stm32f1xx_hal_rcc.o
LOAD ./Drivers/STM32F1xx_HAL_Driver/Src/stm32f1xx_hal_rcc_ex.o
LOAD ./Drivers/STM32F1xx_HAL_Driver/Src/stm32f1xx_hal_tim.o
LOAD ./Drivers/STM32F1xx_HAL_Driver/Src/stm32f1xx_hal_tim_ex.o
LOAD ./Drivers/STM32F1xx_HAL_Driver/Src/stm32f1xx_ll_usb.o
LOAD ./Micrium/Software/uC-CPU/ARM-Cortex-M/ARMv7-M/GNU/cpu_a.o
LOAD ./Micrium/Software/uC-CPU/ARM-Cortex-M/ARMv7-M/cpu_c.o
LOAD ./Micrium/Software/uC-CPU/cpu_core.o
LOAD ./Micrium/Software/uC-LIB/lib_ascii.o
LOAD ./Micrium/Software/uC-LIB/lib_math.o
LOAD ./Micrium/Software/uC-LIB/lib_mem.o
LOAD ./Micrium/Software/uC-LIB/lib_str.o
LOAD ./Micrium/Software/uCOS-II/Ports/ARM-Cortex-M/ARMv7-M/GNU/os_cpu_a.o
LOAD ./Micrium/Software/uCOS-II/Ports/ARM-Cortex-M/ARMv7-M/GNU/os_dbg.o
LOAD ./Micrium/Software/uCOS-II/Ports/ARM-Cortex-M/ARMv7-M/os_cpu_c.o
LOAD ./Micrium/Software/uCOS-II/Source/os_core.o
LOAD ./Micrium/Software/uCOS-II/Source/os_flag.o
LOAD ./Micrium/Software/uCOS-II/Source/os_mbox.o
LOAD ./Micrium/Software/uCOS-II/Source/os_mem.o
LOAD ./Micrium/Software/uCOS-II/Source/os_mutex.o
LOAD ./Micrium/Software/uCOS-II/Source/os_q.o
LOAD ./Micrium/Software/uCOS-II/Source/os_sem.o
LOAD ./Micrium/Software/uCOS-II/Source/os_task.o
LOAD ./Micrium/Software/uCOS-II/Source/os_time.o
LOAD ./Micrium/Software/uCOS-II/Source/os_tmr.o
LOAD ./Micrium/Template/OS2/app_hooks.o
LOAD ./Middlewares/ST/STM32_USB_Device_Library/Class/CDC/Src/usbd_cdc.o
LOAD ./Middlewares/ST/STM32_USB_Device_Library/Core/Src/usbd_core.o
LOAD ./Middlewares/ST/STM32_USB_Device_Library/Core/Src/usbd_ctlreq.o
LOAD ./Middlewares/ST/STM32_USB_Device_Library/Core/Src/usbd_ioreq.o
LOAD ./USB_DEVICE/App/usb_device.o
LOAD ./USB_DEVICE/App/usbd_cdc_if.o
LOAD ./USB_DEVICE/App/usbd_desc.o
LOAD ./USB_DEVICE/Target/usbd_conf.o
START GROUP
LOAD C:/ST/STM32CubeIDE_1.10.1/STM32CubeIDE/plugins/com.st.stm32cube.ide.mcu.externaltools.gnu-tools-for-stm32.11.3.rel1.win32_1.1.1.202309131626/tools/bin/../lib/gcc/arm-none-eabi/11.3.1/../../../../arm-none-eabi/lib/thumb/v7-m/nofp\libc_nano.a
LOAD C:/ST/STM32CubeIDE_1.10.1/STM32CubeIDE/plugins/com.st.stm32cube.ide.mcu.externaltools.gnu-tools-for-stm32.11.3.rel1.win32_1.1.1.202309131626/tools/bin/../lib/gcc/arm-none-eabi/11.3.1/../../../../arm-none-eabi/lib/thumb/v7-m/nofp\libm.a
END GROUP
START GROUP
LOAD C:/ST/STM32CubeIDE_1.10.1/STM32CubeIDE/plugins/com.st.stm32cube.ide.mcu.externaltools.gnu-tools-for-stm32.11.3.rel1.win32_1.1.1.202309131626/tools/bin/../lib/gcc/arm-none-eabi/11.3.1/thumb/v7-m/nofp\libgcc.a
LOAD C:/ST/STM32CubeIDE_1.10.1/STM32CubeIDE/plugins/com.st.stm32cube.ide.mcu.externaltools.gnu-tools-for-stm32.11.3.rel1.win32_1.1.1.202309131626/tools/bin/../lib/gcc/arm-none-eabi/11.3.1/../../../../arm-none-eabi/lib/thumb/v7-m/nofp\libc_nano.a
END GROUP
START GROUP
LOAD C:/ST/STM32CubeIDE_1.10.1/STM32CubeIDE/plugins/com.st.stm32cube.ide.mcu.externaltools.gnu-tools-for-stm32.11.3.rel1.win32_1.1.1.202309131626/tools/bin/../lib/gcc/arm-none-eabi/11.3.1/thumb/v7-m/nofp\libgcc.a
LOAD C:/ST/STM32CubeIDE_1.10.1/STM32CubeIDE/plugins/com.st.stm32cube.ide.mcu.externaltools.gnu-tools-for-stm32.11.3.rel1.win32_1.1.1.202309131626/tools/bin/../lib/gcc/arm-none-eabi/11.3.1/../../../../arm-none-eabi/lib/thumb/v7-m/nofp\libc_nano.a
LOAD C:/ST/STM32CubeIDE_1.10.1/STM32CubeIDE/plugins/com.st.stm32cube.ide.mcu.externaltools.gnu-tools-for-stm32.11.3.rel1.win32_1.1.1.202309131626/tools/bin/../lib/gcc/arm-none-eabi/11.3.1/../../../../arm-none-eabi/lib/thumb/v7-m/nofp\libnosys.a
END GROUP
START GROUP
LOAD C:/ST/STM32CubeIDE_1.10.1/STM32CubeIDE/plugins/com.st.stm32cube.ide.mcu.externaltools.gnu-tools-for-stm32.11.3.rel1.win32_1.1.1.202309131626/tools/bin/../lib/gcc/arm-none-eabi/11.3.1/thumb/v7-m/nofp\libgcc.a
LOAD C:/ST/STM32CubeIDE_1.10.1/STM32CubeIDE/plugins/com.st.stm32cube.ide.mcu.externaltools.gnu-tools-for-stm32.11.3.rel1.win32_1.1.1.202309131626/tools/bin/../lib/gcc/arm-none-eabi/11.3.1/../../../../arm-none-eabi/lib/thumb/v7-m/nofp\libc_nano.a
LOAD C:/ST/STM32CubeIDE_1.10.1/STM32CubeIDE/plugins/com.st.stm32cube.ide.mcu.externaltools.gnu-tools-for-stm32.11.3.rel1.win32_1.1.1.202309131626/tools/bin/../lib/gcc/arm-none-eabi/11.3.1/../../../../arm-none-eabi/lib/thumb/v7-m/nofp\libnosys.a
END GROUP
LOAD C:/ST/STM32CubeIDE_1.10.1/STM32CubeIDE/plugins/com.st.stm32cube.ide.mcu.externaltools.gnu-tools-for-stm32.11.3.rel1.win32_1.1.1.202309131626/tools/bin/../lib/gcc/arm-none-eabi/11.3.1/thumb/v7-m/nofp/crtend.o
LOAD C:/ST/STM32CubeIDE_1.10.1/STM32CubeIDE/plugins/com.st.stm32cube.ide.mcu.externaltools.gnu-tools-for-stm32.11.3.rel1.win32_1.1.1.202309131626/tools/bin/../lib/gcc/arm-none-eabi/11.3.1/thumb/v7-m/nofp/crtn.o
                0x0000000020005000                _estack = (ORIGIN (RAM) + LENGTH (RAM))
                0x0000000000000200                _Min_Heap_Size = 0x200
                0x0000000000000400                _Min_Stack_Size = 0x400

.isr_vector     0x0000000008000000      0x10c
                0x0000000008000000                . = ALIGN (0x4)
 *(.isr_vector)
 .isr_vector    0x0000000008000000      0x10c ./Core/Startup/startup_stm32f103c8tx.o
                0x0000000008000000                g_pfnVectors
                0x000000000800010c                . = ALIGN (0x4)

.text           0x000000000800010c     0xb108
                0x000000000800010c                . = ALIGN (0x4)
 *(.text)
 .text          0x000000000800010c       0x40 C:/ST/STM32CubeIDE_1.10.1/STM32CubeIDE/plugins/com.st.stm32cube.ide.mcu.externaltools.gnu-tools-for-stm32.11.3.rel1.win32_1.1.1.202309131626/tools/bin/../lib/gcc/arm-none-eabi/11.3.1/thumb/v7-m/nofp/crtbegin.o
 .text          0x000000000800014c       0x54 ./Micrium/Software/uC-CPU/ARM-Cortex-M/ARMv7-M/GNU/cpu_a.o
                0x000000000800014c                CPU_IntDis
                0x0000000008000150                CPU_IntEn
                0x0000000008000154                CPU_SR_Save
                0x0000000008000170                CPU_SR_Restore
                0x0000000008000182                CPU_WaitForInt
                0x0000000008000186                CPU_WaitForExcept
                0x000000000800018a                CPU_CntLeadZeros
                0x0000000008000190                CPU_CntTrailZeros
                0x000000000800019a                CPU_RevBits
 .text          0x00000000080001a0      0x12c ./Micrium/Software/uCOS-II/Ports/ARM-Cortex-M/ARMv7-M/GNU/os_cpu_a.o
                0x00000000080001a0                OS_CPU_SR_Save
                0x00000000080001bc                OS_CPU_SR_Restore
                0x00000000080001ce                OSStartHighRdy
                0x000000000800024e                OSIntCtxSw
                0x000000000800024e                OSCtxSw
                0x0000000008000258                OS_CPU_PendSVHandler
 .text          0x00000000080002cc       0x10 C:/ST/STM32CubeIDE_1.10.1/STM32CubeIDE/plugins/com.st.stm32cube.ide.mcu.externaltools.gnu-tools-for-stm32.11.3.rel1.win32_1.1.1.202309131626/tools/bin/../lib/gcc/arm-none-eabi/11.3.1/../../../../arm-none-eabi/lib/thumb/v7-m/nofp\libc_nano.a(libc_a-strlen.o)
                0x00000000080002cc                strlen
 *(.text*)
 .text.DIGet    0x00000000080002dc       0x38 ./Core/Src/DIO.o
                0x00000000080002dc                DIGet
 .text.DIUpdate
                0x0000000008000314      0x108 ./Core/Src/DIO.o
 .text.DIOInit  0x000000000800041c       0x90 ./Core/Src/DIO.o
                0x000000000800041c                DIOInit
 .text.DIOTask  0x00000000080004ac       0x20 ./Core/Src/DIO.o
 .text.DOSet    0x00000000080004cc       0x40 ./Core/Src/DIO.o
                0x00000000080004cc                DOSet
 .text.DOUpdate
                0x000000000800050c       0x8c ./Core/Src/DIO.o
 .text.DIOInitIO
                0x0000000008000598        0xc ./Core/Src/DIO.o
                0x0000000008000598                DIOInitIO
 .text.DIRd     0x00000000080005a4       0x58 ./Core/Src/DIO.o
                0x00000000080005a4                DIRd
 .text.inp      0x00000000080005fc       0x70 ./Core/Src/DIO.o
 .text.DOWr     0x000000000800066c       0x5c ./Core/Src/DIO.o
                0x000000000800066c                DOWr
 .text.outp     0x00000000080006c8       0x1c ./Core/Src/DIO.o
 .text.main     0x00000000080006e4      0x1b0 ./Core/Src/main.o
                0x00000000080006e4                main
 .text.SystemClock_Config
                0x0000000008000894       0xb4 ./Core/Src/main.o
                0x0000000008000894                SystemClock_Config
 .text.MX_GPIO_Init
                0x0000000008000948       0xb0 ./Core/Src/main.o
 .text.HAL_InitTick
                0x00000000080009f8       0x14 ./Core/Src/main.o
                0x00000000080009f8                HAL_InitTick
 .text.HAL_GetTick
                0x0000000008000a0c       0x16 ./Core/Src/main.o
                0x0000000008000a0c                HAL_GetTick
 .text.StartupTask
                0x0000000008000a22       0xf2 ./Core/Src/main.o
 .text.MensajeUSB
                0x0000000008000b14       0x26 ./Core/Src/main.o
 *fill*         0x0000000008000b3a        0x2 
 .text.SenoGenerador
                0x0000000008000b3c      0x134 ./Core/Src/main.o
 .text.Secuencia1
                0x0000000008000c70      0x10c ./Core/Src/main.o
 .text.Secuencia2
                0x0000000008000d7c      0x158 ./Core/Src/main.o
 .text.Secuencia3
                0x0000000008000ed4      0x154 ./Core/Src/main.o
 .text.UsbPrintf
                0x0000000008001028       0x46 ./Core/Src/main.o
                0x0000000008001028                UsbPrintf
 .text.Error_Handler
                0x000000000800106e        0xc ./Core/Src/main.o
                0x000000000800106e                Error_Handler
 *fill*         0x000000000800107a        0x2 
 .text.HAL_MspInit
                0x000000000800107c       0x64 ./Core/Src/stm32f1xx_hal_msp.o
                0x000000000800107c                HAL_MspInit
 .text.NMI_Handler
                0x00000000080010e0        0xc ./Core/Src/stm32f1xx_it.o
                0x00000000080010e0                NMI_Handler
 .text.HardFault_Handler
                0x00000000080010ec        0x6 ./Core/Src/stm32f1xx_it.o
                0x00000000080010ec                HardFault_Handler
 .text.MemManage_Handler
                0x00000000080010f2        0x6 ./Core/Src/stm32f1xx_it.o
                0x00000000080010f2                MemManage_Handler
 .text.BusFault_Handler
                0x00000000080010f8        0x6 ./Core/Src/stm32f1xx_it.o
                0x00000000080010f8                BusFault_Handler
 .text.UsageFault_Handler
                0x00000000080010fe        0x6 ./Core/Src/stm32f1xx_it.o
                0x00000000080010fe                UsageFault_Handler
 .text.SVC_Handler
                0x0000000008001104        0xc ./Core/Src/stm32f1xx_it.o
                0x0000000008001104                SVC_Handler
 .text.DebugMon_Handler
                0x0000000008001110        0xc ./Core/Src/stm32f1xx_it.o
                0x0000000008001110                DebugMon_Handler
 .text.USB_LP_CAN1_RX0_IRQHandler
                0x000000000800111c       0x14 ./Core/Src/stm32f1xx_it.o
                0x000000000800111c                USB_LP_CAN1_RX0_IRQHandler
 .text._sbrk    0x0000000008001130       0x58 ./Core/Src/sysmem.o
                0x0000000008001130                _sbrk
 .text.SystemInit
                0x0000000008001188       0x68 ./Core/Src/system_stm32f1xx.o
                0x0000000008001188                SystemInit
 .text.Reset_Handler
                0x00000000080011f0       0x48 ./Core/Startup/startup_stm32f103c8tx.o
                0x00000000080011f0                Reset_Handler
 .text.Default_Handler
                0x0000000008001238        0x2 ./Core/Startup/startup_stm32f103c8tx.o
                0x0000000008001238                RTC_Alarm_IRQHandler
                0x0000000008001238                EXTI2_IRQHandler
                0x0000000008001238                TIM1_CC_IRQHandler
                0x0000000008001238                PVD_IRQHandler
                0x0000000008001238                EXTI3_IRQHandler
                0x0000000008001238                EXTI0_IRQHandler
                0x0000000008001238                I2C2_EV_IRQHandler
                0x0000000008001238                ADC1_2_IRQHandler
                0x0000000008001238                SPI1_IRQHandler
                0x0000000008001238                TAMPER_IRQHandler
                0x0000000008001238                DMA1_Channel4_IRQHandler
                0x0000000008001238                USART3_IRQHandler
                0x0000000008001238                RTC_IRQHandler
                0x0000000008001238                DMA1_Channel7_IRQHandler
                0x0000000008001238                CAN1_RX1_IRQHandler
                0x0000000008001238                TIM4_IRQHandler
                0x0000000008001238                I2C1_EV_IRQHandler
                0x0000000008001238                DMA1_Channel6_IRQHandler
                0x0000000008001238                TIM3_IRQHandler
                0x0000000008001238                RCC_IRQHandler
                0x0000000008001238                TIM1_TRG_COM_IRQHandler
                0x0000000008001238                DMA1_Channel1_IRQHandler
                0x0000000008001238                Default_Handler
                0x0000000008001238                EXTI15_10_IRQHandler
                0x0000000008001238                EXTI9_5_IRQHandler
                0x0000000008001238                SPI2_IRQHandler
                0x0000000008001238                DMA1_Channel5_IRQHandler
                0x0000000008001238                EXTI4_IRQHandler
                0x0000000008001238                USB_HP_CAN1_TX_IRQHandler
                0x0000000008001238                DMA1_Channel3_IRQHandler
                0x0000000008001238                TIM1_UP_IRQHandler
                0x0000000008001238                WWDG_IRQHandler
                0x0000000008001238                TIM2_IRQHandler
                0x0000000008001238                TIM1_BRK_IRQHandler
                0x0000000008001238                EXTI1_IRQHandler
                0x0000000008001238                USART2_IRQHandler
                0x0000000008001238                I2C2_ER_IRQHandler
                0x0000000008001238                DMA1_Channel2_IRQHandler
                0x0000000008001238                CAN1_SCE_IRQHandler
                0x0000000008001238                FLASH_IRQHandler
                0x0000000008001238                USART1_IRQHandler
                0x0000000008001238                I2C1_ER_IRQHandler
                0x0000000008001238                USBWakeUp_IRQHandler
 *fill*         0x000000000800123a        0x2 
 .text.HAL_Init
                0x000000000800123c       0x2c ./Drivers/STM32F1xx_HAL_Driver/Src/stm32f1xx_hal.o
                0x000000000800123c                HAL_Init
 .text.__NVIC_SetPriorityGrouping
                0x0000000008001268       0x48 ./Drivers/STM32F1xx_HAL_Driver/Src/stm32f1xx_hal_cortex.o
 .text.__NVIC_GetPriorityGrouping
                0x00000000080012b0       0x1c ./Drivers/STM32F1xx_HAL_Driver/Src/stm32f1xx_hal_cortex.o
 .text.__NVIC_EnableIRQ
                0x00000000080012cc       0x38 ./Drivers/STM32F1xx_HAL_Driver/Src/stm32f1xx_hal_cortex.o
 .text.__NVIC_SetPriority
                0x0000000008001304       0x54 ./Drivers/STM32F1xx_HAL_Driver/Src/stm32f1xx_hal_cortex.o
 .text.NVIC_EncodePriority
                0x0000000008001358       0x64 ./Drivers/STM32F1xx_HAL_Driver/Src/stm32f1xx_hal_cortex.o
 .text.HAL_NVIC_SetPriorityGrouping
                0x00000000080013bc       0x16 ./Drivers/STM32F1xx_HAL_Driver/Src/stm32f1xx_hal_cortex.o
                0x00000000080013bc                HAL_NVIC_SetPriorityGrouping
 .text.HAL_NVIC_SetPriority
                0x00000000080013d2       0x38 ./Drivers/STM32F1xx_HAL_Driver/Src/stm32f1xx_hal_cortex.o
                0x00000000080013d2                HAL_NVIC_SetPriority
 .text.HAL_NVIC_EnableIRQ
                0x000000000800140a       0x1c ./Drivers/STM32F1xx_HAL_Driver/Src/stm32f1xx_hal_cortex.o
                0x000000000800140a                HAL_NVIC_EnableIRQ
 *fill*         0x0000000008001426        0x2 
 .text.HAL_GPIO_Init
                0x0000000008001428      0x308 ./Drivers/STM32F1xx_HAL_Driver/Src/stm32f1xx_hal_gpio.o
                0x0000000008001428                HAL_GPIO_Init
 .text.HAL_GPIO_ReadPin
                0x0000000008001730       0x2e ./Drivers/STM32F1xx_HAL_Driver/Src/stm32f1xx_hal_gpio.o
                0x0000000008001730                HAL_GPIO_ReadPin
 .text.HAL_GPIO_WritePin
                0x000000000800175e       0x30 ./Drivers/STM32F1xx_HAL_Driver/Src/stm32f1xx_hal_gpio.o
                0x000000000800175e                HAL_GPIO_WritePin
 .text.HAL_PCD_Init
                0x000000000800178e      0x1fe ./Drivers/STM32F1xx_HAL_Driver/Src/stm32f1xx_hal_pcd.o
                0x000000000800178e                HAL_PCD_Init
 .text.HAL_PCD_Start
                0x000000000800198c       0x4c ./Drivers/STM32F1xx_HAL_Driver/Src/stm32f1xx_hal_pcd.o
                0x000000000800198c                HAL_PCD_Start
 .text.HAL_PCD_IRQHandler
                0x00000000080019d8      0x260 ./Drivers/STM32F1xx_HAL_Driver/Src/stm32f1xx_hal_pcd.o
                0x00000000080019d8                HAL_PCD_IRQHandler
 .text.HAL_PCD_SetAddress
                0x0000000008001c38       0x4a ./Drivers/STM32F1xx_HAL_Driver/Src/stm32f1xx_hal_pcd.o
                0x0000000008001c38                HAL_PCD_SetAddress
 .text.HAL_PCD_EP_Open
                0x0000000008001c82       0xba ./Drivers/STM32F1xx_HAL_Driver/Src/stm32f1xx_hal_pcd.o
                0x0000000008001c82                HAL_PCD_EP_Open
 .text.HAL_PCD_EP_Close
                0x0000000008001d3c       0x90 ./Drivers/STM32F1xx_HAL_Driver/Src/stm32f1xx_hal_pcd.o
                0x0000000008001d3c                HAL_PCD_EP_Close
 .text.HAL_PCD_EP_Receive
                0x0000000008001dcc       0x62 ./Drivers/STM32F1xx_HAL_Driver/Src/stm32f1xx_hal_pcd.o
                0x0000000008001dcc                HAL_PCD_EP_Receive
 .text.HAL_PCD_EP_GetRxCount
                0x0000000008001e2e       0x2e ./Drivers/STM32F1xx_HAL_Driver/Src/stm32f1xx_hal_pcd.o
                0x0000000008001e2e                HAL_PCD_EP_GetRxCount
 .text.HAL_PCD_EP_Transmit
                0x0000000008001e5c       0x6e ./Drivers/STM32F1xx_HAL_Driver/Src/stm32f1xx_hal_pcd.o
                0x0000000008001e5c                HAL_PCD_EP_Transmit
 .text.HAL_PCD_EP_SetStall
                0x0000000008001eca       0xc0 ./Drivers/STM32F1xx_HAL_Driver/Src/stm32f1xx_hal_pcd.o
                0x0000000008001eca                HAL_PCD_EP_SetStall
 .text.HAL_PCD_EP_ClrStall
                0x0000000008001f8a       0xa8 ./Drivers/STM32F1xx_HAL_Driver/Src/stm32f1xx_hal_pcd.o
                0x0000000008001f8a                HAL_PCD_EP_ClrStall
 .text.PCD_EP_ISR_Handler
                0x0000000008002032      0x7a6 ./Drivers/STM32F1xx_HAL_Driver/Src/stm32f1xx_hal_pcd.o
 .text.HAL_PCD_EP_DB_Receive
                0x00000000080027d8      0x21a ./Drivers/STM32F1xx_HAL_Driver/Src/stm32f1xx_hal_pcd.o
 .text.HAL_PCD_EP_DB_Transmit
                0x00000000080029f2      0x7f4 ./Drivers/STM32F1xx_HAL_Driver/Src/stm32f1xx_hal_pcd.o
 .text.HAL_PCDEx_PMAConfig
                0x00000000080031e6       0x84 ./Drivers/STM32F1xx_HAL_Driver/Src/stm32f1xx_hal_pcd_ex.o
                0x00000000080031e6                HAL_PCDEx_PMAConfig
 *fill*         0x000000000800326a        0x2 
 .text.HAL_RCC_OscConfig
                0x000000000800326c      0x504 ./Drivers/STM32F1xx_HAL_Driver/Src/stm32f1xx_hal_rcc.o
                0x000000000800326c                HAL_RCC_OscConfig
 .text.HAL_RCC_ClockConfig
                0x0000000008003770      0x1d4 ./Drivers/STM32F1xx_HAL_Driver/Src/stm32f1xx_hal_rcc.o
                0x0000000008003770                HAL_RCC_ClockConfig
 .text.HAL_RCC_GetSysClockFreq
                0x0000000008003944       0xa8 ./Drivers/STM32F1xx_HAL_Driver/Src/stm32f1xx_hal_rcc.o
                0x0000000008003944                HAL_RCC_GetSysClockFreq
 .text.HAL_RCC_GetHCLKFreq
                0x00000000080039ec       0x14 ./Drivers/STM32F1xx_HAL_Driver/Src/stm32f1xx_hal_rcc.o
                0x00000000080039ec                HAL_RCC_GetHCLKFreq
 .text.RCC_Delay
                0x0000000008003a00       0x3c ./Drivers/STM32F1xx_HAL_Driver/Src/stm32f1xx_hal_rcc.o
 .text.HAL_RCCEx_PeriphCLKConfig
                0x0000000008003a3c      0x16c ./Drivers/STM32F1xx_HAL_Driver/Src/stm32f1xx_hal_rcc_ex.o
                0x0000000008003a3c                HAL_RCCEx_PeriphCLKConfig
 .text.USB_CoreInit
                0x0000000008003ba8       0x20 ./Drivers/STM32F1xx_HAL_Driver/Src/stm32f1xx_ll_usb.o
                0x0000000008003ba8                USB_CoreInit
 .text.USB_EnableGlobalInt
                0x0000000008003bc8       0x2c ./Drivers/STM32F1xx_HAL_Driver/Src/stm32f1xx_ll_usb.o
                0x0000000008003bc8                USB_EnableGlobalInt
 .text.USB_DisableGlobalInt
                0x0000000008003bf4       0x34 ./Drivers/STM32F1xx_HAL_Driver/Src/stm32f1xx_ll_usb.o
                0x0000000008003bf4                USB_DisableGlobalInt
 .text.USB_SetCurrentMode
                0x0000000008003c28       0x18 ./Drivers/STM32F1xx_HAL_Driver/Src/stm32f1xx_ll_usb.o
                0x0000000008003c28                USB_SetCurrentMode
 .text.USB_DevInit
                0x0000000008003c40       0x40 ./Drivers/STM32F1xx_HAL_Driver/Src/stm32f1xx_ll_usb.o
                0x0000000008003c40                USB_DevInit
 .text.USB_ActivateEndpoint
                0x0000000008003c80      0x780 ./Drivers/STM32F1xx_HAL_Driver/Src/stm32f1xx_ll_usb.o
                0x0000000008003c80                USB_ActivateEndpoint
 .text.USB_DeactivateEndpoint
                0x0000000008004400      0x3d8 ./Drivers/STM32F1xx_HAL_Driver/Src/stm32f1xx_ll_usb.o
                0x0000000008004400                USB_DeactivateEndpoint
 .text.USB_EPStartXfer
                0x00000000080047d8     0x1762 ./Drivers/STM32F1xx_HAL_Driver/Src/stm32f1xx_ll_usb.o
                0x00000000080047d8                USB_EPStartXfer
 .text.USB_EPSetStall
                0x0000000008005f3a       0xa0 ./Drivers/STM32F1xx_HAL_Driver/Src/stm32f1xx_ll_usb.o
                0x0000000008005f3a                USB_EPSetStall
 .text.USB_EPClearStall
                0x0000000008005fda      0x15a ./Drivers/STM32F1xx_HAL_Driver/Src/stm32f1xx_ll_usb.o
                0x0000000008005fda                USB_EPClearStall
 .text.USB_SetDevAddress
                0x0000000008006134       0x26 ./Drivers/STM32F1xx_HAL_Driver/Src/stm32f1xx_ll_usb.o
                0x0000000008006134                USB_SetDevAddress
 .text.USB_DevConnect
                0x000000000800615a       0x14 ./Drivers/STM32F1xx_HAL_Driver/Src/stm32f1xx_ll_usb.o
                0x000000000800615a                USB_DevConnect
 .text.USB_DevDisconnect
                0x000000000800616e       0x14 ./Drivers/STM32F1xx_HAL_Driver/Src/stm32f1xx_ll_usb.o
                0x000000000800616e                USB_DevDisconnect
 .text.USB_ReadInterrupts
                0x0000000008006182       0x1e ./Drivers/STM32F1xx_HAL_Driver/Src/stm32f1xx_ll_usb.o
                0x0000000008006182                USB_ReadInterrupts
 .text.USB_EP0_OutStart
                0x00000000080061a0       0x16 ./Drivers/STM32F1xx_HAL_Driver/Src/stm32f1xx_ll_usb.o
                0x00000000080061a0                USB_EP0_OutStart
 .text.USB_WritePMA
                0x00000000080061b6       0x8a ./Drivers/STM32F1xx_HAL_Driver/Src/stm32f1xx_ll_usb.o
                0x00000000080061b6                USB_WritePMA
 .text.USB_ReadPMA
                0x0000000008006240       0x9e ./Drivers/STM32F1xx_HAL_Driver/Src/stm32f1xx_ll_usb.o
                0x0000000008006240                USB_ReadPMA
 *fill*         0x00000000080062de        0x2 
 .text.CPU_IntSrcPrioSet
                0x00000000080062e0      0x278 ./Micrium/Software/uC-CPU/ARM-Cortex-M/ARMv7-M/cpu_c.o
                0x00000000080062e0                CPU_IntSrcPrioSet
 .text.CPU_SW_Exception
                0x0000000008006558        0x6 ./Micrium/Software/uC-CPU/cpu_core.o
                0x0000000008006558                CPU_SW_Exception
 *fill*         0x000000000800655e        0x2 
 .text.OSDebugInit
                0x0000000008006560      0x1d8 ./Micrium/Software/uCOS-II/Ports/ARM-Cortex-M/ARMv7-M/GNU/os_dbg.o
                0x0000000008006560                OSDebugInit
 .text.OSInitHookBegin
                0x0000000008006738       0x68 ./Micrium/Software/uCOS-II/Ports/ARM-Cortex-M/ARMv7-M/os_cpu_c.o
                0x0000000008006738                OSInitHookBegin
 .text.OSInitHookEnd
                0x00000000080067a0        0xc ./Micrium/Software/uCOS-II/Ports/ARM-Cortex-M/ARMv7-M/os_cpu_c.o
                0x00000000080067a0                OSInitHookEnd
 .text.OSTaskCreateHook
                0x00000000080067ac       0x16 ./Micrium/Software/uCOS-II/Ports/ARM-Cortex-M/ARMv7-M/os_cpu_c.o
                0x00000000080067ac                OSTaskCreateHook
 .text.OSTaskDelHook
                0x00000000080067c2       0x16 ./Micrium/Software/uCOS-II/Ports/ARM-Cortex-M/ARMv7-M/os_cpu_c.o
                0x00000000080067c2                OSTaskDelHook
 .text.OSTaskIdleHook
                0x00000000080067d8        0xc ./Micrium/Software/uCOS-II/Ports/ARM-Cortex-M/ARMv7-M/os_cpu_c.o
                0x00000000080067d8                OSTaskIdleHook
 .text.OSTaskReturnHook
                0x00000000080067e4       0x16 ./Micrium/Software/uCOS-II/Ports/ARM-Cortex-M/ARMv7-M/os_cpu_c.o
                0x00000000080067e4                OSTaskReturnHook
 .text.OSTaskStatHook
                0x00000000080067fa        0xc ./Micrium/Software/uCOS-II/Ports/ARM-Cortex-M/ARMv7-M/os_cpu_c.o
                0x00000000080067fa                OSTaskStatHook
 *fill*         0x0000000008006806        0x2 
 .text.OSTaskStkInit
                0x0000000008006808      0x114 ./Micrium/Software/uCOS-II/Ports/ARM-Cortex-M/ARMv7-M/os_cpu_c.o
                0x0000000008006808                OSTaskStkInit
 .text.OSTaskSwHook
                0x000000000800691c        0xc ./Micrium/Software/uCOS-II/Ports/ARM-Cortex-M/ARMv7-M/os_cpu_c.o
                0x000000000800691c                OSTaskSwHook
 .text.OSTCBInitHook
                0x0000000008006928       0x16 ./Micrium/Software/uCOS-II/Ports/ARM-Cortex-M/ARMv7-M/os_cpu_c.o
                0x0000000008006928                OSTCBInitHook
 *fill*         0x000000000800693e        0x2 
 .text.OSTimeTickHook
                0x0000000008006940       0x30 ./Micrium/Software/uCOS-II/Ports/ARM-Cortex-M/ARMv7-M/os_cpu_c.o
                0x0000000008006940                OSTimeTickHook
 .text.OS_CPU_SysTickHandler
                0x0000000008006970       0x1c ./Micrium/Software/uCOS-II/Ports/ARM-Cortex-M/ARMv7-M/os_cpu_c.o
                0x0000000008006970                OS_CPU_SysTickHandler
 .text.OS_CPU_SysTickInitFreq
                0x000000000800698c       0x28 ./Micrium/Software/uCOS-II/Ports/ARM-Cortex-M/ARMv7-M/os_cpu_c.o
                0x000000000800698c                OS_CPU_SysTickInitFreq
 .text.OS_CPU_SysTickInit
                0x00000000080069b4       0x60 ./Micrium/Software/uCOS-II/Ports/ARM-Cortex-M/ARMv7-M/os_cpu_c.o
                0x00000000080069b4                OS_CPU_SysTickInit
 .text.OSEventNameSet
                0x0000000008006a14       0x70 ./Micrium/Software/uCOS-II/Source/os_core.o
                0x0000000008006a14                OSEventNameSet
 .text.OSInit   0x0000000008006a84       0x3c ./Micrium/Software/uCOS-II/Source/os_core.o
                0x0000000008006a84                OSInit
 .text.OSIntEnter
                0x0000000008006ac0       0x30 ./Micrium/Software/uCOS-II/Source/os_core.o
                0x0000000008006ac0                OSIntEnter
 .text.OSIntExit
                0x0000000008006af0       0xa0 ./Micrium/Software/uCOS-II/Source/os_core.o
                0x0000000008006af0                OSIntExit
 .text.OSSchedLock
                0x0000000008006b90       0x4c ./Micrium/Software/uCOS-II/Source/os_core.o
                0x0000000008006b90                OSSchedLock
 .text.OSSchedUnlock
                0x0000000008006bdc       0x68 ./Micrium/Software/uCOS-II/Source/os_core.o
                0x0000000008006bdc                OSSchedUnlock
 .text.OSStart  0x0000000008006c44       0x50 ./Micrium/Software/uCOS-II/Source/os_core.o
                0x0000000008006c44                OSStart
 .text.OSStatInit
                0x0000000008006c94       0x50 ./Micrium/Software/uCOS-II/Source/os_core.o
                0x0000000008006c94                OSStatInit
 .text.OSTimeTick
                0x0000000008006ce4      0x138 ./Micrium/Software/uCOS-II/Source/os_core.o
                0x0000000008006ce4                OSTimeTick
 .text.OS_Dummy
                0x0000000008006e1c        0xc ./Micrium/Software/uCOS-II/Source/os_core.o
                0x0000000008006e1c                OS_Dummy
 .text.OS_EventTaskRdy
                0x0000000008006e28       0xe4 ./Micrium/Software/uCOS-II/Source/os_core.o
                0x0000000008006e28                OS_EventTaskRdy
 .text.OS_EventTaskWait
                0x0000000008006f0c       0xac ./Micrium/Software/uCOS-II/Source/os_core.o
                0x0000000008006f0c                OS_EventTaskWait
 .text.OS_EventTaskRemove
                0x0000000008006fb8       0x64 ./Micrium/Software/uCOS-II/Source/os_core.o
                0x0000000008006fb8                OS_EventTaskRemove
 .text.OS_EventTaskRemoveMulti
                0x000000000800701c       0x86 ./Micrium/Software/uCOS-II/Source/os_core.o
                0x000000000800701c                OS_EventTaskRemoveMulti
 .text.OS_EventWaitListInit
                0x00000000080070a2       0x36 ./Micrium/Software/uCOS-II/Source/os_core.o
                0x00000000080070a2                OS_EventWaitListInit
 .text.OS_InitEventList
                0x00000000080070d8       0x94 ./Micrium/Software/uCOS-II/Source/os_core.o
 .text.OS_InitMisc
                0x000000000800716c       0x7c ./Micrium/Software/uCOS-II/Source/os_core.o
 .text.OS_InitRdyList
                0x00000000080071e8       0x60 ./Micrium/Software/uCOS-II/Source/os_core.o
 .text.OS_InitTaskIdle
                0x0000000008007248       0x4c ./Micrium/Software/uCOS-II/Source/os_core.o
 .text.OS_InitTaskStat
                0x0000000008007294       0x4c ./Micrium/Software/uCOS-II/Source/os_core.o
 .text.OS_InitTCBList
                0x00000000080072e0       0x9c ./Micrium/Software/uCOS-II/Source/os_core.o
 .text.OS_MemClr
                0x000000000800737c       0x30 ./Micrium/Software/uCOS-II/Source/os_core.o
                0x000000000800737c                OS_MemClr
 .text.OS_Sched
                0x00000000080073ac       0x80 ./Micrium/Software/uCOS-II/Source/os_core.o
                0x00000000080073ac                OS_Sched
 .text.OS_SchedNew
                0x000000000800742c       0x48 ./Micrium/Software/uCOS-II/Source/os_core.o
 .text.OS_TaskIdle
                0x0000000008007474       0x28 ./Micrium/Software/uCOS-II/Source/os_core.o
                0x0000000008007474                OS_TaskIdle
 .text.OS_TaskStat
                0x000000000800749c       0xe4 ./Micrium/Software/uCOS-II/Source/os_core.o
                0x000000000800749c                OS_TaskStat
 .text.OS_TaskStatStkChk
                0x0000000008007580       0x68 ./Micrium/Software/uCOS-II/Source/os_core.o
                0x0000000008007580                OS_TaskStatStkChk
 .text.OS_TCBInit
                0x00000000080075e8      0x1d4 ./Micrium/Software/uCOS-II/Source/os_core.o
                0x00000000080075e8                OS_TCBInit
 .text.OS_FlagInit
                0x00000000080077bc       0x84 ./Micrium/Software/uCOS-II/Source/os_flag.o
                0x00000000080077bc                OS_FlagInit
 .text.OS_FlagUnlink
                0x0000000008007840       0x5c ./Micrium/Software/uCOS-II/Source/os_flag.o
                0x0000000008007840                OS_FlagUnlink
 .text.OS_MemInit
                0x000000000800789c       0x80 ./Micrium/Software/uCOS-II/Source/os_mem.o
                0x000000000800789c                OS_MemInit
 .text.OS_QInit
                0x000000000800791c       0x78 ./Micrium/Software/uCOS-II/Source/os_q.o
                0x000000000800791c                OS_QInit
 .text.OSSemCreate
                0x0000000008007994       0x74 ./Micrium/Software/uCOS-II/Source/os_sem.o
                0x0000000008007994                OSSemCreate
 .text.OSSemPend
                0x0000000008007a08      0x11c ./Micrium/Software/uCOS-II/Source/os_sem.o
                0x0000000008007a08                OSSemPend
 .text.OSSemPost
                0x0000000008007b24       0x74 ./Micrium/Software/uCOS-II/Source/os_sem.o
                0x0000000008007b24                OSSemPost
 .text.OSTaskCreate
                0x0000000008007b98       0xb8 ./Micrium/Software/uCOS-II/Source/os_task.o
                0x0000000008007b98                OSTaskCreate
 .text.OSTaskCreateExt
                0x0000000008007c50       0xc8 ./Micrium/Software/uCOS-II/Source/os_task.o
                0x0000000008007c50                OSTaskCreateExt
 .text.OSTaskDel
                0x0000000008007d18      0x1e0 ./Micrium/Software/uCOS-II/Source/os_task.o
                0x0000000008007d18                OSTaskDel
 .text.OSTaskNameSet
                0x0000000008007ef8       0xa8 ./Micrium/Software/uCOS-II/Source/os_task.o
                0x0000000008007ef8                OSTaskNameSet
 .text.OSTaskResume
                0x0000000008007fa0       0xe8 ./Micrium/Software/uCOS-II/Source/os_task.o
                0x0000000008007fa0                OSTaskResume
 .text.OSTaskStkChk
                0x0000000008008088       0xd0 ./Micrium/Software/uCOS-II/Source/os_task.o
                0x0000000008008088                OSTaskStkChk
 .text.OSTaskSuspend
                0x0000000008008158       0xfc ./Micrium/Software/uCOS-II/Source/os_task.o
                0x0000000008008158                OSTaskSuspend
 .text.OS_TaskReturn
                0x0000000008008254       0x1c ./Micrium/Software/uCOS-II/Source/os_task.o
                0x0000000008008254                OS_TaskReturn
 .text.OS_TaskStkClr
                0x0000000008008270       0x44 ./Micrium/Software/uCOS-II/Source/os_task.o
                0x0000000008008270                OS_TaskStkClr
 .text.OSTimeDly
                0x00000000080082b4       0xa0 ./Micrium/Software/uCOS-II/Source/os_time.o
                0x00000000080082b4                OSTimeDly
 .text.OSTimeDlyHMSM
                0x0000000008008354       0xc8 ./Micrium/Software/uCOS-II/Source/os_time.o
                0x0000000008008354                OSTimeDlyHMSM
 .text.OSTimeGet
                0x000000000800841c       0x28 ./Micrium/Software/uCOS-II/Source/os_time.o
                0x000000000800841c                OSTimeGet
 .text.OSTmrSignal
                0x0000000008008444       0x24 ./Micrium/Software/uCOS-II/Source/os_tmr.o
                0x0000000008008444                OSTmrSignal
 .text.OSTmr_Init
                0x0000000008008468      0x118 ./Micrium/Software/uCOS-II/Source/os_tmr.o
                0x0000000008008468                OSTmr_Init
 .text.OSTmr_InitTask
                0x0000000008008580       0x4c ./Micrium/Software/uCOS-II/Source/os_tmr.o
 .text.OSTmr_Link
                0x00000000080085cc       0xd4 ./Micrium/Software/uCOS-II/Source/os_tmr.o
 .text.OSTmr_Unlink
                0x00000000080086a0       0xa4 ./Micrium/Software/uCOS-II/Source/os_tmr.o
 .text.OSTmr_Task
                0x0000000008008744       0xc4 ./Micrium/Software/uCOS-II/Source/os_tmr.o
 .text.App_TaskCreateHook
                0x0000000008008808       0x12 ./Micrium/Template/OS2/app_hooks.o
                0x0000000008008808                App_TaskCreateHook
 .text.App_TaskDelHook
                0x000000000800881a       0x12 ./Micrium/Template/OS2/app_hooks.o
                0x000000000800881a                App_TaskDelHook
 .text.App_TaskIdleHook
                0x000000000800882c        0xc ./Micrium/Template/OS2/app_hooks.o
                0x000000000800882c                App_TaskIdleHook
 .text.App_TaskStatHook
                0x0000000008008838        0xc ./Micrium/Template/OS2/app_hooks.o
                0x0000000008008838                App_TaskStatHook
 .text.App_TaskReturnHook
                0x0000000008008844       0x12 ./Micrium/Template/OS2/app_hooks.o
                0x0000000008008844                App_TaskReturnHook
 .text.App_TaskSwHook
                0x0000000008008856        0xc ./Micrium/Template/OS2/app_hooks.o
                0x0000000008008856                App_TaskSwHook
 .text.App_TCBInitHook
                0x0000000008008862       0x12 ./Micrium/Template/OS2/app_hooks.o
                0x0000000008008862                App_TCBInitHook
 .text.App_TimeTickHook
                0x0000000008008874        0xc ./Micrium/Template/OS2/app_hooks.o
                0x0000000008008874                App_TimeTickHook
 .text.USBD_CDC_Init
                0x0000000008008880       0xf4 ./Middlewares/ST/STM32_USB_Device_Library/Class/CDC/Src/usbd_cdc.o
 .text.USBD_CDC_DeInit
                0x0000000008008974       0x6e ./Middlewares/ST/STM32_USB_Device_Library/Class/CDC/Src/usbd_cdc.o
 .text.USBD_CDC_Setup
                0x00000000080089e2      0x146 ./Middlewares/ST/STM32_USB_Device_Library/Class/CDC/Src/usbd_cdc.o
 .text.USBD_CDC_DataIn
                0x0000000008008b28       0xa6 ./Middlewares/ST/STM32_USB_Device_Library/Class/CDC/Src/usbd_cdc.o
 .text.USBD_CDC_DataOut
                0x0000000008008bce       0x56 ./Middlewares/ST/STM32_USB_Device_Library/Class/CDC/Src/usbd_cdc.o
 .text.USBD_CDC_EP0_RxReady
                0x0000000008008c24       0x50 ./Middlewares/ST/STM32_USB_Device_Library/Class/CDC/Src/usbd_cdc.o
 .text.USBD_CDC_GetFSCfgDesc
                0x0000000008008c74       0x20 ./Middlewares/ST/STM32_USB_Device_Library/Class/CDC/Src/usbd_cdc.o
 .text.USBD_CDC_GetHSCfgDesc
                0x0000000008008c94       0x20 ./Middlewares/ST/STM32_USB_Device_Library/Class/CDC/Src/usbd_cdc.o
 .text.USBD_CDC_GetOtherSpeedCfgDesc
                0x0000000008008cb4       0x20 ./Middlewares/ST/STM32_USB_Device_Library/Class/CDC/Src/usbd_cdc.o
 .text.USBD_CDC_GetDeviceQualifierDescriptor
                0x0000000008008cd4       0x20 ./Middlewares/ST/STM32_USB_Device_Library/Class/CDC/Src/usbd_cdc.o
                0x0000000008008cd4                USBD_CDC_GetDeviceQualifierDescriptor
 .text.USBD_CDC_RegisterInterface
                0x0000000008008cf4       0x2c ./Middlewares/ST/STM32_USB_Device_Library/Class/CDC/Src/usbd_cdc.o
                0x0000000008008cf4                USBD_CDC_RegisterInterface
 .text.USBD_CDC_SetTxBuffer
                0x0000000008008d20       0x32 ./Middlewares/ST/STM32_USB_Device_Library/Class/CDC/Src/usbd_cdc.o
                0x0000000008008d20                USBD_CDC_SetTxBuffer
 .text.USBD_CDC_SetRxBuffer
                0x0000000008008d52       0x26 ./Middlewares/ST/STM32_USB_Device_Library/Class/CDC/Src/usbd_cdc.o
                0x0000000008008d52                USBD_CDC_SetRxBuffer
 .text.USBD_CDC_TransmitPacket
                0x0000000008008d78       0x5e ./Middlewares/ST/STM32_USB_Device_Library/Class/CDC/Src/usbd_cdc.o
                0x0000000008008d78                USBD_CDC_TransmitPacket
 .text.USBD_CDC_ReceivePacket
                0x0000000008008dd6       0x54 ./Middlewares/ST/STM32_USB_Device_Library/Class/CDC/Src/usbd_cdc.o
                0x0000000008008dd6                USBD_CDC_ReceivePacket
 .text.USBD_Init
                0x0000000008008e2a       0x56 ./Middlewares/ST/STM32_USB_Device_Library/Core/Src/usbd_core.o
                0x0000000008008e2a                USBD_Init
 .text.USBD_RegisterClass
                0x0000000008008e80       0x32 ./Middlewares/ST/STM32_USB_Device_Library/Core/Src/usbd_core.o
                0x0000000008008e80                USBD_RegisterClass
 .text.USBD_Start
                0x0000000008008eb2       0x18 ./Middlewares/ST/STM32_USB_Device_Library/Core/Src/usbd_core.o
                0x0000000008008eb2                USBD_Start
 .text.USBD_RunTestMode
                0x0000000008008eca       0x14 ./Middlewares/ST/STM32_USB_Device_Library/Core/Src/usbd_core.o
                0x0000000008008eca                USBD_RunTestMode
 .text.USBD_SetClassConfig
                0x0000000008008ede       0x3e ./Middlewares/ST/STM32_USB_Device_Library/Core/Src/usbd_core.o
                0x0000000008008ede                USBD_SetClassConfig
 .text.USBD_ClrClassConfig
                0x0000000008008f1c       0x26 ./Middlewares/ST/STM32_USB_Device_Library/Core/Src/usbd_core.o
                0x0000000008008f1c                USBD_ClrClassConfig
 .text.USBD_LL_SetupStage
                0x0000000008008f42       0x9a ./Middlewares/ST/STM32_USB_Device_Library/Core/Src/usbd_core.o
                0x0000000008008f42                USBD_LL_SetupStage
 .text.USBD_LL_DataOutStage
                0x0000000008008fdc       0xe2 ./Middlewares/ST/STM32_USB_Device_Library/Core/Src/usbd_core.o
                0x0000000008008fdc                USBD_LL_DataOutStage
 .text.USBD_LL_DataInStage
                0x00000000080090be      0x14a ./Middlewares/ST/STM32_USB_Device_Library/Core/Src/usbd_core.o
                0x00000000080090be                USBD_LL_DataInStage
 .text.USBD_LL_Reset
                0x0000000008009208       0x82 ./Middlewares/ST/STM32_USB_Device_Library/Core/Src/usbd_core.o
                0x0000000008009208                USBD_LL_Reset
 .text.USBD_LL_SetSpeed
                0x000000000800928a       0x1e ./Middlewares/ST/STM32_USB_Device_Library/Core/Src/usbd_core.o
                0x000000000800928a                USBD_LL_SetSpeed
 .text.USBD_LL_Suspend
                0x00000000080092a8       0x28 ./Middlewares/ST/STM32_USB_Device_Library/Core/Src/usbd_core.o
                0x00000000080092a8                USBD_LL_Suspend
 .text.USBD_LL_Resume
                0x00000000080092d0       0x2a ./Middlewares/ST/STM32_USB_Device_Library/Core/Src/usbd_core.o
                0x00000000080092d0                USBD_LL_Resume
 .text.USBD_LL_SOF
                0x00000000080092fa       0x34 ./Middlewares/ST/STM32_USB_Device_Library/Core/Src/usbd_core.o
                0x00000000080092fa                USBD_LL_SOF
 *fill*         0x000000000800932e        0x2 
 .text.USBD_StdDevReq
                0x0000000008009330       0xd4 ./Middlewares/ST/STM32_USB_Device_Library/Core/Src/usbd_ctlreq.o
                0x0000000008009330                USBD_StdDevReq
 .text.USBD_StdItfReq
                0x0000000008009404       0x90 ./Middlewares/ST/STM32_USB_Device_Library/Core/Src/usbd_ctlreq.o
                0x0000000008009404                USBD_StdItfReq
 .text.USBD_StdEPReq
                0x0000000008009494      0x2c6 ./Middlewares/ST/STM32_USB_Device_Library/Core/Src/usbd_ctlreq.o
                0x0000000008009494                USBD_StdEPReq
 *fill*         0x000000000800975a        0x2 
 .text.USBD_GetDescriptor
                0x000000000800975c      0x2d0 ./Middlewares/ST/STM32_USB_Device_Library/Core/Src/usbd_ctlreq.o
 .text.USBD_SetAddress
                0x0000000008009a2c       0x86 ./Middlewares/ST/STM32_USB_Device_Library/Core/Src/usbd_ctlreq.o
 *fill*         0x0000000008009ab2        0x2 
 .text.USBD_SetConfig
                0x0000000008009ab4      0x11c ./Middlewares/ST/STM32_USB_Device_Library/Core/Src/usbd_ctlreq.o
 .text.USBD_GetConfig
                0x0000000008009bd0       0x6a ./Middlewares/ST/STM32_USB_Device_Library/Core/Src/usbd_ctlreq.o
 .text.USBD_GetStatus
                0x0000000008009c3a       0x66 ./Middlewares/ST/STM32_USB_Device_Library/Core/Src/usbd_ctlreq.o
 .text.USBD_SetFeature
                0x0000000008009ca0       0x28 ./Middlewares/ST/STM32_USB_Device_Library/Core/Src/usbd_ctlreq.o
 .text.USBD_ClrFeature
                0x0000000008009cc8       0x42 ./Middlewares/ST/STM32_USB_Device_Library/Core/Src/usbd_ctlreq.o
 .text.USBD_ParseSetupRequest
                0x0000000008009d0a       0x78 ./Middlewares/ST/STM32_USB_Device_Library/Core/Src/usbd_ctlreq.o
                0x0000000008009d0a                USBD_ParseSetupRequest
 .text.USBD_CtlError
                0x0000000008009d82       0x22 ./Middlewares/ST/STM32_USB_Device_Library/Core/Src/usbd_ctlreq.o
                0x0000000008009d82                USBD_CtlError
 .text.USBD_GetString
                0x0000000008009da4       0x84 ./Middlewares/ST/STM32_USB_Device_Library/Core/Src/usbd_ctlreq.o
                0x0000000008009da4                USBD_GetString
 .text.USBD_GetLen
                0x0000000008009e28       0x2e ./Middlewares/ST/STM32_USB_Device_Library/Core/Src/usbd_ctlreq.o
 .text.USBD_CtlSendData
                0x0000000008009e56       0x38 ./Middlewares/ST/STM32_USB_Device_Library/Core/Src/usbd_ioreq.o
                0x0000000008009e56                USBD_CtlSendData
 .text.USBD_CtlContinueSendData
                0x0000000008009e8e       0x24 ./Middlewares/ST/STM32_USB_Device_Library/Core/Src/usbd_ioreq.o
                0x0000000008009e8e                USBD_CtlContinueSendData
 .text.USBD_CtlPrepareRx
                0x0000000008009eb2       0x3c ./Middlewares/ST/STM32_USB_Device_Library/Core/Src/usbd_ioreq.o
                0x0000000008009eb2                USBD_CtlPrepareRx
 .text.USBD_CtlContinueRx
                0x0000000008009eee       0x24 ./Middlewares/ST/STM32_USB_Device_Library/Core/Src/usbd_ioreq.o
                0x0000000008009eee                USBD_CtlContinueRx
 .text.USBD_CtlSendStatus
                0x0000000008009f12       0x26 ./Middlewares/ST/STM32_USB_Device_Library/Core/Src/usbd_ioreq.o
                0x0000000008009f12                USBD_CtlSendStatus
 .text.USBD_CtlReceiveStatus
                0x0000000008009f38       0x26 ./Middlewares/ST/STM32_USB_Device_Library/Core/Src/usbd_ioreq.o
                0x0000000008009f38                USBD_CtlReceiveStatus
 *fill*         0x0000000008009f5e        0x2 
 .text.MX_USB_DEVICE_Init
                0x0000000008009f60       0x60 ./USB_DEVICE/App/usb_device.o
                0x0000000008009f60                MX_USB_DEVICE_Init
 .text.CDC_Init_FS
                0x0000000008009fc0       0x28 ./USB_DEVICE/App/usbd_cdc_if.o
 .text.CDC_DeInit_FS
                0x0000000008009fe8        0xe ./USB_DEVICE/App/usbd_cdc_if.o
 *fill*         0x0000000008009ff6        0x2 
 .text.CDC_Control_FS
                0x0000000008009ff8       0xbc ./USB_DEVICE/App/usbd_cdc_if.o
 .text.CDC_Receive_FS
                0x000000000800a0b4       0x28 ./USB_DEVICE/App/usbd_cdc_if.o
 .text.CDC_Transmit_FS
                0x000000000800a0dc       0x4c ./USB_DEVICE/App/usbd_cdc_if.o
                0x000000000800a0dc                CDC_Transmit_FS
 .text.USBD_FS_DeviceDescriptor
                0x000000000800a128       0x24 ./USB_DEVICE/App/usbd_desc.o
                0x000000000800a128                USBD_FS_DeviceDescriptor
 .text.USBD_FS_LangIDStrDescriptor
                0x000000000800a14c       0x24 ./USB_DEVICE/App/usbd_desc.o
                0x000000000800a14c                USBD_FS_LangIDStrDescriptor
 .text.USBD_FS_ProductStrDescriptor
                0x000000000800a170       0x3c ./USB_DEVICE/App/usbd_desc.o
                0x000000000800a170                USBD_FS_ProductStrDescriptor
 .text.USBD_FS_ManufacturerStrDescriptor
                0x000000000800a1ac       0x28 ./USB_DEVICE/App/usbd_desc.o
                0x000000000800a1ac                USBD_FS_ManufacturerStrDescriptor
 .text.USBD_FS_SerialStrDescriptor
                0x000000000800a1d4       0x24 ./USB_DEVICE/App/usbd_desc.o
                0x000000000800a1d4                USBD_FS_SerialStrDescriptor
 .text.USBD_FS_ConfigStrDescriptor
                0x000000000800a1f8       0x3c ./USB_DEVICE/App/usbd_desc.o
                0x000000000800a1f8                USBD_FS_ConfigStrDescriptor
 .text.USBD_FS_InterfaceStrDescriptor
                0x000000000800a234       0x3c ./USB_DEVICE/App/usbd_desc.o
                0x000000000800a234                USBD_FS_InterfaceStrDescriptor
 .text.Get_SerialNum
                0x000000000800a270       0x58 ./USB_DEVICE/App/usbd_desc.o
 .text.IntToUnicode
                0x000000000800a2c8       0x7c ./USB_DEVICE/App/usbd_desc.o
 .text.HAL_PCD_MspInit
                0x000000000800a344       0x4c ./USB_DEVICE/Target/usbd_conf.o
                0x000000000800a344                HAL_PCD_MspInit
 .text.HAL_PCD_SetupStageCallback
                0x000000000800a390       0x24 ./USB_DEVICE/Target/usbd_conf.o
                0x000000000800a390                HAL_PCD_SetupStageCallback
 .text.HAL_PCD_DataOutStageCallback
                0x000000000800a3b4       0x36 ./USB_DEVICE/Target/usbd_conf.o
                0x000000000800a3b4                HAL_PCD_DataOutStageCallback
 .text.HAL_PCD_DataInStageCallback
                0x000000000800a3ea       0x34 ./USB_DEVICE/Target/usbd_conf.o
                0x000000000800a3ea                HAL_PCD_DataInStageCallback
 .text.HAL_PCD_SOFCallback
                0x000000000800a41e       0x1c ./USB_DEVICE/Target/usbd_conf.o
                0x000000000800a41e                HAL_PCD_SOFCallback
 .text.HAL_PCD_ResetCallback
                0x000000000800a43a       0x3c ./USB_DEVICE/Target/usbd_conf.o
                0x000000000800a43a                HAL_PCD_ResetCallback
 *fill*         0x000000000800a476        0x2 
 .text.HAL_PCD_SuspendCallback
                0x000000000800a478       0x34 ./USB_DEVICE/Target/usbd_conf.o
                0x000000000800a478                HAL_PCD_SuspendCallback
 .text.HAL_PCD_ResumeCallback
                0x000000000800a4ac       0x1c ./USB_DEVICE/Target/usbd_conf.o
                0x000000000800a4ac                HAL_PCD_ResumeCallback
 .text.USBD_LL_Init
                0x000000000800a4c8       0xb4 ./USB_DEVICE/Target/usbd_conf.o
                0x000000000800a4c8                USBD_LL_Init
 .text.USBD_LL_Start
                0x000000000800a57c       0x36 ./USB_DEVICE/Target/usbd_conf.o
                0x000000000800a57c                USBD_LL_Start
 .text.USBD_LL_OpenEP
                0x000000000800a5b2       0x4c ./USB_DEVICE/Target/usbd_conf.o
                0x000000000800a5b2                USBD_LL_OpenEP
 .text.USBD_LL_CloseEP
                0x000000000800a5fe       0x3e ./USB_DEVICE/Target/usbd_conf.o
                0x000000000800a5fe                USBD_LL_CloseEP
 .text.USBD_LL_StallEP
                0x000000000800a63c       0x3e ./USB_DEVICE/Target/usbd_conf.o
                0x000000000800a63c                USBD_LL_StallEP
 .text.USBD_LL_ClearStallEP
                0x000000000800a67a       0x3e ./USB_DEVICE/Target/usbd_conf.o
                0x000000000800a67a                USBD_LL_ClearStallEP
 .text.USBD_LL_IsStallEP
                0x000000000800a6b8       0x58 ./USB_DEVICE/Target/usbd_conf.o
                0x000000000800a6b8                USBD_LL_IsStallEP
 .text.USBD_LL_SetUSBAddress
                0x000000000800a710       0x3e ./USB_DEVICE/Target/usbd_conf.o
                0x000000000800a710                USBD_LL_SetUSBAddress
 .text.USBD_LL_Transmit
                0x000000000800a74e       0x46 ./USB_DEVICE/Target/usbd_conf.o
                0x000000000800a74e                USBD_LL_Transmit
 .text.USBD_LL_PrepareReceive
                0x000000000800a794       0x46 ./USB_DEVICE/Target/usbd_conf.o
                0x000000000800a794                USBD_LL_PrepareReceive
 .text.USBD_LL_GetRxDataSize
                0x000000000800a7da       0x26 ./USB_DEVICE/Target/usbd_conf.o
                0x000000000800a7da                USBD_LL_GetRxDataSize
 .text.USBD_static_malloc
                0x000000000800a800       0x18 ./USB_DEVICE/Target/usbd_conf.o
                0x000000000800a800                USBD_static_malloc
 .text.USBD_static_free
                0x000000000800a818       0x12 ./USB_DEVICE/Target/usbd_conf.o
                0x000000000800a818                USBD_static_free
 .text.HAL_PCDEx_SetConnectionState
                0x000000000800a82a       0x16 ./USB_DEVICE/Target/usbd_conf.o
                0x000000000800a82a                HAL_PCDEx_SetConnectionState
 .text.USBD_Get_USB_Status
                0x000000000800a840       0x58 ./USB_DEVICE/Target/usbd_conf.o
 .text._vsprintf_r
                0x000000000800a898       0x2c C:/ST/STM32CubeIDE_1.10.1/STM32CubeIDE/plugins/com.st.stm32cube.ide.mcu.externaltools.gnu-tools-for-stm32.11.3.rel1.win32_1.1.1.202309131626/tools/bin/../lib/gcc/arm-none-eabi/11.3.1/../../../../arm-none-eabi/lib/thumb/v7-m/nofp\libc_nano.a(libc_a-vsprintf.o)
                0x000000000800a898                _vsprintf_r
                0x000000000800a898                _vsiprintf_r
 .text.vsprintf
                0x000000000800a8c4       0x14 C:/ST/STM32CubeIDE_1.10.1/STM32CubeIDE/plugins/com.st.stm32cube.ide.mcu.externaltools.gnu-tools-for-stm32.11.3.rel1.win32_1.1.1.202309131626/tools/bin/../lib/gcc/arm-none-eabi/11.3.1/../../../../arm-none-eabi/lib/thumb/v7-m/nofp\libc_nano.a(libc_a-vsprintf.o)
                0x000000000800a8c4                vsiprintf
                0x000000000800a8c4                vsprintf
 .text.memset   0x000000000800a8d8       0x10 C:/ST/STM32CubeIDE_1.10.1/STM32CubeIDE/plugins/com.st.stm32cube.ide.mcu.externaltools.gnu-tools-for-stm32.11.3.rel1.win32_1.1.1.202309131626/tools/bin/../lib/gcc/arm-none-eabi/11.3.1/../../../../arm-none-eabi/lib/thumb/v7-m/nofp\libc_nano.a(libc_a-memset.o)
                0x000000000800a8d8                memset
 .text.__errno  0x000000000800a8e8        0xc C:/ST/STM32CubeIDE_1.10.1/STM32CubeIDE/plugins/com.st.stm32cube.ide.mcu.externaltools.gnu-tools-for-stm32.11.3.rel1.win32_1.1.1.202309131626/tools/bin/../lib/gcc/arm-none-eabi/11.3.1/../../../../arm-none-eabi/lib/thumb/v7-m/nofp\libc_nano.a(libc_a-errno.o)
                0x000000000800a8e8                __errno
 .text.__libc_init_array
                0x000000000800a8f4       0x48 C:/ST/STM32CubeIDE_1.10.1/STM32CubeIDE/plugins/com.st.stm32cube.ide.mcu.externaltools.gnu-tools-for-stm32.11.3.rel1.win32_1.1.1.202309131626/tools/bin/../lib/gcc/arm-none-eabi/11.3.1/../../../../arm-none-eabi/lib/thumb/v7-m/nofp\libc_nano.a(libc_a-init.o)
                0x000000000800a8f4                __libc_init_array
 .text.__retarget_lock_acquire_recursive
                0x000000000800a93c        0x2 C:/ST/STM32CubeIDE_1.10.1/STM32CubeIDE/plugins/com.st.stm32cube.ide.mcu.externaltools.gnu-tools-for-stm32.11.3.rel1.win32_1.1.1.202309131626/tools/bin/../lib/gcc/arm-none-eabi/11.3.1/../../../../arm-none-eabi/lib/thumb/v7-m/nofp\libc_nano.a(libc_a-lock.o)
                0x000000000800a93c                __retarget_lock_acquire_recursive
 .text.__retarget_lock_release_recursive
                0x000000000800a93e        0x2 C:/ST/STM32CubeIDE_1.10.1/STM32CubeIDE/plugins/com.st.stm32cube.ide.mcu.externaltools.gnu-tools-for-stm32.11.3.rel1.win32_1.1.1.202309131626/tools/bin/../lib/gcc/arm-none-eabi/11.3.1/../../../../arm-none-eabi/lib/thumb/v7-m/nofp\libc_nano.a(libc_a-lock.o)
                0x000000000800a93e                __retarget_lock_release_recursive
 .text._free_r  0x000000000800a940       0x90 C:/ST/STM32CubeIDE_1.10.1/STM32CubeIDE/plugins/com.st.stm32cube.ide.mcu.externaltools.gnu-tools-for-stm32.11.3.rel1.win32_1.1.1.202309131626/tools/bin/../lib/gcc/arm-none-eabi/11.3.1/../../../../arm-none-eabi/lib/thumb/v7-m/nofp\libc_nano.a(libc_a-freer.o)
                0x000000000800a940                _free_r
 .text.sbrk_aligned
                0x000000000800a9d0       0x40 C:/ST/STM32CubeIDE_1.10.1/STM32CubeIDE/plugins/com.st.stm32cube.ide.mcu.externaltools.gnu-tools-for-stm32.11.3.rel1.win32_1.1.1.202309131626/tools/bin/../lib/gcc/arm-none-eabi/11.3.1/../../../../arm-none-eabi/lib/thumb/v7-m/nofp\libc_nano.a(libc_a-mallocr.o)
 .text._malloc_r
                0x000000000800aa10      0x100 C:/ST/STM32CubeIDE_1.10.1/STM32CubeIDE/plugins/com.st.stm32cube.ide.mcu.externaltools.gnu-tools-for-stm32.11.3.rel1.win32_1.1.1.202309131626/tools/bin/../lib/gcc/arm-none-eabi/11.3.1/../../../../arm-none-eabi/lib/thumb/v7-m/nofp\libc_nano.a(libc_a-mallocr.o)
                0x000000000800aa10                _malloc_r
 .text.__malloc_lock
                0x000000000800ab10        0xc C:/ST/STM32CubeIDE_1.10.1/STM32CubeIDE/plugins/com.st.stm32cube.ide.mcu.externaltools.gnu-tools-for-stm32.11.3.rel1.win32_1.1.1.202309131626/tools/bin/../lib/gcc/arm-none-eabi/11.3.1/../../../../arm-none-eabi/lib/thumb/v7-m/nofp\libc_nano.a(libc_a-mlock.o)
                0x000000000800ab10                __malloc_lock
 .text.__malloc_unlock
                0x000000000800ab1c        0xc C:/ST/STM32CubeIDE_1.10.1/STM32CubeIDE/plugins/com.st.stm32cube.ide.mcu.externaltools.gnu-tools-for-stm32.11.3.rel1.win32_1.1.1.202309131626/tools/bin/../lib/gcc/arm-none-eabi/11.3.1/../../../../arm-none-eabi/lib/thumb/v7-m/nofp\libc_nano.a(libc_a-mlock.o)
                0x000000000800ab1c                __malloc_unlock
 .text.__ssputs_r
                0x000000000800ab28       0xb4 C:/ST/STM32CubeIDE_1.10.1/STM32CubeIDE/plugins/com.st.stm32cube.ide.mcu.externaltools.gnu-tools-for-stm32.11.3.rel1.win32_1.1.1.202309131626/tools/bin/../lib/gcc/arm-none-eabi/11.3.1/../../../../arm-none-eabi/lib/thumb/v7-m/nofp\libc_nano.a(libc_a-nano-svfprintf.o)
                0x000000000800ab28                __ssputs_r
 .text._svfprintf_r
                0x000000000800abdc      0x1fc C:/ST/STM32CubeIDE_1.10.1/STM32CubeIDE/plugins/com.st.stm32cube.ide.mcu.externaltools.gnu-tools-for-stm32.11.3.rel1.win32_1.1.1.202309131626/tools/bin/../lib/gcc/arm-none-eabi/11.3.1/../../../../arm-none-eabi/lib/thumb/v7-m/nofp\libc_nano.a(libc_a-nano-svfprintf.o)
                0x000000000800abdc                _svfiprintf_r
                0x000000000800abdc                _svfprintf_r
 .text._printf_common
                0x000000000800add8       0xe4 C:/ST/STM32CubeIDE_1.10.1/STM32CubeIDE/plugins/com.st.stm32cube.ide.mcu.externaltools.gnu-tools-for-stm32.11.3.rel1.win32_1.1.1.202309131626/tools/bin/../lib/gcc/arm-none-eabi/11.3.1/../../../../arm-none-eabi/lib/thumb/v7-m/nofp\libc_nano.a(libc_a-nano-vfprintf_i.o)
                0x000000000800add8                _printf_common
 .text._printf_i
                0x000000000800aebc      0x244 C:/ST/STM32CubeIDE_1.10.1/STM32CubeIDE/plugins/com.st.stm32cube.ide.mcu.externaltools.gnu-tools-for-stm32.11.3.rel1.win32_1.1.1.202309131626/tools/bin/../lib/gcc/arm-none-eabi/11.3.1/../../../../arm-none-eabi/lib/thumb/v7-m/nofp\libc_nano.a(libc_a-nano-vfprintf_i.o)
                0x000000000800aebc                _printf_i
 .text.memmove  0x000000000800b100       0x34 C:/ST/STM32CubeIDE_1.10.1/STM32CubeIDE/plugins/com.st.stm32cube.ide.mcu.externaltools.gnu-tools-for-stm32.11.3.rel1.win32_1.1.1.202309131626/tools/bin/../lib/gcc/arm-none-eabi/11.3.1/../../../../arm-none-eabi/lib/thumb/v7-m/nofp\libc_nano.a(libc_a-memmove.o)
                0x000000000800b100                memmove
 .text._sbrk_r  0x000000000800b134       0x20 C:/ST/STM32CubeIDE_1.10.1/STM32CubeIDE/plugins/com.st.stm32cube.ide.mcu.externaltools.gnu-tools-for-stm32.11.3.rel1.win32_1.1.1.202309131626/tools/bin/../lib/gcc/arm-none-eabi/11.3.1/../../../../arm-none-eabi/lib/thumb/v7-m/nofp\libc_nano.a(libc_a-sbrkr.o)
                0x000000000800b134                _sbrk_r
 .text.memchr   0x000000000800b154       0x1c C:/ST/STM32CubeIDE_1.10.1/STM32CubeIDE/plugins/com.st.stm32cube.ide.mcu.externaltools.gnu-tools-for-stm32.11.3.rel1.win32_1.1.1.202309131626/tools/bin/../lib/gcc/arm-none-eabi/11.3.1/../../../../arm-none-eabi/lib/thumb/v7-m/nofp\libc_nano.a(libc_a-memchr-stub.o)
                0x000000000800b154                memchr
 .text.memcpy   0x000000000800b170       0x1c C:/ST/STM32CubeIDE_1.10.1/STM32CubeIDE/plugins/com.st.stm32cube.ide.mcu.externaltools.gnu-tools-for-stm32.11.3.rel1.win32_1.1.1.202309131626/tools/bin/../lib/gcc/arm-none-eabi/11.3.1/../../../../arm-none-eabi/lib/thumb/v7-m/nofp\libc_nano.a(libc_a-memcpy-stub.o)
                0x000000000800b170                memcpy
 .text._realloc_r
                0x000000000800b18c       0x5e C:/ST/STM32CubeIDE_1.10.1/STM32CubeIDE/plugins/com.st.stm32cube.ide.mcu.externaltools.gnu-tools-for-stm32.11.3.rel1.win32_1.1.1.202309131626/tools/bin/../lib/gcc/arm-none-eabi/11.3.1/../../../../arm-none-eabi/lib/thumb/v7-m/nofp\libc_nano.a(libc_a-reallocr.o)
                0x000000000800b18c                _realloc_r
 .text._malloc_usable_size_r
                0x000000000800b1ea       0x10 C:/ST/STM32CubeIDE_1.10.1/STM32CubeIDE/plugins/com.st.stm32cube.ide.mcu.externaltools.gnu-tools-for-stm32.11.3.rel1.win32_1.1.1.202309131626/tools/bin/../lib/gcc/arm-none-eabi/11.3.1/../../../../arm-none-eabi/lib/thumb/v7-m/nofp\libc_nano.a(libc_a-msizer.o)
                0x000000000800b1ea                _malloc_usable_size_r
 *(.glue_7)
 .glue_7        0x000000000800b1fa        0x0 linker stubs
 *(.glue_7t)
 .glue_7t       0x000000000800b1fa        0x0 linker stubs
 *(.eh_frame)
 *fill*         0x000000000800b1fa        0x2 
 .eh_frame      0x000000000800b1fc        0x0 C:/ST/STM32CubeIDE_1.10.1/STM32CubeIDE/plugins/com.st.stm32cube.ide.mcu.externaltools.gnu-tools-for-stm32.11.3.rel1.win32_1.1.1.202309131626/tools/bin/../lib/gcc/arm-none-eabi/11.3.1/thumb/v7-m/nofp/crtbegin.o
 *(.init)
 .init          0x000000000800b1fc        0x4 C:/ST/STM32CubeIDE_1.10.1/STM32CubeIDE/plugins/com.st.stm32cube.ide.mcu.externaltools.gnu-tools-for-stm32.11.3.rel1.win32_1.1.1.202309131626/tools/bin/../lib/gcc/arm-none-eabi/11.3.1/thumb/v7-m/nofp/crti.o
                0x000000000800b1fc                _init
 .init          0x000000000800b200        0x8 C:/ST/STM32CubeIDE_1.10.1/STM32CubeIDE/plugins/com.st.stm32cube.ide.mcu.externaltools.gnu-tools-for-stm32.11.3.rel1.win32_1.1.1.202309131626/tools/bin/../lib/gcc/arm-none-eabi/11.3.1/thumb/v7-m/nofp/crtn.o
 *(.fini)
 .fini          0x000000000800b208        0x4 C:/ST/STM32CubeIDE_1.10.1/STM32CubeIDE/plugins/com.st.stm32cube.ide.mcu.externaltools.gnu-tools-for-stm32.11.3.rel1.win32_1.1.1.202309131626/tools/bin/../lib/gcc/arm-none-eabi/11.3.1/thumb/v7-m/nofp/crti.o
                0x000000000800b208                _fini
 .fini          0x000000000800b20c        0x8 C:/ST/STM32CubeIDE_1.10.1/STM32CubeIDE/plugins/com.st.stm32cube.ide.mcu.externaltools.gnu-tools-for-stm32.11.3.rel1.win32_1.1.1.202309131626/tools/bin/../lib/gcc/arm-none-eabi/11.3.1/thumb/v7-m/nofp/crtn.o
                0x000000000800b214                . = ALIGN (0x4)
                0x000000000800b214                _etext = .

.vfp11_veneer   0x000000000800b214        0x0
 .vfp11_veneer  0x000000000800b214        0x0 linker stubs

.v4_bx          0x000000000800b214        0x0
 .v4_bx         0x000000000800b214        0x0 linker stubs

.iplt           0x000000000800b214        0x0
 .iplt          0x000000000800b214        0x0 C:/ST/STM32CubeIDE_1.10.1/STM32CubeIDE/plugins/com.st.stm32cube.ide.mcu.externaltools.gnu-tools-for-stm32.11.3.rel1.win32_1.1.1.202309131626/tools/bin/../lib/gcc/arm-none-eabi/11.3.1/thumb/v7-m/nofp/crtbegin.o

.rodata         0x000000000800b214      0x2ec
                0x000000000800b214                . = ALIGN (0x4)
 *(.rodata)
 .rodata        0x000000000800b214       0x69 ./Core/Src/main.o
 *fill*         0x000000000800b27d        0x3 
 .rodata        0x000000000800b280       0x22 ./Micrium/Software/uCOS-II/Source/os_core.o
 *fill*         0x000000000800b2a2        0x2 
 .rodata        0x000000000800b2a4        0x2 ./Micrium/Software/uCOS-II/Source/os_flag.o
 *fill*         0x000000000800b2a6        0x2 
 .rodata        0x000000000800b2a8        0x2 ./Micrium/Software/uCOS-II/Source/os_mem.o
 *fill*         0x000000000800b2aa        0x2 
 .rodata        0x000000000800b2ac        0x2 ./Micrium/Software/uCOS-II/Source/os_sem.o
 *fill*         0x000000000800b2ae        0x2 
 .rodata        0x000000000800b2b0        0x2 ./Micrium/Software/uCOS-II/Source/os_task.o
 *fill*         0x000000000800b2b2        0x2 
 .rodata        0x000000000800b2b4       0x39 ./Micrium/Software/uCOS-II/Source/os_tmr.o
 *fill*         0x000000000800b2ed        0x3 
 .rodata        0x000000000800b2f0       0x46 ./USB_DEVICE/App/usbd_desc.o
 *(.rodata*)
 *fill*         0x000000000800b336        0x2 
 .rodata.AHBPrescTable
                0x000000000800b338       0x10 ./Core/Src/system_stm32f1xx.o
                0x000000000800b338                AHBPrescTable
 .rodata.aPLLMULFactorTable.1
                0x000000000800b348       0x10 ./Drivers/STM32F1xx_HAL_Driver/Src/stm32f1xx_hal_rcc.o
 .rodata.aPredivFactorTable.0
                0x000000000800b358        0x2 ./Drivers/STM32F1xx_HAL_Driver/Src/stm32f1xx_hal_rcc.o
 .rodata.OSDebugEn
                0x000000000800b35a        0x2 ./Micrium/Software/uCOS-II/Ports/ARM-Cortex-M/ARMv7-M/GNU/os_dbg.o
                0x000000000800b35a                OSDebugEn
 .rodata.OSEndiannessTest
                0x000000000800b35c        0x4 ./Micrium/Software/uCOS-II/Ports/ARM-Cortex-M/ARMv7-M/GNU/os_dbg.o
                0x000000000800b35c                OSEndiannessTest
 .rodata.OSEventEn
                0x000000000800b360        0x2 ./Micrium/Software/uCOS-II/Ports/ARM-Cortex-M/ARMv7-M/GNU/os_dbg.o
                0x000000000800b360                OSEventEn
 .rodata.OSEventMax
                0x000000000800b362        0x2 ./Micrium/Software/uCOS-II/Ports/ARM-Cortex-M/ARMv7-M/GNU/os_dbg.o
                0x000000000800b362                OSEventMax
 .rodata.OSEventNameEn
                0x000000000800b364        0x2 ./Micrium/Software/uCOS-II/Ports/ARM-Cortex-M/ARMv7-M/GNU/os_dbg.o
                0x000000000800b364                OSEventNameEn
 .rodata.OSEventSize
                0x000000000800b366        0x2 ./Micrium/Software/uCOS-II/Ports/ARM-Cortex-M/ARMv7-M/GNU/os_dbg.o
                0x000000000800b366                OSEventSize
 .rodata.OSEventTblSize
                0x000000000800b368        0x2 ./Micrium/Software/uCOS-II/Ports/ARM-Cortex-M/ARMv7-M/GNU/os_dbg.o
                0x000000000800b368                OSEventTblSize
 .rodata.OSEventMultiEn
                0x000000000800b36a        0x2 ./Micrium/Software/uCOS-II/Ports/ARM-Cortex-M/ARMv7-M/GNU/os_dbg.o
                0x000000000800b36a                OSEventMultiEn
 .rodata.OSFlagEn
                0x000000000800b36c        0x2 ./Micrium/Software/uCOS-II/Ports/ARM-Cortex-M/ARMv7-M/GNU/os_dbg.o
                0x000000000800b36c                OSFlagEn
 .rodata.OSFlagGrpSize
                0x000000000800b36e        0x2 ./Micrium/Software/uCOS-II/Ports/ARM-Cortex-M/ARMv7-M/GNU/os_dbg.o
                0x000000000800b36e                OSFlagGrpSize
 .rodata.OSFlagNodeSize
                0x000000000800b370        0x2 ./Micrium/Software/uCOS-II/Ports/ARM-Cortex-M/ARMv7-M/GNU/os_dbg.o
                0x000000000800b370                OSFlagNodeSize
 .rodata.OSFlagWidth
                0x000000000800b372        0x2 ./Micrium/Software/uCOS-II/Ports/ARM-Cortex-M/ARMv7-M/GNU/os_dbg.o
                0x000000000800b372                OSFlagWidth
 .rodata.OSFlagMax
                0x000000000800b374        0x2 ./Micrium/Software/uCOS-II/Ports/ARM-Cortex-M/ARMv7-M/GNU/os_dbg.o
                0x000000000800b374                OSFlagMax
 .rodata.OSFlagNameEn
                0x000000000800b376        0x2 ./Micrium/Software/uCOS-II/Ports/ARM-Cortex-M/ARMv7-M/GNU/os_dbg.o
                0x000000000800b376                OSFlagNameEn
 .rodata.OSLowestPrio
                0x000000000800b378        0x2 ./Micrium/Software/uCOS-II/Ports/ARM-Cortex-M/ARMv7-M/GNU/os_dbg.o
                0x000000000800b378                OSLowestPrio
 .rodata.OSMboxEn
                0x000000000800b37a        0x2 ./Micrium/Software/uCOS-II/Ports/ARM-Cortex-M/ARMv7-M/GNU/os_dbg.o
                0x000000000800b37a                OSMboxEn
 .rodata.OSMemEn
                0x000000000800b37c        0x2 ./Micrium/Software/uCOS-II/Ports/ARM-Cortex-M/ARMv7-M/GNU/os_dbg.o
                0x000000000800b37c                OSMemEn
 .rodata.OSMemMax
                0x000000000800b37e        0x2 ./Micrium/Software/uCOS-II/Ports/ARM-Cortex-M/ARMv7-M/GNU/os_dbg.o
                0x000000000800b37e                OSMemMax
 .rodata.OSMemNameEn
                0x000000000800b380        0x2 ./Micrium/Software/uCOS-II/Ports/ARM-Cortex-M/ARMv7-M/GNU/os_dbg.o
                0x000000000800b380                OSMemNameEn
 .rodata.OSMemSize
                0x000000000800b382        0x2 ./Micrium/Software/uCOS-II/Ports/ARM-Cortex-M/ARMv7-M/GNU/os_dbg.o
                0x000000000800b382                OSMemSize
 .rodata.OSMemTblSize
                0x000000000800b384        0x2 ./Micrium/Software/uCOS-II/Ports/ARM-Cortex-M/ARMv7-M/GNU/os_dbg.o
                0x000000000800b384                OSMemTblSize
 .rodata.OSMutexEn
                0x000000000800b386        0x2 ./Micrium/Software/uCOS-II/Ports/ARM-Cortex-M/ARMv7-M/GNU/os_dbg.o
                0x000000000800b386                OSMutexEn
 .rodata.OSPtrSize
                0x000000000800b388        0x2 ./Micrium/Software/uCOS-II/Ports/ARM-Cortex-M/ARMv7-M/GNU/os_dbg.o
                0x000000000800b388                OSPtrSize
 .rodata.OSQEn  0x000000000800b38a        0x2 ./Micrium/Software/uCOS-II/Ports/ARM-Cortex-M/ARMv7-M/GNU/os_dbg.o
                0x000000000800b38a                OSQEn
 .rodata.OSQMax
                0x000000000800b38c        0x2 ./Micrium/Software/uCOS-II/Ports/ARM-Cortex-M/ARMv7-M/GNU/os_dbg.o
                0x000000000800b38c                OSQMax
 .rodata.OSQSize
                0x000000000800b38e        0x2 ./Micrium/Software/uCOS-II/Ports/ARM-Cortex-M/ARMv7-M/GNU/os_dbg.o
                0x000000000800b38e                OSQSize
 .rodata.OSRdyTblSize
                0x000000000800b390        0x2 ./Micrium/Software/uCOS-II/Ports/ARM-Cortex-M/ARMv7-M/GNU/os_dbg.o
                0x000000000800b390                OSRdyTblSize
 .rodata.OSSemEn
                0x000000000800b392        0x2 ./Micrium/Software/uCOS-II/Ports/ARM-Cortex-M/ARMv7-M/GNU/os_dbg.o
                0x000000000800b392                OSSemEn
 .rodata.OSStkWidth
                0x000000000800b394        0x2 ./Micrium/Software/uCOS-II/Ports/ARM-Cortex-M/ARMv7-M/GNU/os_dbg.o
                0x000000000800b394                OSStkWidth
 .rodata.OSTaskCreateEn
                0x000000000800b396        0x2 ./Micrium/Software/uCOS-II/Ports/ARM-Cortex-M/ARMv7-M/GNU/os_dbg.o
                0x000000000800b396                OSTaskCreateEn
 .rodata.OSTaskCreateExtEn
                0x000000000800b398        0x2 ./Micrium/Software/uCOS-II/Ports/ARM-Cortex-M/ARMv7-M/GNU/os_dbg.o
                0x000000000800b398                OSTaskCreateExtEn
 .rodata.OSTaskDelEn
                0x000000000800b39a        0x2 ./Micrium/Software/uCOS-II/Ports/ARM-Cortex-M/ARMv7-M/GNU/os_dbg.o
                0x000000000800b39a                OSTaskDelEn
 .rodata.OSTaskIdleStkSize
                0x000000000800b39c        0x2 ./Micrium/Software/uCOS-II/Ports/ARM-Cortex-M/ARMv7-M/GNU/os_dbg.o
                0x000000000800b39c                OSTaskIdleStkSize
 .rodata.OSTaskProfileEn
                0x000000000800b39e        0x2 ./Micrium/Software/uCOS-II/Ports/ARM-Cortex-M/ARMv7-M/GNU/os_dbg.o
                0x000000000800b39e                OSTaskProfileEn
 .rodata.OSTaskMax
                0x000000000800b3a0        0x2 ./Micrium/Software/uCOS-II/Ports/ARM-Cortex-M/ARMv7-M/GNU/os_dbg.o
                0x000000000800b3a0                OSTaskMax
 .rodata.OSTaskNameEn
                0x000000000800b3a2        0x2 ./Micrium/Software/uCOS-II/Ports/ARM-Cortex-M/ARMv7-M/GNU/os_dbg.o
                0x000000000800b3a2                OSTaskNameEn
 .rodata.OSTaskStatEn
                0x000000000800b3a4        0x2 ./Micrium/Software/uCOS-II/Ports/ARM-Cortex-M/ARMv7-M/GNU/os_dbg.o
                0x000000000800b3a4                OSTaskStatEn
 .rodata.OSTaskStatStkSize
                0x000000000800b3a6        0x2 ./Micrium/Software/uCOS-II/Ports/ARM-Cortex-M/ARMv7-M/GNU/os_dbg.o
                0x000000000800b3a6                OSTaskStatStkSize
 .rodata.OSTaskStatStkChkEn
                0x000000000800b3a8        0x2 ./Micrium/Software/uCOS-II/Ports/ARM-Cortex-M/ARMv7-M/GNU/os_dbg.o
                0x000000000800b3a8                OSTaskStatStkChkEn
 .rodata.OSTaskSwHookEn
                0x000000000800b3aa        0x2 ./Micrium/Software/uCOS-II/Ports/ARM-Cortex-M/ARMv7-M/GNU/os_dbg.o
                0x000000000800b3aa                OSTaskSwHookEn
 .rodata.OSTCBPrioTblMax
                0x000000000800b3ac        0x2 ./Micrium/Software/uCOS-II/Ports/ARM-Cortex-M/ARMv7-M/GNU/os_dbg.o
                0x000000000800b3ac                OSTCBPrioTblMax
 .rodata.OSTCBSize
                0x000000000800b3ae        0x2 ./Micrium/Software/uCOS-II/Ports/ARM-Cortex-M/ARMv7-M/GNU/os_dbg.o
                0x000000000800b3ae                OSTCBSize
 .rodata.OSTicksPerSec
                0x000000000800b3b0        0x2 ./Micrium/Software/uCOS-II/Ports/ARM-Cortex-M/ARMv7-M/GNU/os_dbg.o
                0x000000000800b3b0                OSTicksPerSec
 .rodata.OSTimeTickHookEn
                0x000000000800b3b2        0x2 ./Micrium/Software/uCOS-II/Ports/ARM-Cortex-M/ARMv7-M/GNU/os_dbg.o
                0x000000000800b3b2                OSTimeTickHookEn
 .rodata.OSVersionNbr
                0x000000000800b3b4        0x2 ./Micrium/Software/uCOS-II/Ports/ARM-Cortex-M/ARMv7-M/GNU/os_dbg.o
                0x000000000800b3b4                OSVersionNbr
 .rodata.OSTmrEn
                0x000000000800b3b6        0x2 ./Micrium/Software/uCOS-II/Ports/ARM-Cortex-M/ARMv7-M/GNU/os_dbg.o
                0x000000000800b3b6                OSTmrEn
 .rodata.OSTmrCfgMax
                0x000000000800b3b8        0x2 ./Micrium/Software/uCOS-II/Ports/ARM-Cortex-M/ARMv7-M/GNU/os_dbg.o
                0x000000000800b3b8                OSTmrCfgMax
 .rodata.OSTmrCfgNameEn
                0x000000000800b3ba        0x2 ./Micrium/Software/uCOS-II/Ports/ARM-Cortex-M/ARMv7-M/GNU/os_dbg.o
                0x000000000800b3ba                OSTmrCfgNameEn
 .rodata.OSTmrCfgWheelSize
                0x000000000800b3bc        0x2 ./Micrium/Software/uCOS-II/Ports/ARM-Cortex-M/ARMv7-M/GNU/os_dbg.o
                0x000000000800b3bc                OSTmrCfgWheelSize
 .rodata.OSTmrCfgTicksPerSec
                0x000000000800b3be        0x2 ./Micrium/Software/uCOS-II/Ports/ARM-Cortex-M/ARMv7-M/GNU/os_dbg.o
                0x000000000800b3be                OSTmrCfgTicksPerSec
 .rodata.OSTmrSize
                0x000000000800b3c0        0x2 ./Micrium/Software/uCOS-II/Ports/ARM-Cortex-M/ARMv7-M/GNU/os_dbg.o
                0x000000000800b3c0                OSTmrSize
 .rodata.OSTmrTblSize
                0x000000000800b3c2        0x2 ./Micrium/Software/uCOS-II/Ports/ARM-Cortex-M/ARMv7-M/GNU/os_dbg.o
                0x000000000800b3c2                OSTmrTblSize
 .rodata.OSTmrWheelSize
                0x000000000800b3c4        0x2 ./Micrium/Software/uCOS-II/Ports/ARM-Cortex-M/ARMv7-M/GNU/os_dbg.o
                0x000000000800b3c4                OSTmrWheelSize
 .rodata.OSTmrWheelTblSize
                0x000000000800b3c6        0x2 ./Micrium/Software/uCOS-II/Ports/ARM-Cortex-M/ARMv7-M/GNU/os_dbg.o
                0x000000000800b3c6                OSTmrWheelTblSize
 .rodata.OSDataSize
                0x000000000800b3c8        0x2 ./Micrium/Software/uCOS-II/Ports/ARM-Cortex-M/ARMv7-M/GNU/os_dbg.o
                0x000000000800b3c8                OSDataSize
 *fill*         0x000000000800b3ca        0x2 
 .rodata.OSUnMapTbl
                0x000000000800b3cc      0x100 ./Micrium/Software/uCOS-II/Source/os_core.o
                0x000000000800b3cc                OSUnMapTbl
 .rodata._svfprintf_r.str1.1
                0x000000000800b4cc       0x11 C:/ST/STM32CubeIDE_1.10.1/STM32CubeIDE/plugins/com.st.stm32cube.ide.mcu.externaltools.gnu-tools-for-stm32.11.3.rel1.win32_1.1.1.202309131626/tools/bin/../lib/gcc/arm-none-eabi/11.3.1/../../../../arm-none-eabi/lib/thumb/v7-m/nofp\libc_nano.a(libc_a-nano-svfprintf.o)
 .rodata._printf_i.str1.1
                0x000000000800b4dd       0x22 C:/ST/STM32CubeIDE_1.10.1/STM32CubeIDE/plugins/com.st.stm32cube.ide.mcu.externaltools.gnu-tools-for-stm32.11.3.rel1.win32_1.1.1.202309131626/tools/bin/../lib/gcc/arm-none-eabi/11.3.1/../../../../arm-none-eabi/lib/thumb/v7-m/nofp\libc_nano.a(libc_a-nano-vfprintf_i.o)
                0x000000000800b500                . = ALIGN (0x4)
 *fill*         0x000000000800b4ff        0x1 

.rel.dyn        0x000000000800b500        0x0
 .rel.iplt      0x000000000800b500        0x0 C:/ST/STM32CubeIDE_1.10.1/STM32CubeIDE/plugins/com.st.stm32cube.ide.mcu.externaltools.gnu-tools-for-stm32.11.3.rel1.win32_1.1.1.202309131626/tools/bin/../lib/gcc/arm-none-eabi/11.3.1/thumb/v7-m/nofp/crtbegin.o

.ARM.extab      0x000000000800b500        0x0
                0x000000000800b500                . = ALIGN (0x4)
 *(.ARM.extab* .gnu.linkonce.armextab.*)
                0x000000000800b500                . = ALIGN (0x4)

.ARM            0x000000000800b500        0x0
                0x000000000800b500                . = ALIGN (0x4)
                0x000000000800b500                __exidx_start = .
 *(.ARM.exidx*)
                0x000000000800b500                __exidx_end = .
                0x000000000800b500                . = ALIGN (0x4)

.preinit_array  0x000000000800b500        0x0
                0x000000000800b500                . = ALIGN (0x4)
                0x000000000800b500                PROVIDE (__preinit_array_start = .)
 *(.preinit_array*)
                0x000000000800b500                PROVIDE (__preinit_array_end = .)
                0x000000000800b500                . = ALIGN (0x4)

.init_array     0x000000000800b500        0x4
                0x000000000800b500                . = ALIGN (0x4)
                0x000000000800b500                PROVIDE (__init_array_start = .)
 *(SORT_BY_NAME(.init_array.*))
 *(.init_array*)
 .init_array    0x000000000800b500        0x4 C:/ST/STM32CubeIDE_1.10.1/STM32CubeIDE/plugins/com.st.stm32cube.ide.mcu.externaltools.gnu-tools-for-stm32.11.3.rel1.win32_1.1.1.202309131626/tools/bin/../lib/gcc/arm-none-eabi/11.3.1/thumb/v7-m/nofp/crtbegin.o
                0x000000000800b504                PROVIDE (__init_array_end = .)
                0x000000000800b504                . = ALIGN (0x4)

.fini_array     0x000000000800b504        0x4
                0x000000000800b504                . = ALIGN (0x4)
                [!provide]                        PROVIDE (__fini_array_start = .)
 *(SORT_BY_NAME(.fini_array.*))
 *(.fini_array*)
 .fini_array    0x000000000800b504        0x4 C:/ST/STM32CubeIDE_1.10.1/STM32CubeIDE/plugins/com.st.stm32cube.ide.mcu.externaltools.gnu-tools-for-stm32.11.3.rel1.win32_1.1.1.202309131626/tools/bin/../lib/gcc/arm-none-eabi/11.3.1/thumb/v7-m/nofp/crtbegin.o
                [!provide]                        PROVIDE (__fini_array_end = .)
                0x000000000800b508                . = ALIGN (0x4)
                0x000000000800b508                _sidata = LOADADDR (.data)

.data           0x0000000020000000      0x2a8 load address 0x000000000800b508
                0x0000000020000000                . = ALIGN (0x4)
                0x0000000020000000                _sdata = .
 *(.data)
 *(.data*)
 .data.valorFrecuencia
                0x0000000020000000       0x14 ./Core/Src/main.o
                0x0000000020000000                valorFrecuencia
 .data.valorFrecuenciaHz
                0x0000000020000014       0x14 ./Core/Src/main.o
                0x0000000020000014                valorFrecuenciaHz
 .data.senoArreglo45
                0x0000000020000028       0xb8 ./Core/Src/main.o
                0x0000000020000028                senoArreglo45
 .data.SystemCoreClock
                0x00000000200000e0        0x4 ./Core/Src/system_stm32f1xx.o
                0x00000000200000e0                SystemCoreClock
 .data.uwTickPrio
                0x00000000200000e4        0x4 ./Drivers/STM32F1xx_HAL_Driver/Src/stm32f1xx_hal.o
                0x00000000200000e4                uwTickPrio
 .data.USBD_CDC_DeviceQualifierDesc
                0x00000000200000e8        0xa ./Middlewares/ST/STM32_USB_Device_Library/Class/CDC/Src/usbd_cdc.o
 *fill*         0x00000000200000f2        0x2 
 .data.USBD_CDC
                0x00000000200000f4       0x38 ./Middlewares/ST/STM32_USB_Device_Library/Class/CDC/Src/usbd_cdc.o
                0x00000000200000f4                USBD_CDC
 .data.USBD_CDC_CfgHSDesc
                0x000000002000012c       0x43 ./Middlewares/ST/STM32_USB_Device_Library/Class/CDC/Src/usbd_cdc.o
                0x000000002000012c                USBD_CDC_CfgHSDesc
 *fill*         0x000000002000016f        0x1 
 .data.USBD_CDC_CfgFSDesc
                0x0000000020000170       0x43 ./Middlewares/ST/STM32_USB_Device_Library/Class/CDC/Src/usbd_cdc.o
                0x0000000020000170                USBD_CDC_CfgFSDesc
 *fill*         0x00000000200001b3        0x1 
 .data.USBD_CDC_OtherSpeedCfgDesc
                0x00000000200001b4       0x43 ./Middlewares/ST/STM32_USB_Device_Library/Class/CDC/Src/usbd_cdc.o
                0x00000000200001b4                USBD_CDC_OtherSpeedCfgDesc
 *fill*         0x00000000200001f7        0x1 
 .data.USBD_Interface_fops_FS
                0x00000000200001f8       0x10 ./USB_DEVICE/App/usbd_cdc_if.o
                0x00000000200001f8                USBD_Interface_fops_FS
 .data.FS_Desc  0x0000000020000208       0x1c ./USB_DEVICE/App/usbd_desc.o
                0x0000000020000208                FS_Desc
 .data.USBD_FS_DeviceDesc
                0x0000000020000224       0x12 ./USB_DEVICE/App/usbd_desc.o
                0x0000000020000224                USBD_FS_DeviceDesc
 *fill*         0x0000000020000236        0x2 
 .data.USBD_LangIDDesc
                0x0000000020000238        0x4 ./USB_DEVICE/App/usbd_desc.o
                0x0000000020000238                USBD_LangIDDesc
 .data.USBD_StringSerial
                0x000000002000023c       0x1a ./USB_DEVICE/App/usbd_desc.o
                0x000000002000023c                USBD_StringSerial
 *fill*         0x0000000020000256        0x2 
 .data._impure_data
                0x0000000020000258       0x4c C:/ST/STM32CubeIDE_1.10.1/STM32CubeIDE/plugins/com.st.stm32cube.ide.mcu.externaltools.gnu-tools-for-stm32.11.3.rel1.win32_1.1.1.202309131626/tools/bin/../lib/gcc/arm-none-eabi/11.3.1/../../../../arm-none-eabi/lib/thumb/v7-m/nofp\libc_nano.a(libc_a-impure.o)
                0x0000000020000258                _impure_data
 .data._impure_ptr
                0x00000000200002a4        0x4 C:/ST/STM32CubeIDE_1.10.1/STM32CubeIDE/plugins/com.st.stm32cube.ide.mcu.externaltools.gnu-tools-for-stm32.11.3.rel1.win32_1.1.1.202309131626/tools/bin/../lib/gcc/arm-none-eabi/11.3.1/../../../../arm-none-eabi/lib/thumb/v7-m/nofp\libc_nano.a(libc_a-impure.o)
                0x00000000200002a4                _impure_ptr
                0x00000000200002a8                . = ALIGN (0x4)
                0x00000000200002a8                _edata = .

.igot.plt       0x00000000200002a8        0x0 load address 0x000000000800b7b0
 .igot.plt      0x00000000200002a8        0x0 C:/ST/STM32CubeIDE_1.10.1/STM32CubeIDE/plugins/com.st.stm32cube.ide.mcu.externaltools.gnu-tools-for-stm32.11.3.rel1.win32_1.1.1.202309131626/tools/bin/../lib/gcc/arm-none-eabi/11.3.1/thumb/v7-m/nofp/crtbegin.o
                0x00000000200002a8                . = ALIGN (0x4)

.bss            0x00000000200002a8     0x4038 load address 0x000000000800b7b0
                0x00000000200002a8                _sbss = .
                0x00000000200002a8                __bss_start__ = _sbss
 *(.bss)
 .bss           0x00000000200002a8       0x1c C:/ST/STM32CubeIDE_1.10.1/STM32CubeIDE/plugins/com.st.stm32cube.ide.mcu.externaltools.gnu-tools-for-stm32.11.3.rel1.win32_1.1.1.202309131626/tools/bin/../lib/gcc/arm-none-eabi/11.3.1/thumb/v7-m/nofp/crtbegin.o
 *(.bss*)
 .bss.DITbl     0x00000000200002c4       0x80 ./Core/Src/DIO.o
                0x00000000200002c4                DITbl
 .bss.DOTbl     0x0000000020000344       0xa0 ./Core/Src/DIO.o
                0x0000000020000344                DOTbl
 .bss.DIOTaskStk
                0x00000000200003e4      0x800 ./Core/Src/DIO.o
 .bss.StartupTaskStk
                0x0000000020000be4      0x200 ./Core/Src/main.o
 .bss.MensajeUSBStk
                0x0000000020000de4      0x200 ./Core/Src/main.o
 .bss.SenoGeneradorStk
                0x0000000020000fe4      0x200 ./Core/Src/main.o
 .bss.Secuencia1Stk
                0x00000000200011e4      0x200 ./Core/Src/main.o
 .bss.Secuencia2Stk
                0x00000000200013e4      0x200 ./Core/Src/main.o
 .bss.Secuencia3Stk
                0x00000000200015e4      0x200 ./Core/Src/main.o
 .bss.salida    0x00000000200017e4       0x20 ./Core/Src/main.o
                0x00000000200017e4                salida
 .bss.c         0x0000000020001804        0x4 ./Core/Src/main.o
                0x0000000020001804                c
 .bss.e         0x0000000020001808        0x4 ./Core/Src/main.o
                0x0000000020001808                e
 .bss.f         0x000000002000180c        0x4 ./Core/Src/main.o
                0x000000002000180c                f
 .bss.frecuencia
                0x0000000020001810        0x4 ./Core/Src/main.o
                0x0000000020001810                frecuencia
 .bss.heap_end.0
                0x0000000020001814        0x4 ./Core/Src/sysmem.o
 .bss.OS_CPU_ExceptStk
                0x0000000020001818      0x400 ./Micrium/Software/uCOS-II/Ports/ARM-Cortex-M/ARMv7-M/os_cpu_c.o
                0x0000000020001818                OS_CPU_ExceptStk
 .bss.OS_CPU_ExceptStkBase
                0x0000000020001c18        0x4 ./Micrium/Software/uCOS-II/Ports/ARM-Cortex-M/ARMv7-M/os_cpu_c.o
                0x0000000020001c18                OS_CPU_ExceptStkBase
 .bss.OSTmrCtr  0x0000000020001c1c        0x2 ./Micrium/Software/uCOS-II/Ports/ARM-Cortex-M/ARMv7-M/os_cpu_c.o
 *fill*         0x0000000020001c1e        0x2 
 .bss.OS_KA_BASEPRI_Boundary
                0x0000000020001c20        0x4 ./Micrium/Software/uCOS-II/Ports/ARM-Cortex-M/ARMv7-M/os_cpu_c.o
                0x0000000020001c20                OS_KA_BASEPRI_Boundary
 .bss.OSCtxSwCtr
                0x0000000020001c24        0x4 ./Micrium/Software/uCOS-II/Source/os_core.o
                0x0000000020001c24                OSCtxSwCtr
 .bss.OSEventFreeList
                0x0000000020001c28        0x4 ./Micrium/Software/uCOS-II/Source/os_core.o
                0x0000000020001c28                OSEventFreeList
 .bss.OSEventTbl
                0x0000000020001c2c       0xf0 ./Micrium/Software/uCOS-II/Source/os_core.o
                0x0000000020001c2c                OSEventTbl
 .bss.OSFlagTbl
                0x0000000020001d1c       0x50 ./Micrium/Software/uCOS-II/Source/os_core.o
                0x0000000020001d1c                OSFlagTbl
 .bss.OSFlagFreeList
                0x0000000020001d6c        0x4 ./Micrium/Software/uCOS-II/Source/os_core.o
                0x0000000020001d6c                OSFlagFreeList
 .bss.OSCPUUsage
                0x0000000020001d70        0x1 ./Micrium/Software/uCOS-II/Source/os_core.o
                0x0000000020001d70                OSCPUUsage
 *fill*         0x0000000020001d71        0x3 
 .bss.OSIdleCtrMax
                0x0000000020001d74        0x4 ./Micrium/Software/uCOS-II/Source/os_core.o
                0x0000000020001d74                OSIdleCtrMax
 .bss.OSIdleCtrRun
                0x0000000020001d78        0x4 ./Micrium/Software/uCOS-II/Source/os_core.o
                0x0000000020001d78                OSIdleCtrRun
 .bss.OSStatRdy
                0x0000000020001d7c        0x1 ./Micrium/Software/uCOS-II/Source/os_core.o
                0x0000000020001d7c                OSStatRdy
 *fill*         0x0000000020001d7d        0x3 
 .bss.OSTaskStatStk
                0x0000000020001d80      0x200 ./Micrium/Software/uCOS-II/Source/os_core.o
                0x0000000020001d80                OSTaskStatStk
 .bss.OSIntNesting
                0x0000000020001f80        0x1 ./Micrium/Software/uCOS-II/Source/os_core.o
                0x0000000020001f80                OSIntNesting
 .bss.OSLockNesting
                0x0000000020001f81        0x1 ./Micrium/Software/uCOS-II/Source/os_core.o
                0x0000000020001f81                OSLockNesting
 .bss.OSPrioCur
                0x0000000020001f82        0x1 ./Micrium/Software/uCOS-II/Source/os_core.o
                0x0000000020001f82                OSPrioCur
 .bss.OSPrioHighRdy
                0x0000000020001f83        0x1 ./Micrium/Software/uCOS-II/Source/os_core.o
                0x0000000020001f83                OSPrioHighRdy
 .bss.OSRdyGrp  0x0000000020001f84        0x1 ./Micrium/Software/uCOS-II/Source/os_core.o
                0x0000000020001f84                OSRdyGrp
 *fill*         0x0000000020001f85        0x3 
 .bss.OSRdyTbl  0x0000000020001f88        0x8 ./Micrium/Software/uCOS-II/Source/os_core.o
                0x0000000020001f88                OSRdyTbl
 .bss.OSRunning
                0x0000000020001f90        0x1 ./Micrium/Software/uCOS-II/Source/os_core.o
                0x0000000020001f90                OSRunning
 .bss.OSTaskCtr
                0x0000000020001f91        0x1 ./Micrium/Software/uCOS-II/Source/os_core.o
                0x0000000020001f91                OSTaskCtr
 *fill*         0x0000000020001f92        0x2 
 .bss.OSIdleCtr
                0x0000000020001f94        0x4 ./Micrium/Software/uCOS-II/Source/os_core.o
                0x0000000020001f94                OSIdleCtr
 .bss.OSTaskIdleStk
                0x0000000020001f98      0x200 ./Micrium/Software/uCOS-II/Source/os_core.o
                0x0000000020001f98                OSTaskIdleStk
 .bss.OSTCBCur  0x0000000020002198        0x4 ./Micrium/Software/uCOS-II/Source/os_core.o
                0x0000000020002198                OSTCBCur
 .bss.OSTCBFreeList
                0x000000002000219c        0x4 ./Micrium/Software/uCOS-II/Source/os_core.o
                0x000000002000219c                OSTCBFreeList
 .bss.OSTCBHighRdy
                0x00000000200021a0        0x4 ./Micrium/Software/uCOS-II/Source/os_core.o
                0x00000000200021a0                OSTCBHighRdy
 .bss.OSTCBList
                0x00000000200021a4        0x4 ./Micrium/Software/uCOS-II/Source/os_core.o
                0x00000000200021a4                OSTCBList
 .bss.OSTCBPrioTbl
                0x00000000200021a8      0x100 ./Micrium/Software/uCOS-II/Source/os_core.o
                0x00000000200021a8                OSTCBPrioTbl
 .bss.OSTCBTbl  0x00000000200022a8      0x790 ./Micrium/Software/uCOS-II/Source/os_core.o
                0x00000000200022a8                OSTCBTbl
 .bss.OSTickStepState
                0x0000000020002a38        0x1 ./Micrium/Software/uCOS-II/Source/os_core.o
                0x0000000020002a38                OSTickStepState
 *fill*         0x0000000020002a39        0x3 
 .bss.OSMemFreeList