../Micrium/Software/uCOS-II/Source/os_core.c:122:8:OSEventNameGet	32	static
../Micrium/Software/uCOS-II/Source/os_core.c:202:7:OSEventNameSet	32	static
../Micrium/Software/uCOS-II/Source/os_core.c:325:9:OSEventPendMulti	48	static
../Micrium/Software/uCOS-II/Source/os_core.c:587:7:OSInit	8	static
../Micrium/Software/uCOS-II/Source/os_core.c:668:7:OSIntEnter	4	static
../Micrium/Software/uCOS-II/Source/os_core.c:698:7:OSIntExit	16	static
../Micrium/Software/uCOS-II/Source/os_core.c:787:7:OSSchedLock	16	static
../Micrium/Software/uCOS-II/Source/os_core.c:824:7:OSSchedUnlock	16	static
../Micrium/Software/uCOS-II/Source/os_core.c:874:7:OSStart	8	static
../Micrium/Software/uCOS-II/Source/os_core.c:907:7:OSStatInit	16	static
../Micrium/Software/uCOS-II/Source/os_core.c:942:7:OSTimeTick	24	static
../Micrium/Software/uCOS-II/Source/os_core.c:1030:9:OSVersion	4	static
../Micrium/Software/uCOS-II/Source/os_core.c:1049:7:OS_Dummy	4	static
../Micrium/Software/uCOS-II/Source/os_core.c:1083:8:OS_EventTaskRdy	32	static
../Micrium/Software/uCOS-II/Source/os_core.c:1160:7:OS_EventTaskWait	24	static
../Micrium/Software/uCOS-II/Source/os_core.c:1196:7:OS_EventTaskWaitMulti	32	static
../Micrium/Software/uCOS-II/Source/os_core.c:1241:7:OS_EventTaskRemove	24	static
../Micrium/Software/uCOS-II/Source/os_core.c:1273:7:OS_EventTaskRemoveMulti	32	static
../Micrium/Software/uCOS-II/Source/os_core.c:1314:7:OS_EventWaitListInit	24	static
../Micrium/Software/uCOS-II/Source/os_core.c:1340:15:OS_InitEventList	24	static
../Micrium/Software/uCOS-II/Source/os_core.c:1393:15:OS_InitMisc	4	static
../Micrium/Software/uCOS-II/Source/os_core.c:1438:15:OS_InitRdyList	16	static
../Micrium/Software/uCOS-II/Source/os_core.c:1469:15:OS_InitTaskIdle	40	static
../Micrium/Software/uCOS-II/Source/os_core.c:1532:15:OS_InitTaskStat	40	static
../Micrium/Software/uCOS-II/Source/os_core.c:1595:15:OS_InitTCBList	24	static
../Micrium/Software/uCOS-II/Source/os_core.c:1644:7:OS_MemClr	16	static
../Micrium/Software/uCOS-II/Source/os_core.c:1678:7:OS_MemCopy	24	static
../Micrium/Software/uCOS-II/Source/os_core.c:1706:7:OS_Sched	16	static
../Micrium/Software/uCOS-II/Source/os_core.c:1755:15:OS_SchedNew	16	static
../Micrium/Software/uCOS-II/Source/os_core.c:1800:8:OS_StrLen	24	static
../Micrium/Software/uCOS-II/Source/os_core.c:1842:7:OS_TaskIdle	24	static
../Micrium/Software/uCOS-II/Source/os_core.c:1885:7:OS_TaskStat	24	static
../Micrium/Software/uCOS-II/Source/os_core.c:1955:7:OS_TaskStatStkChk	24	static
../Micrium/Software/uCOS-II/Source/os_core.c:2028:8:OS_TCBInit	40	static
