../Core/Src/main.c:126:5:main	40	static
../Core/Src/main.c:262:6:SystemClock_Config	88	static
../Core/Src/main.c:309:13:MX_GPIO_Init	40	static
../Core/Src/main.c:365:19:HAL_InitTick	16	static
../Core/Src/main.c:372:10:HAL_GetTick	16	static
../Core/Src/main.c:402:13:StartupTask	24	static
../Core/Src/main.c:439:13:SenoTsk	32	static
../Core/Src/main.c:478:13:PrimerSecuencia	24	static
../Core/Src/main.c:505:13:SegundaSecuencia	24	static
../Core/Src/main.c:533:13:TercerSecuencia	24	static
../Core/Src/main.c:571:6:UsbPrintf	104	static
../Core/Src/main.c:590:5:GetButton	16	static
../Core/Src/main.c:609:6:PinReset	16	static
../Core/Src/main.c:615:6:SuspendAllTasks	16	static
../Core/Src/main.c:621:6:SuspendAllTasksExceptOne	24	static
../Core/Src/main.c:632:6:ApagarBlink	8	static
../Core/Src/main.c:643:6:Error_Handler	4	static
