../Core/Src/main.c:132:5:main	40	static
../Core/Src/main.c:268:6:SystemClock_Config	88	static
../Core/Src/main.c:315:13:MX_GPIO_Init	40	static
../Core/Src/main.c:371:19:HAL_InitTick	16	static
../Core/Src/main.c:378:10:HAL_GetTick	16	static
../Core/Src/main.c:408:13:StartupTask	24	static
../Core/Src/main.c:447:13:SenoTsk	32	static
../Core/Src/main.c:485:13:PrimerSecuencia	24	static
../Core/Src/main.c:513:13:SegundaSecuencia	24	static
../Core/Src/main.c:541:13:TercerSecuencia	24	static
../Core/Src/main.c:579:6:UsbPrintf	104	static
../Core/Src/main.c:598:5:GetButton	16	static
../Core/Src/main.c:617:6:PinReset	16	static
../Core/Src/main.c:623:6:SuspendAllTasks	16	static
../Core/Src/main.c:629:6:SuspendAllTasksExceptOne	24	static
../Core/Src/main.c:640:6:ApagarBlink	8	static
../Core/Src/main.c:651:6:Error_Handler	4	static
