../Micrium/Software/uC-LIB/lib_str.c:215:13:Str_Len	24	static
../Micrium/Software/uC-LIB/lib_str.c:274:13:Str_Len_N	24	static
../Micrium/Software/uC-LIB/lib_str.c:346:12:Str_Copy	24	static
../Micrium/Software/uC-LIB/lib_str.c:436:12:Str_Copy_N	40	static
../Micrium/Software/uC-LIB/lib_str.c:538:12:Str_Cat	24	static
../Micrium/Software/uC-LIB/lib_str.c:620:12:Str_Cat_N	40	static
../Micrium/Software/uC-LIB/lib_str.c:752:13:Str_Cmp	24	static
../Micrium/Software/uC-LIB/lib_str.c:853:13:Str_Cmp_N	48	static
../Micrium/Software/uC-LIB/lib_str.c:1017:13:Str_CmpIgnoreCase	24	static
../Micrium/Software/uC-LIB/lib_str.c:1128:13:Str_CmpIgnoreCase_N	48	static
../Micrium/Software/uC-LIB/lib_str.c:1269:12:Str_Char	24	static
../Micrium/Software/uC-LIB/lib_str.c:1349:12:Str_Char_N	32	static
../Micrium/Software/uC-LIB/lib_str.c:1445:12:Str_Char_Last	24	static
../Micrium/Software/uC-LIB/lib_str.c:1527:12:Str_Char_Last_N	40	static
../Micrium/Software/uC-LIB/lib_str.c:1606:12:Str_Char_Replace	24	static
../Micrium/Software/uC-LIB/lib_str.c:1668:12:Str_Char_Replace_N	32	static
../Micrium/Software/uC-LIB/lib_str.c:1764:12:Str_Str	24	static
../Micrium/Software/uC-LIB/lib_str.c:1848:12:Str_Str_N	56	static
../Micrium/Software/uC-LIB/lib_str.c:2040:12:Str_FmtNbr_Int32U	40	static
../Micrium/Software/uC-LIB/lib_str.c:2256:12:Str_FmtNbr_Int32S	56	static
../Micrium/Software/uC-LIB/lib_str.c:2974:13:Str_ParseNbr_Int32U	40	static
../Micrium/Software/uC-LIB/lib_str.c:3190:13:Str_ParseNbr_Int32S	48	static
../Micrium/Software/uC-LIB/lib_str.c:3445:20:Str_FmtNbr_Int32	48	static
../Micrium/Software/uC-LIB/lib_str.c:3834:21:Str_ParseNbr_Int32	64	static
